Archive member included because of file (symbol)

/home/baron/tools/sourcery/bin/../lib/gcc/arm-none-eabi/4.5.2/../../../../arm-none-eabi/lib/thumb2/libc.a(lib_a-errno.o)
                              FLASH_RUN/syscalls.o (__errno)
/home/baron/tools/sourcery/bin/../lib/gcc/arm-none-eabi/4.5.2/../../../../arm-none-eabi/lib/thumb2/libc.a(lib_a-impure.o)
                              /home/baron/tools/sourcery/bin/../lib/gcc/arm-none-eabi/4.5.2/../../../../arm-none-eabi/lib/thumb2/libc.a(lib_a-errno.o) (_impure_ptr)
/home/baron/tools/sourcery/bin/../lib/gcc/arm-none-eabi/4.5.2/../../../../arm-none-eabi/lib/thumb2/libc.a(lib_a-memcpy.o)
                              FLASH_RUN/queue.o (memcpy)
/home/baron/tools/sourcery/bin/../lib/gcc/arm-none-eabi/4.5.2/../../../../arm-none-eabi/lib/thumb2/libc.a(lib_a-memset.o)
                              FLASH_RUN/syscalls.o (memset)
/home/baron/tools/sourcery/bin/../lib/gcc/arm-none-eabi/4.5.2/../../../../arm-none-eabi/lib/thumb2/libc.a(lib_a-strlen.o)
                              FLASH_RUN/rs485.o (strlen)
/home/baron/tools/sourcery/bin/../lib/gcc/arm-none-eabi/4.5.2/../../../../arm-none-eabi/lib/thumb2/libc.a(lib_a-strncpy.o)
                              FLASH_RUN/tasks.o (strncpy)

Allocating common symbols
Common symbol       size              file

T2                  0x4               FLASH_RUN/rs485.o
HSEStartUpStatus    0x1               FLASH_RUN/hwinit.o
adcb                0xc               FLASH_RUN/adc.o
t1count             0x4               FLASH_RUN/main.o
t1oldval            0x4               FLASH_RUN/main.o
ADC_ACC             0xc               FLASH_RUN/adc.o
adca                0xc               FLASH_RUN/adc.o
t2count             0x4               FLASH_RUN/main.o
u1Fifo              0x84c             FLASH_RUN/uart.o
ADC_InitStructure   0x14              FLASH_RUN/adc.o
t1time              0x4               FLASH_RUN/main.o
T1                  0x4               FLASH_RUN/rs485.o
USART_InitStructure
                    0x10              FLASH_RUN/rs485.o
ADC1ConvertedValue  0x1800            FLASH_RUN/adc.o
DMA_InitStructure   0x2c              FLASH_RUN/adc.o
t2oldval            0x4               FLASH_RUN/main.o
t2time              0x4               FLASH_RUN/main.o

Discarded input sections

 .text          0x00000000        0x0 FLASH_RUN/core_cm3.o
 .data          0x00000000        0x0 FLASH_RUN/core_cm3.o
 .bss           0x00000000        0x0 FLASH_RUN/core_cm3.o
 .text.__get_PSP
                0x00000000       0x10 FLASH_RUN/core_cm3.o
 .text.__set_PSP
                0x00000000        0x8 FLASH_RUN/core_cm3.o
 .text.__get_MSP
                0x00000000       0x10 FLASH_RUN/core_cm3.o
 .text.__set_MSP
                0x00000000        0x8 FLASH_RUN/core_cm3.o
 .text.__get_BASEPRI
                0x00000000       0x20 FLASH_RUN/core_cm3.o
 .text.__set_BASEPRI
                0x00000000       0x18 FLASH_RUN/core_cm3.o
 .text.__get_PRIMASK
                0x00000000       0x20 FLASH_RUN/core_cm3.o
 .text.__set_PRIMASK
                0x00000000       0x18 FLASH_RUN/core_cm3.o
 .text.__get_FAULTMASK
                0x00000000       0x20 FLASH_RUN/core_cm3.o
 .text.__set_FAULTMASK
                0x00000000       0x18 FLASH_RUN/core_cm3.o
 .text.__REV    0x00000000       0x24 FLASH_RUN/core_cm3.o
 .text.__REV16  0x00000000       0x24 FLASH_RUN/core_cm3.o
 .text.__REVSH  0x00000000       0x24 FLASH_RUN/core_cm3.o
 .text.__RBIT   0x00000000       0x24 FLASH_RUN/core_cm3.o
 .text.__LDREXB
                0x00000000       0x24 FLASH_RUN/core_cm3.o
 .text.__LDREXH
                0x00000000       0x24 FLASH_RUN/core_cm3.o
 .text.__LDREXW
                0x00000000       0x24 FLASH_RUN/core_cm3.o
 .text.__STREXB
                0x00000000       0x2c FLASH_RUN/core_cm3.o
 .text.__STREXH
                0x00000000       0x2c FLASH_RUN/core_cm3.o
 .text.__STREXW
                0x00000000       0x28 FLASH_RUN/core_cm3.o
 .text.__get_CONTROL
                0x00000000       0x20 FLASH_RUN/core_cm3.o
 .text.__set_CONTROL
                0x00000000       0x18 FLASH_RUN/core_cm3.o
 .text          0x00000000        0x0 FLASH_RUN/startup_stm32f10x_md_mthomas.o
 .data          0x00000000        0x0 FLASH_RUN/startup_stm32f10x_md_mthomas.o
 .bss           0x00000000        0x0 FLASH_RUN/startup_stm32f10x_md_mthomas.o
 .text          0x00000000        0x0 FLASH_RUN/syscalls.o
 .data          0x00000000        0x0 FLASH_RUN/syscalls.o
 .bss           0x00000000        0x0 FLASH_RUN/syscalls.o
 .text._read_r  0x00000000       0x2c FLASH_RUN/syscalls.o
 .text._lseek_r
                0x00000000       0x20 FLASH_RUN/syscalls.o
 .text._write_r
                0x00000000       0x1c FLASH_RUN/syscalls.o
 .text._close_r
                0x00000000       0x1c FLASH_RUN/syscalls.o
 .text._sbrk_r  0x00000000       0x64 FLASH_RUN/syscalls.o
 .text._fstat_r
                0x00000000       0x34 FLASH_RUN/syscalls.o
 .text._isatty_r
[...]
Memory Configuration

Name             Origin             Length             Attributes
RAM              0x20000000         0x0000c000         xrw
EXTSRAM          0x68000000         0x00000000         xrw
FLASH            0x08000000         0x0003f800         xr
EEMUL            0x0803f800         0x00000800         xrw
FLASHB1          0x00000000         0x00000000         xr
EXTMEMB0         0x00000000         0x00000000         xr
EXTMEMB1         0x00000000         0x00000000         xr
EXTMEMB2         0x00000000         0x00000000         xr
EXTMEMB3         0x00000000         0x00000000         xr
*default*        0x00000000         0xffffffff

Linker script and memory map

LOAD FLASH_RUN/core_cm3.o
LOAD FLASH_RUN/startup_stm32f10x_md_mthomas.o
LOAD FLASH_RUN/syscalls.o
LOAD FLASH_RUN/hwinit.o
LOAD FLASH_RUN/tasks.o
LOAD FLASH_RUN/queue.o
LOAD FLASH_RUN/list.o
LOAD FLASH_RUN/port.o
LOAD FLASH_RUN/heap_2.o
LOAD FLASH_RUN/stm32f10x_adc.o
LOAD FLASH_RUN/stm32f10x_usart.o
LOAD FLASH_RUN/stm32f10x_flash.o
LOAD FLASH_RUN/stm32f10x_gpio.o
LOAD FLASH_RUN/stm32f10x_rcc.o
LOAD FLASH_RUN/stm32f10x_spi.o
LOAD FLASH_RUN/stm32f10x_rtc.o
LOAD FLASH_RUN/stm32f10x_bkp.o
LOAD FLASH_RUN/stm32f10x_pwr.o
LOAD FLASH_RUN/stm32f10x_dma.o
LOAD FLASH_RUN/stm32f10x_tim.o
LOAD FLASH_RUN/misc.o
LOAD FLASH_RUN/adc.o
LOAD FLASH_RUN/uart.o
LOAD FLASH_RUN/main.o
LOAD FLASH_RUN/logica.o
LOAD FLASH_RUN/rs485.o
LOAD /home/baron/tools/sourcery/bin/../lib/gcc/arm-none-eabi/4.5.2/../../../../arm-none-eabi/lib/thumb2/libc.a
LOAD /home/baron/tools/sourcery/bin/../lib/gcc/arm-none-eabi/4.5.2/../../../../arm-none-eabi/lib/thumb2/libm.a
LOAD /home/baron/tools/sourcery/bin/../lib/gcc/arm-none-eabi/4.5.2/../../../../arm-none-eabi/lib/thumb2/libc.a
LOAD /home/baron/tools/sourcery/bin/../lib/gcc/arm-none-eabi/4.5.2/thumb2/libgcc.a
START GROUP
LOAD /home/baron/tools/sourcery/bin/../lib/gcc/arm-none-eabi/4.5.2/thumb2/libgcc.a
LOAD /home/baron/tools/sourcery/bin/../lib/gcc/arm-none-eabi/4.5.2/../../../../arm-none-eabi/lib/thumb2/libc.a
END GROUP
                0x2000c000                _estack = 0x2000c000
                0x0803f800                _seemul = 0x803f800
                0x00000100                _Minimum_Stack_Size = 0x100
                0x00000001                ASSERT (0x1, Start of memory region flash not aligned for startup vector table)

.text           0x08000000     0x1c10
                0x08000000                . = ALIGN (0x80)
                0x00000000                _isr_vectorsflash_offs = (. - 0x8000000)
 *(.isr_vectorsflash)
 .isr_vectorsflash
                0x08000000        0x8 FLASH_RUN/startup_stm32f10x_md_mthomas.o
                0x08000000                g_pfnVectorsStartup
                0x08000008                . = ALIGN (0x4)
 *(.text)
 .text          0x08000008       0xb4 /home/baron/tools/sourcery/bin/../lib/gcc/arm-none-eabi/4.5.2/../../../../arm-none-eabi/lib/thumb2/libc.a(lib_a-memset.o)
                0x08000008                memset
 .text          0x080000bc       0x78 /home/baron/tools/sourcery/bin/../lib/gcc/arm-none-eabi/4.5.2/../../../../arm-none-eabi/lib/thumb2/libc.a(lib_a-strncpy.o)
                0x080000bc                strncpy
 *(.text.*)
 .text.Reset_Handler
                0x08000134       0x3c FLASH_RUN/startup_stm32f10x_md_mthomas.o
                0x08000134                Reset_Handler
 .text.__Init_Data
                0x08000170       0x74 FLASH_RUN/startup_stm32f10x_md_mthomas.o
                0x08000170                __Init_Data
 .text.Default_Handler
                0x080001e4        0x8 FLASH_RUN/startup_stm32f10x_md_mthomas.o
                0x080001e4                EXTI2_IRQHandler
                0x080001e4                DebugMon_Handler
                0x080001e4                TIM1_CC_IRQHandler
                0x080001e4                PVD_IRQHandler
                0x080001e4                EXTI3_IRQHandler
                0x080001e4                EXTI0_IRQHandler
                0x080001e4                I2C2_EV_IRQHandler
                0x080001e4                UsageFault_Handler
                0x080001e4                ADC1_2_IRQHandler
                0x080001e4                SPI1_IRQHandler
                0x080001e4                TAMPER_IRQHandler
                0x080001e4                USART3_IRQHandler
                0x080001e4                RTC_IRQHandler
                0x080001e4                DMA1_Channel7_IRQHandler
                0x080001e4                CAN1_RX1_IRQHandler
                0x080001e4                TIM4_IRQHandler
                0x080001e4                I2C1_EV_IRQHandler
                0x080001e4                DMA1_Channel6_IRQHandler
                0x080001e4                TIM3_IRQHandler
                0x080001e4                RCC_IRQHandler
                0x080001e4                TIM1_TRG_COM_IRQHandler
                0x080001e4                DMA1_Channel1_IRQHandler
                0x080001e4                Default_Handler
                0x080001e4                EXTI15_10_IRQHandler
                0x080001e4                EXTI9_5_IRQHandler
                0x080001e4                SPI2_IRQHandler
                0x080001e4                MemManage_Handler
                0x080001e4                DMA1_Channel5_IRQHandler
                0x080001e4                EXTI4_IRQHandler
                0x080001e4                USB_LP_CAN1_RX0_IRQHandler
                0x080001e4                USB_HP_CAN1_TX_IRQHandler
                0x080001e4                DMA1_Channel3_IRQHandler
                0x080001e4                TIM1_UP_IRQHandler
                0x080001e4                WWDG_IRQHandler
                0x080001e4                TIM2_IRQHandler
                0x080001e4                TIM1_BRK_IRQHandler
                0x080001e4                EXTI1_IRQHandler
                0x080001e4                RTCAlarm_IRQHandler
                0x080001e4                USART2_IRQHandler
                0x080001e4                I2C2_ER_IRQHandler
                0x080001e4                DMA1_Channel2_IRQHandler
                0x080001e4                CAN1_SCE_IRQHandler
                0x080001e4                FLASH_IRQHandler
                0x080001e4                BusFault_Handler
                0x080001e4                I2C1_ER_IRQHandler
                0x080001e4                MMI_Handler
                0x080001e4                USBWakeUp_IRQHandler
 .text.RCC_Configuration
                0x080001ec       0xc0 FLASH_RUN/hwinit.o
                0x080001ec                RCC_Configuration
 .text.NVIC_Configuration
                0x080002ac       0x1c FLASH_RUN/hwinit.o
                0x080002ac                NVIC_Configuration
 .text.hwInit   0x080002c8       0x18 FLASH_RUN/hwinit.o
                0x080002c8                hwInit
 .text.xTaskGenericCreate
                0x080002e0      0x178 FLASH_RUN/tasks.o
                0x080002e0                xTaskGenericCreate
 .text.vTaskDelay
                0x08000458       0xa8 FLASH_RUN/tasks.o
                0x08000458                vTaskDelay
 .text.vTaskStartScheduler
                0x08000500       0x74 FLASH_RUN/tasks.o
                0x08000500                vTaskStartScheduler
 .text.vTaskSuspendAll
                0x08000574       0x1c FLASH_RUN/tasks.o
                0x08000574                vTaskSuspendAll
 .text.xTaskResumeAll
                0x08000590      0x134 FLASH_RUN/tasks.o
                0x08000590                xTaskResumeAll
 .text.vTaskIncrementTick
                0x080006c4      0x108 FLASH_RUN/tasks.o
                0x080006c4                vTaskIncrementTick
 .text.vTaskSwitchContext
                0x080007cc       0xa8 FLASH_RUN/tasks.o
                0x080007cc                vTaskSwitchContext
 .text.prvIdleTask
                0x08000874       0x2c FLASH_RUN/tasks.o
 .text.prvInitialiseTCBVariables
                0x080008a0       0x84 FLASH_RUN/tasks.o
 .text.prvInitialiseTaskLists
                0x08000924       0x8c FLASH_RUN/tasks.o
 .text.prvCheckTasksWaitingTermination
                0x080009b0       0xa4 FLASH_RUN/tasks.o
 .text.prvAllocateTCBAndStack
                0x08000a54       0x78 FLASH_RUN/tasks.o
 .text.prvDeleteTCB
                0x08000acc       0x24 FLASH_RUN/tasks.o
 .text.vListInitialise
                0x08000af0       0x48 FLASH_RUN/list.o
                0x08000af0                vListInitialise
 .text.vListInitialiseItem
                0x08000b38       0x1c FLASH_RUN/list.o
                0x08000b38                vListInitialiseItem
 .text.vListInsertEnd
                0x08000b54       0x50 FLASH_RUN/list.o
                0x08000b54                vListInsertEnd
 .text.vListInsert
                0x08000ba4       0x74 FLASH_RUN/list.o
                0x08000ba4                vListInsert
 .text.vListRemove
                0x08000c18       0x54 FLASH_RUN/list.o
                0x08000c18                vListRemove
 .text.pxPortInitialiseStack
                0x08000c6c       0x60 FLASH_RUN/port.o
                0x08000c6c                pxPortInitialiseStack
 .text.vPortSVCHandler
                0x08000ccc       0x20 FLASH_RUN/port.o
                0x08000ccc                vPortSVCHandler
 .text.vPortStartFirstTask
                0x08000cec       0x10 FLASH_RUN/port.o
                0x08000cec                vPortStartFirstTask
 .text.xPortStartScheduler
                0x08000cfc       0x44 FLASH_RUN/port.o
                0x08000cfc                xPortStartScheduler
 .text.vPortYieldFromISR
                0x08000d40       0x18 FLASH_RUN/port.o
                0x08000d40                vPortYieldFromISR
 .text.vPortEnterCritical
                0x08000d58       0x24 FLASH_RUN/port.o
                0x08000d58                vPortEnterCritical
 .text.vPortExitCritical
                0x08000d7c       0x2c FLASH_RUN/port.o
                0x08000d7c                vPortExitCritical
 .text.xPortPendSVHandler
                0x08000da8       0x3c FLASH_RUN/port.o
                0x08000da8                xPortPendSVHandler
 .text.xPortSysTickHandler
                0x08000de4       0x38 FLASH_RUN/port.o
                0x08000de4                xPortSysTickHandler
 .text.prvSetupTimerInterrupt
                0x08000e1c       0x24 FLASH_RUN/port.o
 .text.pvPortMalloc
                0x08000e40      0x16c FLASH_RUN/heap_2.o
                0x08000e40                pvPortMalloc
 .text.vPortFree
                0x08000fac       0x84 FLASH_RUN/heap_2.o
                0x08000fac                vPortFree
 .text.FLASH_SetLatency
                0x08001030       0x3c FLASH_RUN/stm32f10x_flash.o
                0x08001030                FLASH_SetLatency
 .text.FLASH_PrefetchBufferCmd
                0x0800106c       0x30 FLASH_RUN/stm32f10x_flash.o
                0x0800106c                FLASH_PrefetchBufferCmd
 .text.GPIO_Init
                0x0800109c      0x1c0 FLASH_RUN/stm32f10x_gpio.o
                0x0800109c                GPIO_Init
 .text.GPIO_SetBits
                0x0800125c       0x1c FLASH_RUN/stm32f10x_gpio.o
                0x0800125c                GPIO_SetBits
 .text.GPIO_ResetBits
                0x08001278       0x1c FLASH_RUN/stm32f10x_gpio.o
                0x08001278                GPIO_ResetBits
 .text.RCC_DeInit
                0x08001294       0x5c FLASH_RUN/stm32f10x_rcc.o
                0x08001294                RCC_DeInit
 .text.RCC_HSEConfig
                0x080012f0       0x5c FLASH_RUN/stm32f10x_rcc.o
                0x080012f0                RCC_HSEConfig
 .text.RCC_WaitForHSEStartUp
                0x0800134c       0x68 FLASH_RUN/stm32f10x_rcc.o
                0x0800134c                RCC_WaitForHSEStartUp
 .text.RCC_PLLConfig
                0x080013b4       0x44 FLASH_RUN/stm32f10x_rcc.o
                0x080013b4                RCC_PLLConfig
 .text.RCC_PLLCmd
                0x080013f8       0x20 FLASH_RUN/stm32f10x_rcc.o
                0x080013f8                RCC_PLLCmd
 .text.RCC_SYSCLKConfig
                0x08001418       0x3c FLASH_RUN/stm32f10x_rcc.o
                0x08001418                RCC_SYSCLKConfig
 .text.RCC_GetSYSCLKSource
                0x08001454       0x1c FLASH_RUN/stm32f10x_rcc.o
                0x08001454                RCC_GetSYSCLKSource
 .text.RCC_HCLKConfig
                0x08001470       0x3c FLASH_RUN/stm32f10x_rcc.o
                0x08001470                RCC_HCLKConfig
 .text.RCC_PCLK1Config
                0x080014ac       0x3c FLASH_RUN/stm32f10x_rcc.o
                0x080014ac                RCC_PCLK1Config
 .text.RCC_PCLK2Config
                0x080014e8       0x40 FLASH_RUN/stm32f10x_rcc.o
                0x080014e8                RCC_PCLK2Config
 .text.RCC_APB2PeriphClockCmd
                0x08001528       0x44 FLASH_RUN/stm32f10x_rcc.o
                0x08001528                RCC_APB2PeriphClockCmd
 .text.RCC_GetFlagStatus
                0x0800156c       0x84 FLASH_RUN/stm32f10x_rcc.o
                0x0800156c                RCC_GetFlagStatus
 .text.DMA_DeInit
                0x080015f0      0x17c FLASH_RUN/stm32f10x_dma.o
                0x080015f0                DMA_DeInit
 .text.DMA_Init
                0x0800176c       0x84 FLASH_RUN/stm32f10x_dma.o
                0x0800176c                DMA_Init
 .text.DMA_Cmd  0x080017f0       0x38 FLASH_RUN/stm32f10x_dma.o
                0x080017f0                DMA_Cmd
 .text.DMA_ITConfig
                0x08001828       0x3c FLASH_RUN/stm32f10x_dma.o
                0x08001828                DMA_ITConfig
 .text.DMA_ClearFlag
                0x08001864       0x34 FLASH_RUN/stm32f10x_dma.o
                0x08001864                DMA_ClearFlag
 .text.NVIC_SetVectorTable
                0x08001898       0x2c FLASH_RUN/misc.o
                0x08001898                NVIC_SetVectorTable
 .text.NVIC_EnableIRQ
                0x080018c4       0x34 FLASH_RUN/uart.o
 .text.NVIC_SetPriority
                0x080018f8       0x58 FLASH_RUN/uart.o
 .text.uartTxDMAConfiguration
                0x08001950       0xb0 FLASH_RUN/uart.o
                0x08001950                uartTxDMAConfiguration
 .text.uart1TxTask
                0x08001a00       0x9c FLASH_RUN/uart.o
                0x08001a00                uart1TxTask
 .text.DMA1_Channel4_IRQHandler
                0x08001a9c       0x2c FLASH_RUN/uart.o
                0x08001a9c                DMA1_Channel4_IRQHandler
 .text.USART1_IRQHandler
                0x08001ac8        0xc FLASH_RUN/uart.o
                0x08001ac8                USART1_IRQHandler
 .text.main     0x08001ad4       0x58 FLASH_RUN/main.o
                0x08001ad4                main
 .text.vApplicationTickHook
                0x08001b2c        0xc FLASH_RUN/main.o
                0x08001b2c                vApplicationTickHook
 .text.GPIO_Configuration
                0x08001b38       0x8c FLASH_RUN/main.o
                0x08001b38                GPIO_Configuration
 .text.vLogicaTask
                0x08001bc4       0x38 FLASH_RUN/logica.o
                0x08001bc4                vLogicaTask
 *(.stub .gnu.linkonce.t.*)
 *(.rodata .rodata.* .gnu.linkonce.r.*)
 .rodata        0x08001bfc        0x8 FLASH_RUN/tasks.o
 .rodata.heapSTRUCT_SIZE
                0x08001c04        0x2 FLASH_RUN/heap_2.o
 *fill*         0x08001c06        0x2 00
 .rodata        0x08001c08        0x8 FLASH_RUN/main.o
 *(.glue_7 .glue_7t)
 .glue_7        0x00000000        0x0 linker stubs
 .glue_7t       0x00000000        0x0 linker stubs
                0x08001c10                . = ALIGN (0x4)
                0x08001c10                _etext = .
                0x08001c10                _sidata = _etext

.vfp11_veneer   0x08001c10        0x0
 .vfp11_veneer  0x00000000        0x0 linker stubs

.v4_bx          0x08001c10        0x0
 .v4_bx         0x00000000        0x0 linker stubs

.data           0x20000000      0x110 load address 0x08001c10
                0x20000000                . = .
                0x20000000                . = ALIGN (0x4)
                0x20000000                _sdata = .
                0x20000000                . = ALIGN (0x80)
                0x00000000                _isr_vectorsram_offs = (. - 0x20000000)
 *(.isr_vectorsram)
 .isr_vectorsram
                0x20000000      0x10c FLASH_RUN/startup_stm32f10x_md_mthomas.o
                0x20000000                g_pfnVectors
                0x2000010c                . = ALIGN (0x4)
 *(.ramfunc*)
                0x2000010c                . = ALIGN (0x4)
 *(.data .data.* .gnu.linkonce.d.*)
 .data.uxCriticalNesting
                0x2000010c        0x4 FLASH_RUN/port.o
                0x20000110                . = ALIGN (0x4)
                0x20000110                _edata = .

.bss            0x20000110     0x31d0 load address 0x08001d20
                0x20000110                . = ALIGN (0x4)
                0x20000110                _sbss = .
 *(.bss .bss.*)
 .bss.pxCurrentTCB
                0x20000110        0x4 FLASH_RUN/tasks.o
                0x20000110                pxCurrentTCB
 .bss.pxReadyTasksLists
                0x20000114       0xc8 FLASH_RUN/tasks.o
 .bss.xDelayedTaskList1
                0x200001dc       0x14 FLASH_RUN/tasks.o
 .bss.xDelayedTaskList2
                0x200001f0       0x14 FLASH_RUN/tasks.o
 .bss.pxDelayedTaskList
                0x20000204        0x4 FLASH_RUN/tasks.o
 .bss.pxOverflowDelayedTaskList
                0x20000208        0x4 FLASH_RUN/tasks.o
 .bss.xPendingReadyList
                0x2000020c       0x14 FLASH_RUN/tasks.o
 .bss.xTasksWaitingTermination
                0x20000220       0x14 FLASH_RUN/tasks.o
 .bss.uxTasksDeleted
                0x20000234        0x4 FLASH_RUN/tasks.o
 .bss.xSuspendedTaskList
                0x20000238       0x14 FLASH_RUN/tasks.o
 .bss.uxCurrentNumberOfTasks
                0x2000024c        0x4 FLASH_RUN/tasks.o
 .bss.xTickCount
                0x20000250        0x4 FLASH_RUN/tasks.o
 .bss.uxTopUsedPriority
                0x20000254        0x4 FLASH_RUN/tasks.o
 .bss.uxTopReadyPriority
                0x20000258        0x4 FLASH_RUN/tasks.o
 .bss.xSchedulerRunning
                0x2000025c        0x4 FLASH_RUN/tasks.o
 .bss.uxSchedulerSuspended
                0x20000260        0x4 FLASH_RUN/tasks.o
 .bss.uxMissedTicks
                0x20000264        0x4 FLASH_RUN/tasks.o
 .bss.xMissedYield
                0x20000268        0x4 FLASH_RUN/tasks.o
 .bss.xNumOfOverflows
                0x2000026c        0x4 FLASH_RUN/tasks.o
 .bss.uxTaskNumber
                0x20000270        0x4 FLASH_RUN/tasks.o
 *fill*         0x20000274        0x4 00
 .bss.xHeap     0x20000278     0x2800 FLASH_RUN/heap_2.o
 .bss.xStart    0x20002a78        0x8 FLASH_RUN/heap_2.o
 .bss.xEnd      0x20002a80        0x8 FLASH_RUN/heap_2.o
 .bss.xFreeBytesRemaining
                0x20002a88        0x4 FLASH_RUN/heap_2.o
 .bss.xHeapHasBeenInitialised.6948
                0x20002a8c        0x4 FLASH_RUN/heap_2.o
 *(COMMON)
 COMMON         0x20002a90        0x1 FLASH_RUN/hwinit.o
                0x20002a90                HSEStartUpStatus
 *fill*         0x20002a91        0x3 00
 COMMON         0x20002a94      0x84c FLASH_RUN/uart.o
                0x20002a94                u1Fifo
                0x200032e0                . = ALIGN (0x4)
                0x200032e0                _ebss = .
                0x200032e0                PROVIDE (end, _ebss)
                0x200032e0                PROVIDE (_end, _ebss)

._usrstack      0x200032e0      0x100
                0x200032e0                . = ALIGN (0x4)
                0x200032e0                _susrstack = .
                0x200033e0                . = (. + _Minimum_Stack_Size)
 *fill*         0x200032e0      0x100 00
                0x200033e0                . = ALIGN (0x4)
                0x200033e0                _eusrstack = .

.b1text
 *(.b1text)
 *(.b1rodata)
 *(.b1rodata*)

.eb0text
 *(.eb0text)
 *(.eb0rodata)
 *(.eb0rodata*)

.eb1text
 *(.eb1text)
 *(.eb1rodata)
 *(.eb1rodata*)

.eb2text
 *(.eb2text)
 *(.eb2rodata)
 *(.eb2rodata*)

.eb3text
 *(.eb3text)
 *(.eb3rodata)
 *(.eb3rodata*)

.stab
 *(.stab)

.stabstr
 *(.stabstr)

.stab.excl
 *(.stab.excl)

.stab.exclstr
 *(.stab.exclstr)

.stab.index
 *(.stab.index)

.stab.indexstr
 *(.stab.indexstr)

.comment        0x00000000       0x2a
 *(.comment)
 .comment       0x00000000       0x2a FLASH_RUN/core_cm3.o
                                 0x2b (size before relaxing)
 .comment       0x00000000       0x2b FLASH_RUN/startup_stm32f10x_md_mthomas.o
 .comment       0x00000000       0x2b FLASH_RUN/syscalls.o
 .comment       0x00000000       0x2b FLASH_RUN/hwinit.o
 .comment       0x00000000       0x2b FLASH_RUN/tasks.o
 .comment       0x00000000       0x2b FLASH_RUN/queue.o
 .comment       0x00000000       0x2b FLASH_RUN/list.o
 .comment       0x00000000       0x2b FLASH_RUN/port.o
 .comment       0x00000000       0x2b FLASH_RUN/heap_2.o
 .comment       0x00000000       0x2b FLASH_RUN/stm32f10x_adc.o
 .comment       0x00000000       0x2b FLASH_RUN/stm32f10x_usart.o
 .comment       0x00000000       0x2b FLASH_RUN/stm32f10x_flash.o
 .comment       0x00000000       0x2b FLASH_RUN/stm32f10x_gpio.o
 .comment       0x00000000       0x2b FLASH_RUN/stm32f10x_rcc.o
 .comment       0x00000000       0x2b FLASH_RUN/stm32f10x_spi.o
 .comment       0x00000000       0x2b FLASH_RUN/stm32f10x_rtc.o
 .comment       0x00000000       0x2b FLASH_RUN/stm32f10x_bkp.o
 .comment       0x00000000       0x2b FLASH_RUN/stm32f10x_pwr.o
 .comment       0x00000000       0x2b FLASH_RUN/stm32f10x_dma.o
 .comment       0x00000000       0x2b FLASH_RUN/stm32f10x_tim.o
 .comment       0x00000000       0x2b FLASH_RUN/misc.o
 .comment       0x00000000       0x2b FLASH_RUN/adc.o
 .comment       0x00000000       0x2b FLASH_RUN/uart.o
 .comment       0x00000000       0x2b FLASH_RUN/main.o
 .comment       0x00000000       0x2b FLASH_RUN/logica.o
 .comment       0x00000000       0x2b FLASH_RUN/rs485.o

.debug
 *(.debug)

.line
 *(.line)

.debug_srcinfo
 *(.debug_srcinfo)

.debug_sfnames
 *(.debug_sfnames)

.debug_aranges  0x00000000     0x1018
 *(.debug_aranges)
 .debug_aranges
                0x00000000       0xc8 FLASH_RUN/core_cm3.o
 .debug_aranges
                0x000000c8       0x30 FLASH_RUN/startup_stm32f10x_md_mthomas.o
 .debug_aranges
                0x000000f8       0x58 FLASH_RUN/syscalls.o
 .debug_aranges
                0x00000150       0x30 FLASH_RUN/hwinit.o
 .debug_aranges
                0x00000180      0x118 FLASH_RUN/tasks.o
 .debug_aranges
                0x00000298       0x98 FLASH_RUN/queue.o
 .debug_aranges
                0x00000330       0x40 FLASH_RUN/list.o
 .debug_aranges
                0x00000370       0x70 FLASH_RUN/port.o
 .debug_aranges
                0x000003e0       0x38 FLASH_RUN/heap_2.o
 .debug_aranges
                0x00000418      0x138 FLASH_RUN/stm32f10x_adc.o
 .debug_aranges
                0x00000550       0xf0 FLASH_RUN/stm32f10x_usart.o
 .debug_aranges
                0x00000640       0xd8 FLASH_RUN/stm32f10x_flash.o
 .debug_aranges
                0x00000718       0xa8 FLASH_RUN/stm32f10x_gpio.o
 .debug_aranges
                0x000007c0      0x118 FLASH_RUN/stm32f10x_rcc.o
 .debug_aranges
                0x000008d8       0xd0 FLASH_RUN/stm32f10x_spi.o
 .debug_aranges
                0x000009a8       0x88 FLASH_RUN/stm32f10x_rtc.o
 .debug_aranges
                0x00000a30       0x78 FLASH_RUN/stm32f10x_bkp.o
 .debug_aranges
                0x00000aa8       0x70 FLASH_RUN/stm32f10x_pwr.o
 .debug_aranges
                0x00000b18       0x68 FLASH_RUN/stm32f10x_dma.o
 .debug_aranges
                0x00000b80      0x2f0 FLASH_RUN/stm32f10x_tim.o
 .debug_aranges
                0x00000e70       0x40 FLASH_RUN/misc.o
 .debug_aranges
                0x00000eb0       0x48 FLASH_RUN/adc.o
 .debug_aranges
                0x00000ef8       0x90 FLASH_RUN/uart.o
 .debug_aranges
                0x00000f88       0x40 FLASH_RUN/main.o
 .debug_aranges
                0x00000fc8       0x20 FLASH_RUN/logica.o
 .debug_aranges
                0x00000fe8       0x30 FLASH_RUN/rs485.o

.debug_pubnames
                0x00000000     0x26d8
 *(.debug_pubnames)
 .debug_pubnames
                0x00000000      0x159 FLASH_RUN/core_cm3.o
 .debug_pubnames
                0x00000159       0x71 FLASH_RUN/startup_stm32f10x_md_mthomas.o
 .debug_pubnames
                0x000001ca       0x85 FLASH_RUN/syscalls.o
 .debug_pubnames
                0x0000024f       0x5f FLASH_RUN/hwinit.o
 .debug_pubnames
                0x000002ae      0x26e FLASH_RUN/tasks.o
 .debug_pubnames
                0x0000051c      0x127 FLASH_RUN/queue.o
 .debug_pubnames
                0x00000643       0x71 FLASH_RUN/list.o
 .debug_pubnames
                0x000006b4      0x10d FLASH_RUN/port.o
 .debug_pubnames
                0x000007c1       0x64 FLASH_RUN/heap_2.o
 .debug_pubnames
                0x00000825      0x401 FLASH_RUN/stm32f10x_adc.o
 .debug_pubnames
                0x00000c26      0x25f FLASH_RUN/stm32f10x_usart.o
 .debug_pubnames
                0x00000e85      0x26e FLASH_RUN/stm32f10x_flash.o
 .debug_pubnames
                0x000010f3      0x19d FLASH_RUN/stm32f10x_gpio.o
 .debug_pubnames
                0x00001290      0x2c4 FLASH_RUN/stm32f10x_rcc.o
 .debug_pubnames
                0x00001554      0x1f6 FLASH_RUN/stm32f10x_spi.o
 .debug_pubnames
                0x0000174a      0x136 FLASH_RUN/stm32f10x_rtc.o
 .debug_pubnames
                0x00001880      0x128 FLASH_RUN/stm32f10x_bkp.o
 .debug_pubnames
                0x000019a8       0xcb FLASH_RUN/stm32f10x_pwr.o
 .debug_pubnames
                0x00001a73       0xcf FLASH_RUN/stm32f10x_dma.o
 .debug_pubnames
                0x00001b42      0x7b0 FLASH_RUN/stm32f10x_tim.o
 .debug_pubnames
                0x000022f2       0x89 FLASH_RUN/misc.o
 .debug_pubnames
                0x0000237b       0xe5 FLASH_RUN/adc.o
 .debug_pubnames
                0x00002460      0x127 FLASH_RUN/uart.o
 .debug_pubnames
                0x00002587       0xce FLASH_RUN/main.o
 .debug_pubnames
                0x00002655       0x22 FLASH_RUN/logica.o
 .debug_pubnames
                0x00002677       0x61 FLASH_RUN/rs485.o

.debug_info     0x00000000     0xb889
 *(.debug_info .gnu.linkonce.wi.*)
 .debug_info    0x00000000      0x54c FLASH_RUN/core_cm3.o
 .debug_info    0x0000054c      0x1b5 FLASH_RUN/startup_stm32f10x_md_mthomas.o
 .debug_info    0x00000701      0xca9 FLASH_RUN/syscalls.o
 .debug_info    0x000013aa      0x14b FLASH_RUN/hwinit.o
 .debug_info    0x000014f5      0xd18 FLASH_RUN/tasks.o
 .debug_info    0x0000220d      0x751 FLASH_RUN/queue.o
 .debug_info    0x0000295e      0x2aa FLASH_RUN/list.o
 .debug_info    0x00002c08      0x1f6 FLASH_RUN/port.o
 .debug_info    0x00002dfe      0x2b7 FLASH_RUN/heap_2.o
 .debug_info    0x000030b5      0xbed FLASH_RUN/stm32f10x_adc.o
 .debug_info    0x00003ca2      0x9cd FLASH_RUN/stm32f10x_usart.o
 .debug_info    0x0000466f      0x73f FLASH_RUN/stm32f10x_flash.o
 .debug_info    0x00004dae      0x6d9 FLASH_RUN/stm32f10x_gpio.o
 .debug_info    0x00005487      0x8e4 FLASH_RUN/stm32f10x_rcc.o
 .debug_info    0x00005d6b      0x950 FLASH_RUN/stm32f10x_spi.o
 .debug_info    0x000066bb      0x43e FLASH_RUN/stm32f10x_rtc.o
 .debug_info    0x00006af9      0x85c FLASH_RUN/stm32f10x_bkp.o
 .debug_info    0x00007355      0x2a9 FLASH_RUN/stm32f10x_pwr.o
 .debug_info    0x000075fe      0x448 FLASH_RUN/stm32f10x_dma.o
 .debug_info    0x00007a46     0x1de9 FLASH_RUN/stm32f10x_tim.o
 .debug_info    0x0000982f      0x51f FLASH_RUN/misc.o
 .debug_info    0x00009d4e      0x690 FLASH_RUN/adc.o
 .debug_info    0x0000a3de      0xcff FLASH_RUN/uart.o
 .debug_info    0x0000b0dd      0x2ef FLASH_RUN/main.o
 .debug_info    0x0000b3cc      0x135 FLASH_RUN/logica.o
 .debug_info    0x0000b501      0x388 FLASH_RUN/rs485.o

.debug_abbrev   0x00000000     0x218c
 *(.debug_abbrev)
 .debug_abbrev  0x00000000       0xd5 FLASH_RUN/core_cm3.o
 .debug_abbrev  0x000000d5       0xe1 FLASH_RUN/startup_stm32f10x_md_mthomas.o
 .debug_abbrev  0x000001b6      0x19d FLASH_RUN/syscalls.o
 .debug_abbrev  0x00000353       0xaf FLASH_RUN/hwinit.o
 .debug_abbrev  0x00000402      0x193 FLASH_RUN/tasks.o
 .debug_abbrev  0x00000595      0x142 FLASH_RUN/queue.o
 .debug_abbrev  0x000006d7       0xb8 FLASH_RUN/list.o
 .debug_abbrev  0x0000078f      0x113 FLASH_RUN/port.o
 .debug_abbrev  0x000008a2      0x15e FLASH_RUN/heap_2.o
 .debug_abbrev  0x00000a00      0x17a FLASH_RUN/stm32f10x_adc.o
 .debug_abbrev  0x00000b7a      0x154 FLASH_RUN/stm32f10x_usart.o
 .debug_abbrev  0x00000cce      0x18e FLASH_RUN/stm32f10x_flash.o
 .debug_abbrev  0x00000e5c      0x19d FLASH_RUN/stm32f10x_gpio.o
 .debug_abbrev  0x00000ff9      0x182 FLASH_RUN/stm32f10x_rcc.o
 .debug_abbrev  0x0000117b      0x163 FLASH_RUN/stm32f10x_spi.o
 .debug_abbrev  0x000012de      0x16c FLASH_RUN/stm32f10x_rtc.o
 .debug_abbrev  0x0000144a      0x147 FLASH_RUN/stm32f10x_bkp.o
 .debug_abbrev  0x00001591      0x12f FLASH_RUN/stm32f10x_pwr.o
 .debug_abbrev  0x000016c0      0x154 FLASH_RUN/stm32f10x_dma.o
 .debug_abbrev  0x00001814      0x167 FLASH_RUN/stm32f10x_tim.o
 .debug_abbrev  0x0000197b      0x110 FLASH_RUN/misc.o
 .debug_abbrev  0x00001a8b      0x17d FLASH_RUN/adc.o
 .debug_abbrev  0x00001c08      0x24d FLASH_RUN/uart.o
 .debug_abbrev  0x00001e55      0x139 FLASH_RUN/main.o
 .debug_abbrev  0x00001f8e       0xa3 FLASH_RUN/logica.o
 .debug_abbrev  0x00002031      0x15b FLASH_RUN/rs485.o

.debug_line     0x00000000     0x4718
 *(.debug_line)
 .debug_line    0x00000000      0x26a FLASH_RUN/core_cm3.o
 .debug_line    0x0000026a       0xae FLASH_RUN/startup_stm32f10x_md_mthomas.o
 .debug_line    0x00000318      0x1c7 FLASH_RUN/syscalls.o
 .debug_line    0x000004df      0x12c FLASH_RUN/hwinit.o
 .debug_line    0x0000060b      0x617 FLASH_RUN/tasks.o
 .debug_line    0x00000c22      0x31e FLASH_RUN/queue.o
 .debug_line    0x00000f40      0x10d FLASH_RUN/list.o
 .debug_line    0x0000104d      0x159 FLASH_RUN/port.o
 .debug_line    0x000011a6      0x142 FLASH_RUN/heap_2.o
 .debug_line    0x000012e8      0x480 FLASH_RUN/stm32f10x_adc.o
 .debug_line    0x00001768      0x3c9 FLASH_RUN/stm32f10x_usart.o
 .debug_line    0x00001b31      0x3ce FLASH_RUN/stm32f10x_flash.o
 .debug_line    0x00001eff      0x307 FLASH_RUN/stm32f10x_gpio.o
 .debug_line    0x00002206      0x41f FLASH_RUN/stm32f10x_rcc.o
 .debug_line    0x00002625      0x37f FLASH_RUN/stm32f10x_spi.o
 .debug_line    0x000029a4      0x22c FLASH_RUN/stm32f10x_rtc.o
 .debug_line    0x00002bd0      0x1e8 FLASH_RUN/stm32f10x_bkp.o
 .debug_line    0x00002db8      0x1f9 FLASH_RUN/stm32f10x_pwr.o
 .debug_line    0x00002fb1      0x24e FLASH_RUN/stm32f10x_dma.o
 .debug_line    0x000031ff      0x98b FLASH_RUN/stm32f10x_tim.o
 .debug_line    0x00003b8a      0x1af FLASH_RUN/misc.o
 .debug_line    0x00003d39      0x225 FLASH_RUN/adc.o
 .debug_line    0x00003f5e      0x35d FLASH_RUN/uart.o
 .debug_line    0x000042bb      0x19e FLASH_RUN/main.o
 .debug_line    0x00004459       0xf5 FLASH_RUN/logica.o
 .debug_line    0x0000454e      0x1ca FLASH_RUN/rs485.o

.debug_frame    0x00000000     0x33b8
 *(.debug_frame)
 .debug_frame   0x00000000      0x280 FLASH_RUN/core_cm3.o
 .debug_frame   0x00000280       0x70 FLASH_RUN/startup_stm32f10x_md_mthomas.o
 .debug_frame   0x000002f0       0xfc FLASH_RUN/syscalls.o
 .debug_frame   0x000003ec       0x64 FLASH_RUN/hwinit.o
 .debug_frame   0x00000450      0x400 FLASH_RUN/tasks.o
 .debug_frame   0x00000850      0x208 FLASH_RUN/queue.o
 .debug_frame   0x00000a58       0x9c FLASH_RUN/list.o
 .debug_frame   0x00000af4      0x124 FLASH_RUN/port.o
 .debug_frame   0x00000c18       0x88 FLASH_RUN/heap_2.o
 .debug_frame   0x00000ca0      0x404 FLASH_RUN/stm32f10x_adc.o
 .debug_frame   0x000010a4      0x30c FLASH_RUN/stm32f10x_usart.o
 .debug_frame   0x000013b0      0x2d8 FLASH_RUN/stm32f10x_flash.o
 .debug_frame   0x00001688      0x210 FLASH_RUN/stm32f10x_gpio.o
 .debug_frame   0x00001898      0x394 FLASH_RUN/stm32f10x_rcc.o
 .debug_frame   0x00001c2c      0x29c FLASH_RUN/stm32f10x_spi.o
 .debug_frame   0x00001ec8      0x1a4 FLASH_RUN/stm32f10x_rtc.o
 .debug_frame   0x0000206c      0x160 FLASH_RUN/stm32f10x_bkp.o
 .debug_frame   0x000021cc      0x148 FLASH_RUN/stm32f10x_pwr.o
 .debug_frame   0x00002314      0x128 FLASH_RUN/stm32f10x_dma.o
 .debug_frame   0x0000243c      0xa34 FLASH_RUN/stm32f10x_tim.o
 .debug_frame   0x00002e70       0x9c FLASH_RUN/misc.o
 .debug_frame   0x00002f0c       0xc8 FLASH_RUN/adc.o
 .debug_frame   0x00002fd4      0x1e4 FLASH_RUN/uart.o
 .debug_frame   0x000031b8       0xa8 FLASH_RUN/main.o
 .debug_frame   0x00003260       0x20 FLASH_RUN/logica.o
 .debug_frame   0x00003280       0x70 FLASH_RUN/rs485.o
 .debug_frame   0x000032f0       0x20 /home/baron/tools/sourcery/bin/../lib/gcc/arm-none-eabi/4.5.2/../../../../arm-none-eabi/lib/thumb2/libc.a(lib_a-errno.o)
 .debug_frame   0x00003310       0x30 /home/baron/tools/sourcery/bin/../lib/gcc/arm-none-eabi/4.5.2/../../../../arm-none-eabi/lib/thumb2/libc.a(lib_a-memcpy.o)
 .debug_frame   0x00003340       0x2c /home/baron/tools/sourcery/bin/../lib/gcc/arm-none-eabi/4.5.2/../../../../arm-none-eabi/lib/thumb2/libc.a(lib_a-memset.o)
 .debug_frame   0x0000336c       0x20 /home/baron/tools/sourcery/bin/../lib/gcc/arm-none-eabi/4.5.2/../../../../arm-none-eabi/lib/thumb2/libc.a(lib_a-strlen.o)
 .debug_frame   0x0000338c       0x2c /home/baron/tools/sourcery/bin/../lib/gcc/arm-none-eabi/4.5.2/../../../../arm-none-eabi/lib/thumb2/libc.a(lib_a-strncpy.o)

.debug_str      0x00000000     0x4966
 *(.debug_str)
 .debug_str     0x00000000      0x1ff FLASH_RUN/core_cm3.o
                                0x250 (size before relaxing)
 .debug_str     0x000001ff       0xbf FLASH_RUN/startup_stm32f10x_md_mthomas.o
                                0x119 (size before relaxing)
 .debug_str     0x000002be      0x4ee FLASH_RUN/syscalls.o
                                0x5f4 (size before relaxing)
 .debug_str     0x000007ac       0x86 FLASH_RUN/hwinit.o
                                0x16e (size before relaxing)
 .debug_str     0x00000832      0x72b FLASH_RUN/tasks.o
                                0x810 (size before relaxing)
 .debug_str     0x00000f5d      0x2cf FLASH_RUN/queue.o
                                0x495 (size before relaxing)
 .debug_str     0x0000122c       0xa9 FLASH_RUN/list.o
                                0x20b (size before relaxing)
 .debug_str     0x000012d5      0x132 FLASH_RUN/port.o
                                0x224 (size before relaxing)
 .debug_str     0x00001407      0x160 FLASH_RUN/heap_2.o
                                0x236 (size before relaxing)
 .debug_str     0x00001567      0x565 FLASH_RUN/stm32f10x_adc.o
                                0x67c (size before relaxing)
 .debug_str     0x00001acc      0x4a6 FLASH_RUN/stm32f10x_usart.o
                                0x5e4 (size before relaxing)
 .debug_str     0x00001f72      0x3bc FLASH_RUN/stm32f10x_flash.o
                                0x4f8 (size before relaxing)
 .debug_str     0x0000232e      0x378 FLASH_RUN/stm32f10x_gpio.o
                                0x48a (size before relaxing)
 .debug_str     0x000026a6      0x3d2 FLASH_RUN/stm32f10x_rcc.o
                                0x59b (size before relaxing)
 .debug_str     0x00002a78      0x37f FLASH_RUN/stm32f10x_spi.o
                                0x57e (size before relaxing)
 .debug_str     0x00002df7      0x1a4 FLASH_RUN/stm32f10x_rtc.o
                                0x31b (size before relaxing)
 .debug_str     0x00002f9b      0x39a FLASH_RUN/stm32f10x_bkp.o
                                0x536 (size before relaxing)
 .debug_str     0x00003335      0x122 FLASH_RUN/stm32f10x_pwr.o
                                0x23c (size before relaxing)
 .debug_str     0x00003457      0x1ea FLASH_RUN/stm32f10x_dma.o
                                0x317 (size before relaxing)
 .debug_str     0x00003641      0xb0f FLASH_RUN/stm32f10x_tim.o
                                0xd5e (size before relaxing)
 .debug_str     0x00004150      0x213 FLASH_RUN/misc.o
                                0x344 (size before relaxing)
 .debug_str     0x00004363       0xd0 FLASH_RUN/adc.o
                                0x497 (size before relaxing)
 .debug_str     0x00004433      0x471 FLASH_RUN/uart.o
                                0x8d1 (size before relaxing)
 .debug_str     0x000048a4       0x6f FLASH_RUN/main.o
                                0x2c5 (size before relaxing)
 .debug_str     0x00004913       0x1b FLASH_RUN/logica.o
                                0x115 (size before relaxing)
 .debug_str     0x0000492e       0x38 FLASH_RUN/rs485.o
                                0x2e8 (size before relaxing)

.debug_loc      0x00000000     0x5bc0
 *(.debug_loc)
 .debug_loc     0x00000000      0x3f0 FLASH_RUN/core_cm3.o
 .debug_loc     0x000003f0       0x9c FLASH_RUN/startup_stm32f10x_md_mthomas.o
 .debug_loc     0x0000048c      0x1c0 FLASH_RUN/syscalls.o
 .debug_loc     0x0000064c       0x84 FLASH_RUN/hwinit.o
 .debug_loc     0x000006d0      0x6d0 FLASH_RUN/tasks.o
 .debug_loc     0x00000da0      0x380 FLASH_RUN/queue.o
 .debug_loc     0x00001120      0x118 FLASH_RUN/list.o
 .debug_loc     0x00001238      0x178 FLASH_RUN/port.o
 .debug_loc     0x000013b0       0xc8 FLASH_RUN/heap_2.o
 .debug_loc     0x00001478      0x7d4 FLASH_RUN/stm32f10x_adc.o
 .debug_loc     0x00001c4c      0x5e8 FLASH_RUN/stm32f10x_usart.o
 .debug_loc     0x00002234      0x510 FLASH_RUN/stm32f10x_flash.o
 .debug_loc     0x00002744      0x3e4 FLASH_RUN/stm32f10x_gpio.o
 .debug_loc     0x00002b28      0x6dc FLASH_RUN/stm32f10x_rcc.o
 .debug_loc     0x00003204      0x508 FLASH_RUN/stm32f10x_spi.o
 .debug_loc     0x0000370c      0x2e0 FLASH_RUN/stm32f10x_rtc.o
 .debug_loc     0x000039ec      0x264 FLASH_RUN/stm32f10x_bkp.o
 .debug_loc     0x00003c50      0x238 FLASH_RUN/stm32f10x_pwr.o
 .debug_loc     0x00003e88      0x230 FLASH_RUN/stm32f10x_dma.o
 .debug_loc     0x000040b8     0x13e8 FLASH_RUN/stm32f10x_tim.o
 .debug_loc     0x000054a0      0x118 FLASH_RUN/misc.o
 .debug_loc     0x000055b8      0x12c FLASH_RUN/adc.o
 .debug_loc     0x000056e4      0x334 FLASH_RUN/uart.o
 .debug_loc     0x00005a18      0x100 FLASH_RUN/main.o
 .debug_loc     0x00005b18       0xa8 FLASH_RUN/rs485.o

.debug_macinfo
 *(.debug_macinfo)

.debug_weaknames
 *(.debug_weaknames)

.debug_funcnames
 *(.debug_funcnames)

.debug_typenames
 *(.debug_typenames)

.debug_varnames
 *(.debug_varnames)

.debug_pubtypes
                0x00000000      0xfbd
 *(.debug_pubtypes)
 .debug_pubtypes
                0x00000000       0x50 FLASH_RUN/core_cm3.o
 .debug_pubtypes
                0x00000050       0x1e FLASH_RUN/startup_stm32f10x_md_mthomas.o
 .debug_pubtypes
                0x0000006e      0x190 FLASH_RUN/syscalls.o
 .debug_pubtypes
                0x000001fe       0x3b FLASH_RUN/hwinit.o
 .debug_pubtypes
                0x00000239      0x10c FLASH_RUN/tasks.o
 .debug_pubtypes
                0x00000345       0xd4 FLASH_RUN/queue.o
 .debug_pubtypes
                0x00000419       0x7a FLASH_RUN/list.o
 .debug_pubtypes
                0x00000493       0x33 FLASH_RUN/port.o
 .debug_pubtypes
                0x000004c6       0x4c FLASH_RUN/heap_2.o
 .debug_pubtypes
                0x00000512       0x8c FLASH_RUN/stm32f10x_adc.o
 .debug_pubtypes
                0x0000059e       0xc1 FLASH_RUN/stm32f10x_usart.o
 .debug_pubtypes
                0x0000065f       0x8d FLASH_RUN/stm32f10x_flash.o
 .debug_pubtypes
                0x000006ec       0xbc FLASH_RUN/stm32f10x_gpio.o
 .debug_pubtypes
                0x000007a8       0x9e FLASH_RUN/stm32f10x_rcc.o
 .debug_pubtypes
                0x00000846       0xb6 FLASH_RUN/stm32f10x_spi.o
 .debug_pubtypes
                0x000008fc       0x6c FLASH_RUN/stm32f10x_rtc.o
 .debug_pubtypes
                0x00000968       0x78 FLASH_RUN/stm32f10x_bkp.o
 .debug_pubtypes
                0x000009e0       0x5e FLASH_RUN/stm32f10x_pwr.o
 .debug_pubtypes
                0x00000a3e       0x98 FLASH_RUN/stm32f10x_dma.o
 .debug_pubtypes
                0x00000ad6       0xd8 FLASH_RUN/stm32f10x_tim.o
 .debug_pubtypes
                0x00000bae       0x80 FLASH_RUN/misc.o
 .debug_pubtypes
                0x00000c2e       0xf9 FLASH_RUN/adc.o
 .debug_pubtypes
                0x00000d27      0x121 FLASH_RUN/uart.o
 .debug_pubtypes
                0x00000e48       0x8d FLASH_RUN/main.o
 .debug_pubtypes
                0x00000ed5       0x3d FLASH_RUN/logica.o
 .debug_pubtypes
                0x00000f12       0xab FLASH_RUN/rs485.o

.debug_ranges   0x00000000      0xe78
 *(.debug_ranges)
 .debug_ranges  0x00000000       0xb8 FLASH_RUN/core_cm3.o
 .debug_ranges  0x000000b8       0x20 FLASH_RUN/startup_stm32f10x_md_mthomas.o
 .debug_ranges  0x000000d8       0x48 FLASH_RUN/syscalls.o
 .debug_ranges  0x00000120       0x20 FLASH_RUN/hwinit.o
 .debug_ranges  0x00000140      0x108 FLASH_RUN/tasks.o
 .debug_ranges  0x00000248       0x88 FLASH_RUN/queue.o
 .debug_ranges  0x000002d0       0x30 FLASH_RUN/list.o
 .debug_ranges  0x00000300       0x60 FLASH_RUN/port.o
 .debug_ranges  0x00000360       0x28 FLASH_RUN/heap_2.o
 .debug_ranges  0x00000388      0x128 FLASH_RUN/stm32f10x_adc.o
 .debug_ranges  0x000004b0       0xe0 FLASH_RUN/stm32f10x_usart.o
 .debug_ranges  0x00000590       0xc8 FLASH_RUN/stm32f10x_flash.o
 .debug_ranges  0x00000658       0x98 FLASH_RUN/stm32f10x_gpio.o
 .debug_ranges  0x000006f0      0x108 FLASH_RUN/stm32f10x_rcc.o
 .debug_ranges  0x000007f8       0xc0 FLASH_RUN/stm32f10x_spi.o
 .debug_ranges  0x000008b8       0x78 FLASH_RUN/stm32f10x_rtc.o
 .debug_ranges  0x00000930       0x68 FLASH_RUN/stm32f10x_bkp.o
 .debug_ranges  0x00000998       0x60 FLASH_RUN/stm32f10x_pwr.o
 .debug_ranges  0x000009f8       0x58 FLASH_RUN/stm32f10x_dma.o
 .debug_ranges  0x00000a50      0x2e0 FLASH_RUN/stm32f10x_tim.o
 .debug_ranges  0x00000d30       0x30 FLASH_RUN/misc.o
 .debug_ranges  0x00000d60       0x38 FLASH_RUN/adc.o
 .debug_ranges  0x00000d98       0x80 FLASH_RUN/uart.o
 .debug_ranges  0x00000e18       0x30 FLASH_RUN/main.o
 .debug_ranges  0x00000e48       0x10 FLASH_RUN/logica.o
 .debug_ranges  0x00000e58       0x20 FLASH_RUN/rs485.o

.ARM.attributes
                0x00000000       0x31
 *(.ARM.attributes)
 .ARM.attributes
                0x00000000       0x31 FLASH_RUN/core_cm3.o
 .ARM.attributes
                0x00000031       0x31 FLASH_RUN/startup_stm32f10x_md_mthomas.o
 .ARM.attributes
                0x00000062       0x31 FLASH_RUN/syscalls.o
 .ARM.attributes
                0x00000093       0x31 FLASH_RUN/hwinit.o
 .ARM.attributes
                0x000000c4       0x31 FLASH_RUN/tasks.o
 .ARM.attributes
                0x000000f5       0x31 FLASH_RUN/queue.o
 .ARM.attributes
                0x00000126       0x31 FLASH_RUN/list.o
 .ARM.attributes
                0x00000157       0x31 FLASH_RUN/port.o
 .ARM.attributes
                0x00000188       0x31 FLASH_RUN/heap_2.o
 .ARM.attributes
                0x000001b9       0x31 FLASH_RUN/stm32f10x_adc.o
 .ARM.attributes
                0x000001ea       0x31 FLASH_RUN/stm32f10x_usart.o
 .ARM.attributes
                0x0000021b       0x31 FLASH_RUN/stm32f10x_flash.o
 .ARM.attributes
                0x0000024c       0x31 FLASH_RUN/stm32f10x_gpio.o
 .ARM.attributes
                0x0000027d       0x31 FLASH_RUN/stm32f10x_rcc.o
 .ARM.attributes
                0x000002ae       0x31 FLASH_RUN/stm32f10x_spi.o
 .ARM.attributes
                0x000002df       0x31 FLASH_RUN/stm32f10x_rtc.o
 .ARM.attributes
                0x00000310       0x31 FLASH_RUN/stm32f10x_bkp.o
 .ARM.attributes
                0x00000341       0x31 FLASH_RUN/stm32f10x_pwr.o
 .ARM.attributes
                0x00000372       0x31 FLASH_RUN/stm32f10x_dma.o
 .ARM.attributes
                0x000003a3       0x31 FLASH_RUN/stm32f10x_tim.o
 .ARM.attributes
                0x000003d4       0x31 FLASH_RUN/misc.o
 .ARM.attributes
                0x00000405       0x31 FLASH_RUN/adc.o
 .ARM.attributes
                0x00000436       0x31 FLASH_RUN/uart.o
 .ARM.attributes
                0x00000467       0x31 FLASH_RUN/main.o
 .ARM.attributes
                0x00000498       0x31 FLASH_RUN/logica.o
 .ARM.attributes
                0x000004c9       0x31 FLASH_RUN/rs485.o
 .ARM.attributes
                0x000004fa       0x29 /home/baron/tools/sourcery/bin/../lib/gcc/arm-none-eabi/4.5.2/../../../../arm-none-eabi/lib/thumb2/libc.a(lib_a-errno.o)
 .ARM.attributes
                0x00000523       0x29 /home/baron/tools/sourcery/bin/../lib/gcc/arm-none-eabi/4.5.2/../../../../arm-none-eabi/lib/thumb2/libc.a(lib_a-impure.o)
 .ARM.attributes
                0x0000054c       0x29 /home/baron/tools/sourcery/bin/../lib/gcc/arm-none-eabi/4.5.2/../../../../arm-none-eabi/lib/thumb2/libc.a(lib_a-memcpy.o)
 .ARM.attributes
                0x00000575       0x29 /home/baron/tools/sourcery/bin/../lib/gcc/arm-none-eabi/4.5.2/../../../../arm-none-eabi/lib/thumb2/libc.a(lib_a-memset.o)
 .ARM.attributes
                0x0000059e       0x29 /home/baron/tools/sourcery/bin/../lib/gcc/arm-none-eabi/4.5.2/../../../../arm-none-eabi/lib/thumb2/libc.a(lib_a-strlen.o)
 .ARM.attributes
                0x000005c7       0x29 /home/baron/tools/sourcery/bin/../lib/gcc/arm-none-eabi/4.5.2/../../../../arm-none-eabi/lib/thumb2/libc.a(lib_a-strncpy.o)
 *(.gnu.attributes)

.note.gnu.arm.ident
 *(.note.gnu.arm.ident)

/DISCARD/
 *(.note.GNU-stack)
 *(.gnu_debuglink)
                0x00000400                __Stack_Size = 0x400
                0x00000400                PROVIDE (_Stack_Size, __Stack_Size)
                0x2000bc00                __Stack_Init = (_estack - __Stack_Size)
                0x2000bc00                PROVIDE (_Stack_Init, __Stack_Init)
OUTPUT(FLASH_RUN/modem.elf elf32-littlearm)

Cross Reference Table

Symbol                                            File
ADC1ConvertedValue                                FLASH_RUN/adc.o
ADC1_2_IRQHandler                                 FLASH_RUN/startup_stm32f10x_md_mthomas.o
ADC_ACC                                           FLASH_RUN/adc.o
ADC_AnalogWatchdogCmd                             FLASH_RUN/stm32f10x_adc.o
ADC_AnalogWatchdogSingleChannelConfig             FLASH_RUN/stm32f10x_adc.o
ADC_AnalogWatchdogThresholdsConfig                FLASH_RUN/stm32f10x_adc.o
ADC_AutoInjectedConvCmd                           FLASH_RUN/stm32f10x_adc.o
ADC_ClearFlag                                     FLASH_RUN/stm32f10x_adc.o
ADC_ClearITPendingBit                             FLASH_RUN/stm32f10x_adc.o
ADC_Cmd                                           FLASH_RUN/stm32f10x_adc.o
                                                  FLASH_RUN/adc.o
ADC_DMACmd                                        FLASH_RUN/stm32f10x_adc.o
                                                  FLASH_RUN/adc.o
ADC_DMA_Init                                      FLASH_RUN/adc.o
ADC_DeInit                                        FLASH_RUN/stm32f10x_adc.o
ADC_DiscModeChannelCountConfig                    FLASH_RUN/stm32f10x_adc.o
ADC_DiscModeCmd                                   FLASH_RUN/stm32f10x_adc.o
ADC_ExternalTrigConvCmd                           FLASH_RUN/stm32f10x_adc.o
ADC_ExternalTrigInjectedConvCmd                   FLASH_RUN/stm32f10x_adc.o
ADC_ExternalTrigInjectedConvConfig                FLASH_RUN/stm32f10x_adc.o
ADC_GPIO_Configuration                            FLASH_RUN/adc.o
ADC_GetCalibrationStatus                          FLASH_RUN/stm32f10x_adc.o
                                                  FLASH_RUN/adc.o
ADC_GetConversionValue                            FLASH_RUN/stm32f10x_adc.o
ADC_GetDualModeConversionValue                    FLASH_RUN/stm32f10x_adc.o
ADC_GetFlagStatus                                 FLASH_RUN/stm32f10x_adc.o
ADC_GetITStatus                                   FLASH_RUN/stm32f10x_adc.o
ADC_GetInjectedConversionValue                    FLASH_RUN/stm32f10x_adc.o
ADC_GetResetCalibrationStatus                     FLASH_RUN/stm32f10x_adc.o
                                                  FLASH_RUN/adc.o
ADC_GetSoftwareStartConvStatus                    FLASH_RUN/stm32f10x_adc.o
ADC_GetSoftwareStartInjectedConvCmdStatus         FLASH_RUN/stm32f10x_adc.o
ADC_ITConfig                                      FLASH_RUN/stm32f10x_adc.o
ADC_Init                                          FLASH_RUN/stm32f10x_adc.o
                                                  FLASH_RUN/adc.o
ADC_InitStructure                                 FLASH_RUN/adc.o
ADC_InjectedChannelConfig                         FLASH_RUN/stm32f10x_adc.o
ADC_InjectedDiscModeCmd                           FLASH_RUN/stm32f10x_adc.o
ADC_InjectedSequencerLengthConfig                 FLASH_RUN/stm32f10x_adc.o
ADC_RCC_Configuration                             FLASH_RUN/adc.o
ADC_RegularChannelConfig                          FLASH_RUN/stm32f10x_adc.o
                                                  FLASH_RUN/adc.o
ADC_ResetCalibration                              FLASH_RUN/stm32f10x_adc.o
                                                  FLASH_RUN/adc.o
ADC_SetInjectedOffset                             FLASH_RUN/stm32f10x_adc.o
ADC_SoftwareStartConvCmd                          FLASH_RUN/stm32f10x_adc.o
                                                  FLASH_RUN/adc.o
ADC_SoftwareStartInjectedConvCmd                  FLASH_RUN/stm32f10x_adc.o
ADC_Start                                         FLASH_RUN/adc.o
                                                  FLASH_RUN/rs485.o
ADC_StartCalibration                              FLASH_RUN/stm32f10x_adc.o
                                                  FLASH_RUN/adc.o
ADC_StructInit                                    FLASH_RUN/stm32f10x_adc.o
ADC_TempSensorVrefintCmd                          FLASH_RUN/stm32f10x_adc.o
AddMeasurments                                    FLASH_RUN/adc.o
BKP_ClearFlag                                     FLASH_RUN/stm32f10x_bkp.o
BKP_ClearITPendingBit                             FLASH_RUN/stm32f10x_bkp.o
BKP_DeInit                                        FLASH_RUN/stm32f10x_bkp.o
BKP_GetFlagStatus                                 FLASH_RUN/stm32f10x_bkp.o
BKP_GetITStatus                                   FLASH_RUN/stm32f10x_bkp.o
BKP_ITConfig                                      FLASH_RUN/stm32f10x_bkp.o
BKP_RTCOutputConfig                               FLASH_RUN/stm32f10x_bkp.o
BKP_ReadBackupRegister                            FLASH_RUN/stm32f10x_bkp.o
BKP_SetRTCCalibrationValue                        FLASH_RUN/stm32f10x_bkp.o
BKP_TamperPinCmd                                  FLASH_RUN/stm32f10x_bkp.o
BKP_TamperPinLevelConfig                          FLASH_RUN/stm32f10x_bkp.o
BKP_WriteBackupRegister                           FLASH_RUN/stm32f10x_bkp.o
BusFault_Handler                                  FLASH_RUN/startup_stm32f10x_md_mthomas.o
CAN1_RX1_IRQHandler                               FLASH_RUN/startup_stm32f10x_md_mthomas.o
CAN1_SCE_IRQHandler                               FLASH_RUN/startup_stm32f10x_md_mthomas.o
DMA1_Channel1_IRQHandler                          FLASH_RUN/startup_stm32f10x_md_mthomas.o
DMA1_Channel2_IRQHandler                          FLASH_RUN/startup_stm32f10x_md_mthomas.o
DMA1_Channel3_IRQHandler                          FLASH_RUN/startup_stm32f10x_md_mthomas.o
DMA1_Channel4_IRQHandler                          FLASH_RUN/uart.o
                                                  FLASH_RUN/startup_stm32f10x_md_mthomas.o
DMA1_Channel5_IRQHandler                          FLASH_RUN/startup_stm32f10x_md_mthomas.o
DMA1_Channel6_IRQHandler                          FLASH_RUN/startup_stm32f10x_md_mthomas.o
DMA1_Channel7_IRQHandler                          FLASH_RUN/startup_stm32f10x_md_mthomas.o
DMA_ClearFlag                                     FLASH_RUN/stm32f10x_dma.o
                                                  FLASH_RUN/uart.o
DMA_ClearITPendingBit                             FLASH_RUN/stm32f10x_dma.o
DMA_Cmd                                           FLASH_RUN/stm32f10x_dma.o
                                                  FLASH_RUN/uart.o
                                                  FLASH_RUN/adc.o
DMA_DeInit                                        FLASH_RUN/stm32f10x_dma.o
                                                  FLASH_RUN/uart.o
                                                  FLASH_RUN/adc.o
DMA_GetCurrDataCounter                            FLASH_RUN/stm32f10x_dma.o
                                                  FLASH_RUN/uart.o
DMA_GetFlagStatus                                 FLASH_RUN/stm32f10x_dma.o
DMA_GetITStatus                                   FLASH_RUN/stm32f10x_dma.o
DMA_ITConfig                                      FLASH_RUN/stm32f10x_dma.o
                                                  FLASH_RUN/uart.o
DMA_Init                                          FLASH_RUN/stm32f10x_dma.o
                                                  FLASH_RUN/uart.o
                                                  FLASH_RUN/adc.o
DMA_InitStructure                                 FLASH_RUN/adc.o
DMA_StructInit                                    FLASH_RUN/stm32f10x_dma.o
DebugMon_Handler                                  FLASH_RUN/startup_stm32f10x_md_mthomas.o
Default_Handler                                   FLASH_RUN/startup_stm32f10x_md_mthomas.o
EXTI0_IRQHandler                                  FLASH_RUN/startup_stm32f10x_md_mthomas.o
EXTI15_10_IRQHandler                              FLASH_RUN/startup_stm32f10x_md_mthomas.o
EXTI1_IRQHandler                                  FLASH_RUN/startup_stm32f10x_md_mthomas.o
EXTI2_IRQHandler                                  FLASH_RUN/startup_stm32f10x_md_mthomas.o
EXTI3_IRQHandler                                  FLASH_RUN/startup_stm32f10x_md_mthomas.o
EXTI4_IRQHandler                                  FLASH_RUN/startup_stm32f10x_md_mthomas.o
EXTI9_5_IRQHandler                                FLASH_RUN/startup_stm32f10x_md_mthomas.o
FLASH_ClearFlag                                   FLASH_RUN/stm32f10x_flash.o
FLASH_EnableWriteProtection                       FLASH_RUN/stm32f10x_flash.o
FLASH_EraseAllPages                               FLASH_RUN/stm32f10x_flash.o
FLASH_EraseOptionBytes                            FLASH_RUN/stm32f10x_flash.o
FLASH_ErasePage                                   FLASH_RUN/stm32f10x_flash.o
FLASH_GetFlagStatus                               FLASH_RUN/stm32f10x_flash.o
FLASH_GetPrefetchBufferStatus                     FLASH_RUN/stm32f10x_flash.o
FLASH_GetReadOutProtectionStatus                  FLASH_RUN/stm32f10x_flash.o
FLASH_GetStatus                                   FLASH_RUN/stm32f10x_flash.o
FLASH_GetUserOptionByte                           FLASH_RUN/stm32f10x_flash.o
FLASH_GetWriteProtectionOptionByte                FLASH_RUN/stm32f10x_flash.o
FLASH_HalfCycleAccessCmd                          FLASH_RUN/stm32f10x_flash.o
FLASH_IRQHandler                                  FLASH_RUN/startup_stm32f10x_md_mthomas.o
FLASH_ITConfig                                    FLASH_RUN/stm32f10x_flash.o
FLASH_Lock                                        FLASH_RUN/stm32f10x_flash.o
FLASH_PrefetchBufferCmd                           FLASH_RUN/stm32f10x_flash.o
                                                  FLASH_RUN/hwinit.o
FLASH_ProgramHalfWord                             FLASH_RUN/stm32f10x_flash.o
FLASH_ProgramOptionByteData                       FLASH_RUN/stm32f10x_flash.o
FLASH_ProgramWord                                 FLASH_RUN/stm32f10x_flash.o
FLASH_ReadOutProtection                           FLASH_RUN/stm32f10x_flash.o
FLASH_SetLatency                                  FLASH_RUN/stm32f10x_flash.o
                                                  FLASH_RUN/hwinit.o
FLASH_Unlock                                      FLASH_RUN/stm32f10x_flash.o
FLASH_UserOptionByteConfig                        FLASH_RUN/stm32f10x_flash.o
FLASH_WaitForLastOperation                        FLASH_RUN/stm32f10x_flash.o
GPIO_AFIODeInit                                   FLASH_RUN/stm32f10x_gpio.o
GPIO_Configuration                                FLASH_RUN/main.o
GPIO_DeInit                                       FLASH_RUN/stm32f10x_gpio.o
GPIO_ETH_MediaInterfaceConfig                     FLASH_RUN/stm32f10x_gpio.o
GPIO_EXTILineConfig                               FLASH_RUN/stm32f10x_gpio.o
GPIO_EventOutputCmd                               FLASH_RUN/stm32f10x_gpio.o
GPIO_EventOutputConfig                            FLASH_RUN/stm32f10x_gpio.o
GPIO_Init                                         FLASH_RUN/stm32f10x_gpio.o
                                                  FLASH_RUN/rs485.o
                                                  FLASH_RUN/main.o
                                                  FLASH_RUN/uart.o
                                                  FLASH_RUN/adc.o
GPIO_PinLockConfig                                FLASH_RUN/stm32f10x_gpio.o
GPIO_PinRemapConfig                               FLASH_RUN/stm32f10x_gpio.o
GPIO_ReadInputData                                FLASH_RUN/stm32f10x_gpio.o
GPIO_ReadInputDataBit                             FLASH_RUN/stm32f10x_gpio.o
GPIO_ReadOutputData                               FLASH_RUN/stm32f10x_gpio.o
GPIO_ReadOutputDataBit                            FLASH_RUN/stm32f10x_gpio.o
GPIO_ResetBits                                    FLASH_RUN/stm32f10x_gpio.o
                                                  FLASH_RUN/rs485.o
                                                  FLASH_RUN/logica.o
GPIO_SetBits                                      FLASH_RUN/stm32f10x_gpio.o
                                                  FLASH_RUN/rs485.o
                                                  FLASH_RUN/logica.o
GPIO_StructInit                                   FLASH_RUN/stm32f10x_gpio.o
GPIO_Write                                        FLASH_RUN/stm32f10x_gpio.o
GPIO_WriteBit                                     FLASH_RUN/stm32f10x_gpio.o
GetADC                                            FLASH_RUN/adc.o
                                                  FLASH_RUN/rs485.o
HSEStartUpStatus                                  FLASH_RUN/hwinit.o
HardFault_Handler                                 FLASH_RUN/startup_stm32f10x_md_mthomas.o
I2C1_ER_IRQHandler                                FLASH_RUN/startup_stm32f10x_md_mthomas.o
I2C1_EV_IRQHandler                                FLASH_RUN/startup_stm32f10x_md_mthomas.o
I2C2_ER_IRQHandler                                FLASH_RUN/startup_stm32f10x_md_mthomas.o
I2C2_EV_IRQHandler                                FLASH_RUN/startup_stm32f10x_md_mthomas.o
I2S_Cmd                                           FLASH_RUN/stm32f10x_spi.o
I2S_Init                                          FLASH_RUN/stm32f10x_spi.o
I2S_StructInit                                    FLASH_RUN/stm32f10x_spi.o
MMI_Handler                                       FLASH_RUN/startup_stm32f10x_md_mthomas.o
MemManage_Handler                                 FLASH_RUN/startup_stm32f10x_md_mthomas.o
NMI_Handler                                       FLASH_RUN/startup_stm32f10x_md_mthomas.o
NVIC_Configuration                                FLASH_RUN/hwinit.o
NVIC_Init                                         FLASH_RUN/misc.o
NVIC_PriorityGroupConfig                          FLASH_RUN/misc.o
NVIC_SetVectorTable                               FLASH_RUN/misc.o
                                                  FLASH_RUN/hwinit.o
NVIC_SystemLPConfig                               FLASH_RUN/misc.o
PVD_IRQHandler                                    FLASH_RUN/startup_stm32f10x_md_mthomas.o
PWR_BackupAccessCmd                               FLASH_RUN/stm32f10x_pwr.o
PWR_ClearFlag                                     FLASH_RUN/stm32f10x_pwr.o
PWR_DeInit                                        FLASH_RUN/stm32f10x_pwr.o
PWR_EnterSTANDBYMode                              FLASH_RUN/stm32f10x_pwr.o
PWR_EnterSTOPMode                                 FLASH_RUN/stm32f10x_pwr.o
PWR_GetFlagStatus                                 FLASH_RUN/stm32f10x_pwr.o
PWR_PVDCmd                                        FLASH_RUN/stm32f10x_pwr.o
PWR_PVDLevelConfig                                FLASH_RUN/stm32f10x_pwr.o
PWR_WakeUpPinCmd                                  FLASH_RUN/stm32f10x_pwr.o
RCC_ADCCLKConfig                                  FLASH_RUN/stm32f10x_rcc.o
                                                  FLASH_RUN/adc.o
RCC_AHBPeriphClockCmd                             FLASH_RUN/stm32f10x_rcc.o
                                                  FLASH_RUN/adc.o
RCC_APB1PeriphClockCmd                            FLASH_RUN/stm32f10x_rcc.o
RCC_APB1PeriphResetCmd                            FLASH_RUN/stm32f10x_rcc.o
                                                  FLASH_RUN/stm32f10x_tim.o
                                                  FLASH_RUN/stm32f10x_pwr.o
                                                  FLASH_RUN/stm32f10x_spi.o
                                                  FLASH_RUN/stm32f10x_usart.o
RCC_APB2PeriphClockCmd                            FLASH_RUN/stm32f10x_rcc.o
                                                  FLASH_RUN/main.o
                                                  FLASH_RUN/uart.o
                                                  FLASH_RUN/adc.o
RCC_APB2PeriphResetCmd                            FLASH_RUN/stm32f10x_rcc.o
                                                  FLASH_RUN/stm32f10x_tim.o
                                                  FLASH_RUN/stm32f10x_spi.o
                                                  FLASH_RUN/stm32f10x_gpio.o
                                                  FLASH_RUN/stm32f10x_usart.o
                                                  FLASH_RUN/stm32f10x_adc.o
RCC_AdjustHSICalibrationValue                     FLASH_RUN/stm32f10x_rcc.o
RCC_BackupResetCmd                                FLASH_RUN/stm32f10x_rcc.o
                                                  FLASH_RUN/stm32f10x_bkp.o
RCC_ClearFlag                                     FLASH_RUN/stm32f10x_rcc.o
RCC_ClearITPendingBit                             FLASH_RUN/stm32f10x_rcc.o
RCC_ClockSecuritySystemCmd                        FLASH_RUN/stm32f10x_rcc.o
RCC_Configuration                                 FLASH_RUN/hwinit.o
RCC_DeInit                                        FLASH_RUN/stm32f10x_rcc.o
                                                  FLASH_RUN/hwinit.o
RCC_GetClocksFreq                                 FLASH_RUN/stm32f10x_rcc.o
                                                  FLASH_RUN/stm32f10x_spi.o
                                                  FLASH_RUN/stm32f10x_usart.o
RCC_GetFlagStatus                                 FLASH_RUN/stm32f10x_rcc.o
                                                  FLASH_RUN/hwinit.o
RCC_GetITStatus                                   FLASH_RUN/stm32f10x_rcc.o
RCC_GetSYSCLKSource                               FLASH_RUN/stm32f10x_rcc.o
                                                  FLASH_RUN/hwinit.o
RCC_HCLKConfig                                    FLASH_RUN/stm32f10x_rcc.o
                                                  FLASH_RUN/hwinit.o
RCC_HSEConfig                                     FLASH_RUN/stm32f10x_rcc.o
                                                  FLASH_RUN/hwinit.o
RCC_HSICmd                                        FLASH_RUN/stm32f10x_rcc.o
RCC_IRQHandler                                    FLASH_RUN/startup_stm32f10x_md_mthomas.o
RCC_ITConfig                                      FLASH_RUN/stm32f10x_rcc.o
RCC_LSEConfig                                     FLASH_RUN/stm32f10x_rcc.o
RCC_LSICmd                                        FLASH_RUN/stm32f10x_rcc.o
RCC_MCOConfig                                     FLASH_RUN/stm32f10x_rcc.o
RCC_PCLK1Config                                   FLASH_RUN/stm32f10x_rcc.o
                                                  FLASH_RUN/hwinit.o
RCC_PCLK2Config                                   FLASH_RUN/stm32f10x_rcc.o
                                                  FLASH_RUN/hwinit.o
RCC_PLLCmd                                        FLASH_RUN/stm32f10x_rcc.o
                                                  FLASH_RUN/hwinit.o
RCC_PLLConfig                                     FLASH_RUN/stm32f10x_rcc.o
                                                  FLASH_RUN/hwinit.o
RCC_RTCCLKCmd                                     FLASH_RUN/stm32f10x_rcc.o
RCC_RTCCLKConfig                                  FLASH_RUN/stm32f10x_rcc.o
RCC_SYSCLKConfig                                  FLASH_RUN/stm32f10x_rcc.o
                                                  FLASH_RUN/hwinit.o
RCC_USBCLKConfig                                  FLASH_RUN/stm32f10x_rcc.o
RCC_WaitForHSEStartUp                             FLASH_RUN/stm32f10x_rcc.o
                                                  FLASH_RUN/hwinit.o
RTCAlarm_IRQHandler                               FLASH_RUN/startup_stm32f10x_md_mthomas.o
RTC_ClearFlag                                     FLASH_RUN/stm32f10x_rtc.o
RTC_ClearITPendingBit                             FLASH_RUN/stm32f10x_rtc.o
RTC_EnterConfigMode                               FLASH_RUN/stm32f10x_rtc.o
RTC_ExitConfigMode                                FLASH_RUN/stm32f10x_rtc.o
RTC_GetCounter                                    FLASH_RUN/stm32f10x_rtc.o
RTC_GetDivider                                    FLASH_RUN/stm32f10x_rtc.o
RTC_GetFlagStatus                                 FLASH_RUN/stm32f10x_rtc.o
RTC_GetITStatus                                   FLASH_RUN/stm32f10x_rtc.o
RTC_IRQHandler                                    FLASH_RUN/startup_stm32f10x_md_mthomas.o
RTC_ITConfig                                      FLASH_RUN/stm32f10x_rtc.o
RTC_SetAlarm                                      FLASH_RUN/stm32f10x_rtc.o
RTC_SetCounter                                    FLASH_RUN/stm32f10x_rtc.o
RTC_SetPrescaler                                  FLASH_RUN/stm32f10x_rtc.o
RTC_WaitForLastTask                               FLASH_RUN/stm32f10x_rtc.o
RTC_WaitForSynchro                                FLASH_RUN/stm32f10x_rtc.o
Reset_Handler                                     FLASH_RUN/startup_stm32f10x_md_mthomas.o
SPI1_IRQHandler                                   FLASH_RUN/startup_stm32f10x_md_mthomas.o
SPI2_IRQHandler                                   FLASH_RUN/startup_stm32f10x_md_mthomas.o
SPI_BiDirectionalLineConfig                       FLASH_RUN/stm32f10x_spi.o
SPI_CalculateCRC                                  FLASH_RUN/stm32f10x_spi.o
SPI_Cmd                                           FLASH_RUN/stm32f10x_spi.o
SPI_DataSizeConfig                                FLASH_RUN/stm32f10x_spi.o
SPI_GetCRC                                        FLASH_RUN/stm32f10x_spi.o
SPI_GetCRCPolynomial                              FLASH_RUN/stm32f10x_spi.o
SPI_I2S_ClearFlag                                 FLASH_RUN/stm32f10x_spi.o
SPI_I2S_ClearITPendingBit                         FLASH_RUN/stm32f10x_spi.o
SPI_I2S_DMACmd                                    FLASH_RUN/stm32f10x_spi.o
SPI_I2S_DeInit                                    FLASH_RUN/stm32f10x_spi.o
SPI_I2S_GetFlagStatus                             FLASH_RUN/stm32f10x_spi.o
SPI_I2S_GetITStatus                               FLASH_RUN/stm32f10x_spi.o
SPI_I2S_ITConfig                                  FLASH_RUN/stm32f10x_spi.o
SPI_I2S_ReceiveData                               FLASH_RUN/stm32f10x_spi.o
SPI_I2S_SendData                                  FLASH_RUN/stm32f10x_spi.o
SPI_Init                                          FLASH_RUN/stm32f10x_spi.o
SPI_NSSInternalSoftwareConfig                     FLASH_RUN/stm32f10x_spi.o
SPI_SSOutputCmd                                   FLASH_RUN/stm32f10x_spi.o
SPI_StructInit                                    FLASH_RUN/stm32f10x_spi.o
SPI_TransmitCRC                                   FLASH_RUN/stm32f10x_spi.o
SysTick_CLKSourceConfig                           FLASH_RUN/misc.o
T1                                                FLASH_RUN/rs485.o
T2                                                FLASH_RUN/rs485.o
TAMPER_IRQHandler                                 FLASH_RUN/startup_stm32f10x_md_mthomas.o
TIM1_BRK_IRQHandler                               FLASH_RUN/startup_stm32f10x_md_mthomas.o
TIM1_CC_IRQHandler                                FLASH_RUN/startup_stm32f10x_md_mthomas.o
TIM1_TRG_COM_IRQHandler                           FLASH_RUN/startup_stm32f10x_md_mthomas.o
TIM1_UP_IRQHandler                                FLASH_RUN/startup_stm32f10x_md_mthomas.o
TIM2_IRQHandler                                   FLASH_RUN/startup_stm32f10x_md_mthomas.o
TIM3_IRQHandler                                   FLASH_RUN/startup_stm32f10x_md_mthomas.o
TIM4_IRQHandler                                   FLASH_RUN/startup_stm32f10x_md_mthomas.o
TIM_ARRPreloadConfig                              FLASH_RUN/stm32f10x_tim.o
TIM_BDTRConfig                                    FLASH_RUN/stm32f10x_tim.o
TIM_BDTRStructInit                                FLASH_RUN/stm32f10x_tim.o
TIM_CCPreloadControl                              FLASH_RUN/stm32f10x_tim.o
TIM_CCxCmd                                        FLASH_RUN/stm32f10x_tim.o
TIM_CCxNCmd                                       FLASH_RUN/stm32f10x_tim.o
TIM_ClearFlag                                     FLASH_RUN/stm32f10x_tim.o
TIM_ClearITPendingBit                             FLASH_RUN/stm32f10x_tim.o
TIM_ClearOC1Ref                                   FLASH_RUN/stm32f10x_tim.o
TIM_ClearOC2Ref                                   FLASH_RUN/stm32f10x_tim.o
TIM_ClearOC3Ref                                   FLASH_RUN/stm32f10x_tim.o
TIM_ClearOC4Ref                                   FLASH_RUN/stm32f10x_tim.o
TIM_Cmd                                           FLASH_RUN/stm32f10x_tim.o
TIM_CounterModeConfig                             FLASH_RUN/stm32f10x_tim.o
TIM_CtrlPWMOutputs                                FLASH_RUN/stm32f10x_tim.o
TIM_DMACmd                                        FLASH_RUN/stm32f10x_tim.o
TIM_DMAConfig                                     FLASH_RUN/stm32f10x_tim.o
TIM_DeInit                                        FLASH_RUN/stm32f10x_tim.o
TIM_ETRClockMode1Config                           FLASH_RUN/stm32f10x_tim.o
TIM_ETRClockMode2Config                           FLASH_RUN/stm32f10x_tim.o
TIM_ETRConfig                                     FLASH_RUN/stm32f10x_tim.o
TIM_EncoderInterfaceConfig                        FLASH_RUN/stm32f10x_tim.o
TIM_ForcedOC1Config                               FLASH_RUN/stm32f10x_tim.o
TIM_ForcedOC2Config                               FLASH_RUN/stm32f10x_tim.o
TIM_ForcedOC3Config                               FLASH_RUN/stm32f10x_tim.o
TIM_ForcedOC4Config                               FLASH_RUN/stm32f10x_tim.o
TIM_GenerateEvent                                 FLASH_RUN/stm32f10x_tim.o
TIM_GetCapture1                                   FLASH_RUN/stm32f10x_tim.o
TIM_GetCapture2                                   FLASH_RUN/stm32f10x_tim.o
TIM_GetCapture3                                   FLASH_RUN/stm32f10x_tim.o
TIM_GetCapture4                                   FLASH_RUN/stm32f10x_tim.o
TIM_GetCounter                                    FLASH_RUN/stm32f10x_tim.o
TIM_GetFlagStatus                                 FLASH_RUN/stm32f10x_tim.o
TIM_GetITStatus                                   FLASH_RUN/stm32f10x_tim.o
TIM_GetPrescaler                                  FLASH_RUN/stm32f10x_tim.o
TIM_ICInit                                        FLASH_RUN/stm32f10x_tim.o
TIM_ICStructInit                                  FLASH_RUN/stm32f10x_tim.o
TIM_ITConfig                                      FLASH_RUN/stm32f10x_tim.o
TIM_ITRxExternalClockConfig                       FLASH_RUN/stm32f10x_tim.o
TIM_InternalClockConfig                           FLASH_RUN/stm32f10x_tim.o
TIM_OC1FastConfig                                 FLASH_RUN/stm32f10x_tim.o
TIM_OC1Init                                       FLASH_RUN/stm32f10x_tim.o
TIM_OC1NPolarityConfig                            FLASH_RUN/stm32f10x_tim.o
TIM_OC1PolarityConfig                             FLASH_RUN/stm32f10x_tim.o
TIM_OC1PreloadConfig                              FLASH_RUN/stm32f10x_tim.o
TIM_OC2FastConfig                                 FLASH_RUN/stm32f10x_tim.o
TIM_OC2Init                                       FLASH_RUN/stm32f10x_tim.o
TIM_OC2NPolarityConfig                            FLASH_RUN/stm32f10x_tim.o
TIM_OC2PolarityConfig                             FLASH_RUN/stm32f10x_tim.o
TIM_OC2PreloadConfig                              FLASH_RUN/stm32f10x_tim.o
TIM_OC3FastConfig                                 FLASH_RUN/stm32f10x_tim.o
TIM_OC3Init                                       FLASH_RUN/stm32f10x_tim.o
TIM_OC3NPolarityConfig                            FLASH_RUN/stm32f10x_tim.o
TIM_OC3PolarityConfig                             FLASH_RUN/stm32f10x_tim.o
TIM_OC3PreloadConfig                              FLASH_RUN/stm32f10x_tim.o
TIM_OC4FastConfig                                 FLASH_RUN/stm32f10x_tim.o
TIM_OC4Init                                       FLASH_RUN/stm32f10x_tim.o
TIM_OC4PolarityConfig                             FLASH_RUN/stm32f10x_tim.o
TIM_OC4PreloadConfig                              FLASH_RUN/stm32f10x_tim.o
TIM_OCStructInit                                  FLASH_RUN/stm32f10x_tim.o
TIM_PWMIConfig                                    FLASH_RUN/stm32f10x_tim.o
TIM_PrescalerConfig                               FLASH_RUN/stm32f10x_tim.o
TIM_SelectCCDMA                                   FLASH_RUN/stm32f10x_tim.o
TIM_SelectCOM                                     FLASH_RUN/stm32f10x_tim.o
TIM_SelectHallSensor                              FLASH_RUN/stm32f10x_tim.o
TIM_SelectInputTrigger                            FLASH_RUN/stm32f10x_tim.o
TIM_SelectMasterSlaveMode                         FLASH_RUN/stm32f10x_tim.o
TIM_SelectOCxM                                    FLASH_RUN/stm32f10x_tim.o
TIM_SelectOnePulseMode                            FLASH_RUN/stm32f10x_tim.o
TIM_SelectOutputTrigger                           FLASH_RUN/stm32f10x_tim.o
TIM_SelectSlaveMode                               FLASH_RUN/stm32f10x_tim.o
TIM_SetAutoreload                                 FLASH_RUN/stm32f10x_tim.o
TIM_SetClockDivision                              FLASH_RUN/stm32f10x_tim.o
TIM_SetCompare1                                   FLASH_RUN/stm32f10x_tim.o
TIM_SetCompare2                                   FLASH_RUN/stm32f10x_tim.o
TIM_SetCompare3                                   FLASH_RUN/stm32f10x_tim.o
TIM_SetCompare4                                   FLASH_RUN/stm32f10x_tim.o
TIM_SetCounter                                    FLASH_RUN/stm32f10x_tim.o
TIM_SetIC1Prescaler                               FLASH_RUN/stm32f10x_tim.o
TIM_SetIC2Prescaler                               FLASH_RUN/stm32f10x_tim.o
TIM_SetIC3Prescaler                               FLASH_RUN/stm32f10x_tim.o
TIM_SetIC4Prescaler                               FLASH_RUN/stm32f10x_tim.o
TIM_TIxExternalClockConfig                        FLASH_RUN/stm32f10x_tim.o
TIM_TimeBaseInit                                  FLASH_RUN/stm32f10x_tim.o
TIM_TimeBaseStructInit                            FLASH_RUN/stm32f10x_tim.o
TIM_UpdateDisableConfig                           FLASH_RUN/stm32f10x_tim.o
TIM_UpdateRequestConfig                           FLASH_RUN/stm32f10x_tim.o
USART1_IRQHandler                                 FLASH_RUN/uart.o
                                                  FLASH_RUN/startup_stm32f10x_md_mthomas.o
USART2_IRQHandler                                 FLASH_RUN/startup_stm32f10x_md_mthomas.o
USART3_IRQHandler                                 FLASH_RUN/startup_stm32f10x_md_mthomas.o
USART_ClearFlag                                   FLASH_RUN/stm32f10x_usart.o
USART_ClearITPendingBit                           FLASH_RUN/stm32f10x_usart.o
USART_ClockInit                                   FLASH_RUN/stm32f10x_usart.o
USART_ClockStructInit                             FLASH_RUN/stm32f10x_usart.o
USART_Cmd                                         FLASH_RUN/stm32f10x_usart.o
                                                  FLASH_RUN/uart.o
USART_DMACmd                                      FLASH_RUN/stm32f10x_usart.o
                                                  FLASH_RUN/uart.o
USART_DeInit                                      FLASH_RUN/stm32f10x_usart.o
USART_GetFlagStatus                               FLASH_RUN/stm32f10x_usart.o
USART_GetITStatus                                 FLASH_RUN/stm32f10x_usart.o
USART_HalfDuplexCmd                               FLASH_RUN/stm32f10x_usart.o
USART_ITConfig                                    FLASH_RUN/stm32f10x_usart.o
                                                  FLASH_RUN/uart.o
USART_Init                                        FLASH_RUN/stm32f10x_usart.o
                                                  FLASH_RUN/uart.o
USART_InitStructure                               FLASH_RUN/rs485.o
USART_IrDACmd                                     FLASH_RUN/stm32f10x_usart.o
USART_IrDAConfig                                  FLASH_RUN/stm32f10x_usart.o
USART_LINBreakDetectLengthConfig                  FLASH_RUN/stm32f10x_usart.o
USART_LINCmd                                      FLASH_RUN/stm32f10x_usart.o
USART_ReceiveData                                 FLASH_RUN/stm32f10x_usart.o
USART_ReceiverWakeUpCmd                           FLASH_RUN/stm32f10x_usart.o
USART_SendBreak                                   FLASH_RUN/stm32f10x_usart.o
USART_SendData                                    FLASH_RUN/stm32f10x_usart.o
USART_SetAddress                                  FLASH_RUN/stm32f10x_usart.o
USART_SetGuardTime                                FLASH_RUN/stm32f10x_usart.o
USART_SetPrescaler                                FLASH_RUN/stm32f10x_usart.o
USART_SmartCardCmd                                FLASH_RUN/stm32f10x_usart.o
USART_SmartCardNACKCmd                            FLASH_RUN/stm32f10x_usart.o
USART_StructInit                                  FLASH_RUN/stm32f10x_usart.o
USART_WakeUpConfig                                FLASH_RUN/stm32f10x_usart.o
USBWakeUp_IRQHandler                              FLASH_RUN/startup_stm32f10x_md_mthomas.o
USB_HP_CAN1_TX_IRQHandler                         FLASH_RUN/startup_stm32f10x_md_mthomas.o
USB_LP_CAN1_RX0_IRQHandler                        FLASH_RUN/startup_stm32f10x_md_mthomas.o
UsageFault_Handler                                FLASH_RUN/startup_stm32f10x_md_mthomas.o
WWDG_IRQHandler                                   FLASH_RUN/startup_stm32f10x_md_mthomas.o
__Init_Data                                       FLASH_RUN/startup_stm32f10x_md_mthomas.o
__LDREXB                                          FLASH_RUN/core_cm3.o
__LDREXH                                          FLASH_RUN/core_cm3.o
__LDREXW                                          FLASH_RUN/core_cm3.o
__RBIT                                            FLASH_RUN/core_cm3.o
__REV                                             FLASH_RUN/core_cm3.o
__REV16                                           FLASH_RUN/core_cm3.o
__REVSH                                           FLASH_RUN/core_cm3.o
__STREXB                                          FLASH_RUN/core_cm3.o
__STREXH                                          FLASH_RUN/core_cm3.o
__STREXW                                          FLASH_RUN/core_cm3.o
__errno                                           /home/baron/tools/sourcery/bin/../lib/gcc/arm-none-eabi/4.5.2/../../../../arm-none-eabi/lib/thumb2/libc.a(lib_a-errno.o)
                                                  FLASH_RUN/syscalls.o
__get_BASEPRI                                     FLASH_RUN/core_cm3.o
__get_CONTROL                                     FLASH_RUN/core_cm3.o
__get_FAULTMASK                                   FLASH_RUN/core_cm3.o
__get_MSP                                         FLASH_RUN/core_cm3.o
__get_PRIMASK                                     FLASH_RUN/core_cm3.o
__get_PSP                                         FLASH_RUN/core_cm3.o
__set_BASEPRI                                     FLASH_RUN/core_cm3.o
__set_CONTROL                                     FLASH_RUN/core_cm3.o
__set_FAULTMASK                                   FLASH_RUN/core_cm3.o
__set_MSP                                         FLASH_RUN/core_cm3.o
__set_PRIMASK                                     FLASH_RUN/core_cm3.o
__set_PSP                                         FLASH_RUN/core_cm3.o
__sf_fake_stderr                                  /home/baron/tools/sourcery/bin/../lib/gcc/arm-none-eabi/4.5.2/../../../../arm-none-eabi/lib/thumb2/libc.a(lib_a-impure.o)
__sf_fake_stdin                                   /home/baron/tools/sourcery/bin/../lib/gcc/arm-none-eabi/4.5.2/../../../../arm-none-eabi/lib/thumb2/libc.a(lib_a-impure.o)
__sf_fake_stdout                                  /home/baron/tools/sourcery/bin/../lib/gcc/arm-none-eabi/4.5.2/../../../../arm-none-eabi/lib/thumb2/libc.a(lib_a-impure.o)
_close_r                                          FLASH_RUN/syscalls.o
_ebss                                             FLASH_RUN/startup_stm32f10x_md_mthomas.o
_edata                                            FLASH_RUN/startup_stm32f10x_md_mthomas.o
_estack                                           FLASH_RUN/startup_stm32f10x_md_mthomas.o
_fstat_r                                          FLASH_RUN/syscalls.o
_global_impure_ptr                                /home/baron/tools/sourcery/bin/../lib/gcc/arm-none-eabi/4.5.2/../../../../arm-none-eabi/lib/thumb2/libc.a(lib_a-impure.o)
_impure_ptr                                       /home/baron/tools/sourcery/bin/../lib/gcc/arm-none-eabi/4.5.2/../../../../arm-none-eabi/lib/thumb2/libc.a(lib_a-impure.o)
                                                  /home/baron/tools/sourcery/bin/../lib/gcc/arm-none-eabi/4.5.2/../../../../arm-none-eabi/lib/thumb2/libc.a(lib_a-errno.o)
_isatty_r                                         FLASH_RUN/syscalls.o
_isr_vectorsram_offs                              FLASH_RUN/hwinit.o
_lseek_r                                          FLASH_RUN/syscalls.o
_read_r                                           FLASH_RUN/syscalls.o
_sbrk_r                                           FLASH_RUN/syscalls.o
_sbss                                             FLASH_RUN/startup_stm32f10x_md_mthomas.o
_sdata                                            FLASH_RUN/startup_stm32f10x_md_mthomas.o
_sidata                                           FLASH_RUN/startup_stm32f10x_md_mthomas.o
_write_r                                          FLASH_RUN/syscalls.o
adca                                              FLASH_RUN/adc.o
adcb                                              FLASH_RUN/adc.o
end                                               FLASH_RUN/syscalls.o
g_pfnVectors                                      FLASH_RUN/startup_stm32f10x_md_mthomas.o
g_pfnVectorsStartup                               FLASH_RUN/startup_stm32f10x_md_mthomas.o
hwInit                                            FLASH_RUN/hwinit.o
                                                  FLASH_RUN/main.o
isatty                                            FLASH_RUN/syscalls.o
main                                              FLASH_RUN/main.o
                                                  FLASH_RUN/startup_stm32f10x_md_mthomas.o
memcpy                                            /home/baron/tools/sourcery/bin/../lib/gcc/arm-none-eabi/4.5.2/../../../../arm-none-eabi/lib/thumb2/libc.a(lib_a-memcpy.o)
                                                  FLASH_RUN/queue.o
memset                                            /home/baron/tools/sourcery/bin/../lib/gcc/arm-none-eabi/4.5.2/../../../../arm-none-eabi/lib/thumb2/libc.a(lib_a-memset.o)
                                                  FLASH_RUN/tasks.o
                                                  FLASH_RUN/syscalls.o
pvPortMalloc                                      FLASH_RUN/heap_2.o
                                                  FLASH_RUN/queue.o
                                                  FLASH_RUN/tasks.o
pxCurrentTCB                                      FLASH_RUN/tasks.o
                                                  FLASH_RUN/port.o
pxPortInitialiseStack                             FLASH_RUN/port.o
                                                  FLASH_RUN/tasks.o
sendparam                                         FLASH_RUN/rs485.o
sendstr                                           FLASH_RUN/rs485.o
strlen                                            /home/baron/tools/sourcery/bin/../lib/gcc/arm-none-eabi/4.5.2/../../../../arm-none-eabi/lib/thumb2/libc.a(lib_a-strlen.o)
                                                  FLASH_RUN/rs485.o
strncpy                                           /home/baron/tools/sourcery/bin/../lib/gcc/arm-none-eabi/4.5.2/../../../../arm-none-eabi/lib/thumb2/libc.a(lib_a-strncpy.o)
                                                  FLASH_RUN/tasks.o
t1count                                           FLASH_RUN/main.o
t1oldval                                          FLASH_RUN/main.o
t1time                                            FLASH_RUN/main.o
t2count                                           FLASH_RUN/main.o
t2oldval                                          FLASH_RUN/main.o
t2time                                            FLASH_RUN/main.o
u1Fifo                                            FLASH_RUN/uart.o
uart1FindEscapedPack                              FLASH_RUN/uart.o
uart1GetChar                                      FLASH_RUN/uart.o
uart1Init                                         FLASH_RUN/uart.o
                                                  FLASH_RUN/rs485.o
uart1PutChar                                      FLASH_RUN/uart.o
uart1Read                                         FLASH_RUN/uart.o
uart1ReadEscaped                                  FLASH_RUN/uart.o
uart1TxTask                                       FLASH_RUN/uart.o
uart1Write                                        FLASH_RUN/uart.o
                                                  FLASH_RUN/rs485.o
uart1WriteEscaped                                 FLASH_RUN/uart.o
uartRxDMAConfiguration                            FLASH_RUN/uart.o
uartTxDMAConfiguration                            FLASH_RUN/uart.o
ulKernelPriority                                  FLASH_RUN/port.o
uxQueueMessagesWaiting                            FLASH_RUN/queue.o
uxQueueMessagesWaitingFromISR                     FLASH_RUN/queue.o
uxTaskGetNumberOfTasks                            FLASH_RUN/tasks.o
uxTaskPriorityGet                                 FLASH_RUN/tasks.o
vApplicationIdleHook                              FLASH_RUN/main.o
vApplicationStackOverflowHook                     FLASH_RUN/main.o
vApplicationTickHook                              FLASH_RUN/main.o
                                                  FLASH_RUN/tasks.o
vListInitialise                                   FLASH_RUN/list.o
                                                  FLASH_RUN/queue.o
                                                  FLASH_RUN/tasks.o
vListInitialiseItem                               FLASH_RUN/list.o
                                                  FLASH_RUN/tasks.o
vListInsert                                       FLASH_RUN/list.o
                                                  FLASH_RUN/tasks.o
vListInsertEnd                                    FLASH_RUN/list.o
                                                  FLASH_RUN/tasks.o
vListRemove                                       FLASH_RUN/list.o
                                                  FLASH_RUN/tasks.o
vLogicaTask                                       FLASH_RUN/logica.o
                                                  FLASH_RUN/main.o
vPortEndScheduler                                 FLASH_RUN/port.o
                                                  FLASH_RUN/tasks.o
vPortEnterCritical                                FLASH_RUN/port.o
                                                  FLASH_RUN/queue.o
                                                  FLASH_RUN/tasks.o
vPortExitCritical                                 FLASH_RUN/port.o
                                                  FLASH_RUN/queue.o
                                                  FLASH_RUN/tasks.o
vPortFree                                         FLASH_RUN/heap_2.o
                                                  FLASH_RUN/queue.o
                                                  FLASH_RUN/tasks.o
vPortInitialiseBlocks                             FLASH_RUN/heap_2.o
vPortSVCHandler                                   FLASH_RUN/port.o
                                                  FLASH_RUN/startup_stm32f10x_md_mthomas.o
vPortStartFirstTask                               FLASH_RUN/port.o
vPortYieldFromISR                                 FLASH_RUN/port.o
                                                  FLASH_RUN/queue.o
                                                  FLASH_RUN/tasks.o
vQueueDelete                                      FLASH_RUN/queue.o
vRs485Task                                        FLASH_RUN/rs485.o
vTaskDelay                                        FLASH_RUN/tasks.o
                                                  FLASH_RUN/rs485.o
                                                  FLASH_RUN/logica.o
vTaskDelayUntil                                   FLASH_RUN/tasks.o
vTaskDelete                                       FLASH_RUN/tasks.o
vTaskEndScheduler                                 FLASH_RUN/tasks.o
vTaskIncrementTick                                FLASH_RUN/tasks.o
                                                  FLASH_RUN/port.o
vTaskMissedYield                                  FLASH_RUN/tasks.o
                                                  FLASH_RUN/queue.o
vTaskPlaceOnEventList                             FLASH_RUN/tasks.o
                                                  FLASH_RUN/queue.o
vTaskPriorityDisinherit                           FLASH_RUN/tasks.o
                                                  FLASH_RUN/queue.o
vTaskPriorityInherit                              FLASH_RUN/tasks.o
                                                  FLASH_RUN/queue.o
vTaskPrioritySet                                  FLASH_RUN/tasks.o
vTaskResume                                       FLASH_RUN/tasks.o
vTaskSetTimeOutState                              FLASH_RUN/tasks.o
                                                  FLASH_RUN/queue.o
vTaskStartScheduler                               FLASH_RUN/tasks.o
                                                  FLASH_RUN/main.o
vTaskSuspend                                      FLASH_RUN/tasks.o
vTaskSuspendAll                                   FLASH_RUN/tasks.o
                                                  FLASH_RUN/heap_2.o
                                                  FLASH_RUN/queue.o
vTaskSwitchContext                                FLASH_RUN/tasks.o
                                                  FLASH_RUN/port.o
xPortGetFreeHeapSize                              FLASH_RUN/heap_2.o
xPortPendSVHandler                                FLASH_RUN/port.o
                                                  FLASH_RUN/startup_stm32f10x_md_mthomas.o
xPortStartScheduler                               FLASH_RUN/port.o
                                                  FLASH_RUN/tasks.o
xPortSysTickHandler                               FLASH_RUN/port.o
                                                  FLASH_RUN/startup_stm32f10x_md_mthomas.o
xQueueCreate                                      FLASH_RUN/queue.o
xQueueCreateMutex                                 FLASH_RUN/queue.o
xQueueGenericReceive                              FLASH_RUN/queue.o
xQueueGenericSend                                 FLASH_RUN/queue.o
xQueueGenericSendFromISR                          FLASH_RUN/queue.o
xQueueIsQueueEmptyFromISR                         FLASH_RUN/queue.o
xQueueIsQueueFullFromISR                          FLASH_RUN/queue.o
xQueueReceiveFromISR                              FLASH_RUN/queue.o
xTaskCheckForTimeOut                              FLASH_RUN/tasks.o
                                                  FLASH_RUN/queue.o
xTaskGenericCreate                                FLASH_RUN/tasks.o
                                                  FLASH_RUN/main.o
xTaskGetCurrentTaskHandle                         FLASH_RUN/tasks.o
                                                  FLASH_RUN/queue.o
xTaskGetTickCount                                 FLASH_RUN/tasks.o
xTaskIsTaskSuspended                              FLASH_RUN/tasks.o
xTaskRemoveFromEventList                          FLASH_RUN/tasks.o
                                                  FLASH_RUN/queue.o
xTaskResumeAll                                    FLASH_RUN/tasks.o
                                                  FLASH_RUN/heap_2.o
                                                  FLASH_RUN/queue.o
xTaskResumeFromISR                                FLASH_RUN/tasks.o