Archive member included because of file (symbol)

/home/baron/tools/sourcery/bin/../lib/gcc/arm-none-eabi/4.4.1/../../../../arm-none-eabi/lib/thumb2/libc.a(lib_a-errno.o)
                              FLASH_RUN/syscalls.o (__errno)
/home/baron/tools/sourcery/bin/../lib/gcc/arm-none-eabi/4.4.1/../../../../arm-none-eabi/lib/thumb2/libc.a(lib_a-impure.o)
                              /home/baron/tools/sourcery/bin/../lib/gcc/arm-none-eabi/4.4.1/../../../../arm-none-eabi/lib/thumb2/libc.a(lib_a-errno.o) (_impure_ptr)
/home/baron/tools/sourcery/bin/../lib/gcc/arm-none-eabi/4.4.1/../../../../arm-none-eabi/lib/thumb2/libc.a(lib_a-memcpy.o)
                              FLASH_RUN/queue.o (memcpy)
/home/baron/tools/sourcery/bin/../lib/gcc/arm-none-eabi/4.4.1/../../../../arm-none-eabi/lib/thumb2/libc.a(lib_a-memset.o)
                              FLASH_RUN/syscalls.o (memset)
/home/baron/tools/sourcery/bin/../lib/gcc/arm-none-eabi/4.4.1/../../../../arm-none-eabi/lib/thumb2/libc.a(lib_a-strlen.o)
                              FLASH_RUN/rs485.o (strlen)
/home/baron/tools/sourcery/bin/../lib/gcc/arm-none-eabi/4.4.1/../../../../arm-none-eabi/lib/thumb2/libc.a(lib_a-strncpy.o)
                              FLASH_RUN/tasks.o (strncpy)

Allocating common symbols
Common symbol       size              file

T2                  0x4               FLASH_RUN/rs485.o
HSEStartUpStatus    0x1               FLASH_RUN/hwinit.o
cntT1               0x4               FLASH_RUN/rs485.o
adcb                0xc               FLASH_RUN/adc.o
ADC_ACC             0xc               FLASH_RUN/adc.o
adca                0xc               FLASH_RUN/adc.o
u1Fifo              0x84c             FLASH_RUN/uart.o
ADC_InitStructure   0x14              FLASH_RUN/adc.o
pwmcVlue            0x8               FLASH_RUN/pwmcapture.o
T1                  0x4               FLASH_RUN/rs485.o
oldT1               0x4               FLASH_RUN/rs485.o
USART_InitStructure
                    0x10              FLASH_RUN/rs485.o
ADC1ConvertedValue  0x1800            FLASH_RUN/adc.o
oldT2               0x4               FLASH_RUN/rs485.o
DMA_InitStructure   0x2c              FLASH_RUN/adc.o
cntT2               0x4               FLASH_RUN/rs485.o

Discarded input sections

 .text          0x00000000        0x0 FLASH_RUN/core_cm3.o
 .data          0x00000000        0x0 FLASH_RUN/core_cm3.o
 .bss           0x00000000        0x0 FLASH_RUN/core_cm3.o
 .text.__get_PSP
                0x00000000       0x10 FLASH_RUN/core_cm3.o
 .text.__set_PSP
                0x00000000        0x8 FLASH_RUN/core_cm3.o
 .text.__get_MSP
                0x00000000       0x10 FLASH_RUN/core_cm3.o
 .text.__set_MSP
                0x00000000        0x8 FLASH_RUN/core_cm3.o
 .text.__get_BASEPRI
                0x00000000       0x20 FLASH_RUN/core_cm3.o
 .text.__set_BASEPRI
                0x00000000       0x18 FLASH_RUN/core_cm3.o
 .text.__get_PRIMASK
                0x00000000       0x20 FLASH_RUN/core_cm3.o
 .text.__set_PRIMASK
                0x00000000       0x18 FLASH_RUN/core_cm3.o
 .text.__get_FAULTMASK
                0x00000000       0x20 FLASH_RUN/core_cm3.o
 .text.__set_FAULTMASK
                0x00000000       0x18 FLASH_RUN/core_cm3.o
 .text.__REV    0x00000000       0x24 FLASH_RUN/core_cm3.o
 .text.__REV16  0x00000000       0x24 FLASH_RUN/core_cm3.o
 .text.__REVSH  0x00000000       0x24 FLASH_RUN/core_cm3.o
 .text.__RBIT   0x00000000       0x24 FLASH_RUN/core_cm3.o
 .text.__LDREXB
                0x00000000       0x24 FLASH_RUN/core_cm3.o
 .text.__LDREXH
                0x00000000       0x24 FLASH_RUN/core_cm3.o
 .text.__LDREXW
                0x00000000       0x24 FLASH_RUN/core_cm3.o
 .text.__STREXB
                0x00000000       0x2c FLASH_RUN/core_cm3.o
 .text.__STREXH
                0x00000000       0x2c FLASH_RUN/core_cm3.o
 .text.__STREXW
                0x00000000       0x28 FLASH_RUN/core_cm3.o
 .text.__get_CONTROL
                0x00000000       0x20 FLASH_RUN/core_cm3.o
 .text.__set_CONTROL
                0x00000000       0x18 FLASH_RUN/core_cm3.o
 .text          0x00000000        0x0 FLASH_RUN/startup_stm32f10x_hd_mthomas.o
 .data          0x00000000        0x0 FLASH_RUN/startup_stm32f10x_hd_mthomas.o
 .bss           0x00000000        0x0 FLASH_RUN/startup_stm32f10x_hd_mthomas.o
 .text          0x00000000        0x0 FLASH_RUN/syscalls.o
 .data          0x00000000        0x0 FLASH_RUN/syscalls.o
 .bss           0x00000000        0x0 FLASH_RUN/syscalls.o
 .text._read_r  0x00000000       0x30 FLASH_RUN/syscalls.o
 .text._lseek_r
                0x00000000       0x20 FLASH_RUN/syscalls.o
 .text._write_r
                0x00000000       0x1c FLASH_RUN/syscalls.o
 .text._close_r
                0x00000000       0x1c FLASH_RUN/syscalls.o
 .text._sbrk_r  0x00000000       0x88 FLASH_RUN/syscalls.o
 .text._fstat_r
                0x00000000       0x38 FLASH_RUN/syscalls.o
 .text._isatty_r
                0x00000000       0x1c FLASH_RUN/syscalls.o
[...]
Memory Configuration

Name             Origin             Length             Attributes
RAM              0x20000000         0x0000c000         xrw
EXTSRAM          0x68000000         0x00000000         xrw
FLASH            0x08000000         0x0003f800         xr
EEMUL            0x0803f800         0x00000800         xrw
FLASHB1          0x00000000         0x00000000         xr
EXTMEMB0         0x00000000         0x00000000         xr
EXTMEMB1         0x00000000         0x00000000         xr
EXTMEMB2         0x00000000         0x00000000         xr
EXTMEMB3         0x00000000         0x00000000         xr
*default*        0x00000000         0xffffffff

Linker script and memory map

LOAD FLASH_RUN/core_cm3.o
LOAD FLASH_RUN/startup_stm32f10x_hd_mthomas.o
LOAD FLASH_RUN/syscalls.o
LOAD FLASH_RUN/hwinit.o
LOAD FLASH_RUN/tasks.o
LOAD FLASH_RUN/queue.o
LOAD FLASH_RUN/list.o
LOAD FLASH_RUN/port.o
LOAD FLASH_RUN/heap_2.o
LOAD FLASH_RUN/stm32f10x_adc.o
LOAD FLASH_RUN/stm32f10x_usart.o
LOAD FLASH_RUN/stm32f10x_flash.o
LOAD FLASH_RUN/stm32f10x_gpio.o
LOAD FLASH_RUN/stm32f10x_rcc.o
LOAD FLASH_RUN/stm32f10x_spi.o
LOAD FLASH_RUN/stm32f10x_rtc.o
LOAD FLASH_RUN/stm32f10x_bkp.o
LOAD FLASH_RUN/stm32f10x_pwr.o
LOAD FLASH_RUN/stm32f10x_dma.o
LOAD FLASH_RUN/stm32f10x_tim.o
LOAD FLASH_RUN/misc.o
LOAD FLASH_RUN/adc.o
LOAD FLASH_RUN/uart.o
LOAD FLASH_RUN/pwmcapture.o
LOAD FLASH_RUN/main.o
LOAD FLASH_RUN/logica.o
LOAD FLASH_RUN/rs485.o
LOAD /home/baron/tools/sourcery/bin/../lib/gcc/arm-none-eabi/4.4.1/../../../../arm-none-eabi/lib/thumb2/libc.a
LOAD /home/baron/tools/sourcery/bin/../lib/gcc/arm-none-eabi/4.4.1/../../../../arm-none-eabi/lib/thumb2/libm.a
LOAD /home/baron/tools/sourcery/bin/../lib/gcc/arm-none-eabi/4.4.1/../../../../arm-none-eabi/lib/thumb2/libc.a
LOAD /home/baron/tools/sourcery/bin/../lib/gcc/arm-none-eabi/4.4.1/thumb2/libgcc.a
START GROUP
LOAD /home/baron/tools/sourcery/bin/../lib/gcc/arm-none-eabi/4.4.1/thumb2/libgcc.a
LOAD /home/baron/tools/sourcery/bin/../lib/gcc/arm-none-eabi/4.4.1/../../../../arm-none-eabi/lib/thumb2/libc.a
END GROUP
                0x2000c000                _estack = 0x2000c000
                0x0803f800                _seemul = 0x803f800
                0x00000100                _Minimum_Stack_Size = 0x100
                0x00000001                ASSERT (0x1, Start of memory region flash not aligned for startup vector table)

.text           0x08000000     0x40a4
                0x08000000                . = ALIGN (0x80)
                0x00000000                _isr_vectorsflash_offs = (. - 0x8000000)
 *(.isr_vectorsflash)
 .isr_vectorsflash
                0x08000000        0x8 FLASH_RUN/startup_stm32f10x_hd_mthomas.o
                0x08000000                g_pfnVectorsStartup
                0x08000008                . = ALIGN (0x4)
 *(.text)
 .text          0x08000008       0xd4 /home/baron/tools/sourcery/bin/../lib/gcc/arm-none-eabi/4.4.1/../../../../arm-none-eabi/lib/thumb2/libc.a(lib_a-memset.o)
                0x08000008                memset
 .text          0x080000dc       0x60 /home/baron/tools/sourcery/bin/../lib/gcc/arm-none-eabi/4.4.1/../../../../arm-none-eabi/lib/thumb2/libc.a(lib_a-strlen.o)
                0x080000dc                strlen
 .text          0x0800013c       0x78 /home/baron/tools/sourcery/bin/../lib/gcc/arm-none-eabi/4.4.1/../../../../arm-none-eabi/lib/thumb2/libc.a(lib_a-strncpy.o)
                0x0800013c                strncpy
 *(.text.*)
 .text.Reset_Handler
                0x080001b4       0x44 FLASH_RUN/startup_stm32f10x_hd_mthomas.o
                0x080001b4                Reset_Handler
 .text.__Init_Data
                0x080001f8       0x80 FLASH_RUN/startup_stm32f10x_hd_mthomas.o
                0x080001f8                __Init_Data
 .text.Default_Handler
                0x08000278        0x8 FLASH_RUN/startup_stm32f10x_hd_mthomas.o
                0x08000278                EXTI2_IRQHandler
                0x08000278                TIM8_TRG_COM_IRQHandler
                0x08000278                DebugMon_Handler
                0x08000278                TIM1_CC_IRQHandler
                0x08000278                TIM6_IRQHandler
                0x08000278                PVD_IRQHandler
                0x08000278                SDIO_IRQHandler
                0x08000278                EXTI3_IRQHandler
                0x08000278                EXTI0_IRQHandler
                0x08000278                I2C2_EV_IRQHandler
                0x08000278                UsageFault_Handler
                0x08000278                ADC1_2_IRQHandler
                0x08000278                SPI1_IRQHandler
                0x08000278                TAMPER_IRQHandler
                0x08000278                TIM8_UP_IRQHandler
                0x08000278                DMA2_Channel2_IRQHandler
                0x08000278                USART3_IRQHandler
                0x08000278                RTC_IRQHandler
                0x08000278                DMA1_Channel7_IRQHandler
                0x08000278                CAN1_RX1_IRQHandler
                0x08000278                UART5_IRQHandler
                0x08000278                ADC3_IRQHandler
                0x08000278                TIM4_IRQHandler
                0x08000278                DMA2_Channel1_IRQHandler
                0x08000278                I2C1_EV_IRQHandler
                0x08000278                DMA1_Channel6_IRQHandler
                0x08000278                UART4_IRQHandler
                0x08000278                TIM3_IRQHandler
                0x08000278                RCC_IRQHandler
                0x08000278                TIM1_TRG_COM_IRQHandler
                0x08000278                DMA1_Channel1_IRQHandler
                0x08000278                Default_Handler
                0x08000278                EXTI15_10_IRQHandler
                0x08000278                TIM7_IRQHandler
                0x08000278                TIM5_IRQHandler
                0x08000278                EXTI9_5_IRQHandler
                0x08000278                SPI2_IRQHandler
                0x08000278                MemManage_Handler
                0x08000278                DMA1_Channel5_IRQHandler
                0x08000278                EXTI4_IRQHandler
                0x08000278                USB_LP_CAN1_RX0_IRQHandler
                0x08000278                USB_HP_CAN1_TX_IRQHandler
                0x08000278                DMA1_Channel3_IRQHandler
                0x08000278                FSMC_IRQHandler
                0x08000278                TIM1_UP_IRQHandler
                0x08000278                WWDG_IRQHandler
                0x08000278                TIM2_IRQHandler
                0x08000278                TIM1_BRK_IRQHandler
                0x08000278                EXTI1_IRQHandler
                0x08000278                RTCAlarm_IRQHandler
                0x08000278                DMA2_Channel4_5_IRQHandler
                0x08000278                USART2_IRQHandler
                0x08000278                I2C2_ER_IRQHandler
                0x08000278                DMA1_Channel2_IRQHandler
                0x08000278                TIM8_BRK_IRQHandler
                0x08000278                CAN1_SCE_IRQHandler
                0x08000278                FLASH_IRQHandler
                0x08000278                BusFault_Handler
                0x08000278                SPI3_IRQHandler
                0x08000278                I2C1_ER_IRQHandler
                0x08000278                MMI_Handler
                0x08000278                USBWakeUp_IRQHandler
                0x08000278                DMA2_Channel3_IRQHandler
 .text.RCC_Configuration
                0x08000280       0xdc FLASH_RUN/hwinit.o
                0x08000280                RCC_Configuration
 .text.NVIC_Configuration
                0x0800035c       0x20 FLASH_RUN/hwinit.o
                0x0800035c                NVIC_Configuration
 .text.hwInit   0x0800037c       0x1c FLASH_RUN/hwinit.o
                0x0800037c                hwInit
 .text.xTaskGenericCreate
                0x08000398      0x1d0 FLASH_RUN/tasks.o
                0x08000398                xTaskGenericCreate
 .text.vTaskDelay
                0x08000568       0xdc FLASH_RUN/tasks.o
                0x08000568                vTaskDelay
 .text.vTaskStartScheduler
                0x08000644       0x84 FLASH_RUN/tasks.o
                0x08000644                vTaskStartScheduler
 .text.vTaskSuspendAll
                0x080006c8       0x24 FLASH_RUN/tasks.o
                0x080006c8                vTaskSuspendAll
 .text.xTaskResumeAll
                0x080006ec      0x18c FLASH_RUN/tasks.o
                0x080006ec                xTaskResumeAll
 .text.vTaskIncrementTick
                0x08000878      0x170 FLASH_RUN/tasks.o
                0x08000878                vTaskIncrementTick
 .text.vTaskSwitchContext
                0x080009e8       0xcc FLASH_RUN/tasks.o
                0x080009e8                vTaskSwitchContext
 .text.prvIdleTask
                0x08000ab4       0x30 FLASH_RUN/tasks.o
 .text.prvInitialiseTCBVariables
                0x08000ae4       0x90 FLASH_RUN/tasks.o
 .text.prvInitialiseTaskLists
                0x08000b74       0xc8 FLASH_RUN/tasks.o
 .text.prvCheckTasksWaitingTermination
                0x08000c3c       0xcc FLASH_RUN/tasks.o
 .text.prvAllocateTCBAndStack
                0x08000d08       0x84 FLASH_RUN/tasks.o
 .text.prvDeleteTCB
                0x08000d8c       0x2c FLASH_RUN/tasks.o
 .text.vListInitialise
                0x08000db8       0x48 FLASH_RUN/list.o
                0x08000db8                vListInitialise
 .text.vListInitialiseItem
                0x08000e00       0x1c FLASH_RUN/list.o
                0x08000e00                vListInitialiseItem
 .text.vListInsertEnd
                0x08000e1c       0x50 FLASH_RUN/list.o
                0x08000e1c                vListInsertEnd
 .text.vListInsert
                0x08000e6c       0x74 FLASH_RUN/list.o
                0x08000e6c                vListInsert
 .text.vListRemove
                0x08000ee0       0x54 FLASH_RUN/list.o
                0x08000ee0                vListRemove
 .text.pxPortInitialiseStack
                0x08000f34       0x60 FLASH_RUN/port.o
                0x08000f34                pxPortInitialiseStack
 .text.vPortSVCHandler
                0x08000f94       0x20 FLASH_RUN/port.o
                0x08000f94                vPortSVCHandler
 .text.vPortStartFirstTask
                0x08000fb4       0x10 FLASH_RUN/port.o
                0x08000fb4                vPortStartFirstTask
 .text.xPortStartScheduler
                0x08000fc4       0x60 FLASH_RUN/port.o
                0x08000fc4                xPortStartScheduler
 .text.vPortYieldFromISR
                0x08001024       0x18 FLASH_RUN/port.o
                0x08001024                vPortYieldFromISR
 .text.vPortEnterCritical
                0x0800103c       0x2c FLASH_RUN/port.o
                0x0800103c                vPortEnterCritical
 .text.vPortExitCritical
                0x08001068       0x38 FLASH_RUN/port.o
                0x08001068                vPortExitCritical
 .text.xPortPendSVHandler
                0x080010a0       0x3c FLASH_RUN/port.o
                0x080010a0                xPortPendSVHandler
 .text.xPortSysTickHandler
                0x080010dc       0x3c FLASH_RUN/port.o
                0x080010dc                xPortSysTickHandler
 .text.prvSetupTimerInterrupt
                0x08001118       0x2c FLASH_RUN/port.o
 .text.pvPortMalloc
                0x08001144      0x1d0 FLASH_RUN/heap_2.o
                0x08001144                pvPortMalloc
 .text.vPortFree
                0x08001314       0x94 FLASH_RUN/heap_2.o
                0x08001314                vPortFree
 .text.ADC_Init
                0x080013a8       0xc0 FLASH_RUN/stm32f10x_adc.o
                0x080013a8                ADC_Init
 .text.ADC_Cmd  0x08001468       0x38 FLASH_RUN/stm32f10x_adc.o
                0x08001468                ADC_Cmd
 .text.ADC_DMACmd
                0x080014a0       0x38 FLASH_RUN/stm32f10x_adc.o
                0x080014a0                ADC_DMACmd
 .text.ADC_ResetCalibration
                0x080014d8       0x20 FLASH_RUN/stm32f10x_adc.o
                0x080014d8                ADC_ResetCalibration
 .text.ADC_GetResetCalibrationStatus
                0x080014f8       0x38 FLASH_RUN/stm32f10x_adc.o
                0x080014f8                ADC_GetResetCalibrationStatus
 .text.ADC_StartCalibration
                0x08001530       0x20 FLASH_RUN/stm32f10x_adc.o
                0x08001530                ADC_StartCalibration
 .text.ADC_GetCalibrationStatus
                0x08001550       0x38 FLASH_RUN/stm32f10x_adc.o
                0x08001550                ADC_GetCalibrationStatus
 .text.ADC_SoftwareStartConvCmd
                0x08001588       0x38 FLASH_RUN/stm32f10x_adc.o
                0x08001588                ADC_SoftwareStartConvCmd
 .text.ADC_RegularChannelConfig
                0x080015c0      0x1d0 FLASH_RUN/stm32f10x_adc.o
                0x080015c0                ADC_RegularChannelConfig
 .text.USART_Init
                0x08001790      0x11c FLASH_RUN/stm32f10x_usart.o
                0x08001790                USART_Init
 .text.USART_Cmd
                0x080018ac       0x48 FLASH_RUN/stm32f10x_usart.o
                0x080018ac                USART_Cmd
 .text.USART_ITConfig
                0x080018f4       0xa8 FLASH_RUN/stm32f10x_usart.o
                0x080018f4                USART_ITConfig
 .text.USART_DMACmd
                0x0800199c       0x4c FLASH_RUN/stm32f10x_usart.o
                0x0800199c                USART_DMACmd
 .text.FLASH_SetLatency
                0x080019e8       0x44 FLASH_RUN/stm32f10x_flash.o
                0x080019e8                FLASH_SetLatency
 .text.FLASH_PrefetchBufferCmd
                0x08001a2c       0x44 FLASH_RUN/stm32f10x_flash.o
                0x08001a2c                FLASH_PrefetchBufferCmd
 .text.GPIO_Init
                0x08001a70      0x1c0 FLASH_RUN/stm32f10x_gpio.o
                0x08001a70                GPIO_Init
 .text.GPIO_SetBits
                0x08001c30       0x1c FLASH_RUN/stm32f10x_gpio.o
                0x08001c30                GPIO_SetBits
 .text.GPIO_ResetBits
                0x08001c4c       0x1c FLASH_RUN/stm32f10x_gpio.o
                0x08001c4c                GPIO_ResetBits
 .text.RCC_DeInit
                0x08001c68       0x9c FLASH_RUN/stm32f10x_rcc.o
                0x08001c68                RCC_DeInit
 .text.RCC_HSEConfig
                0x08001d04       0x84 FLASH_RUN/stm32f10x_rcc.o
                0x08001d04                RCC_HSEConfig
 .text.RCC_WaitForHSEStartUp
                0x08001d88       0x70 FLASH_RUN/stm32f10x_rcc.o
                0x08001d88                RCC_WaitForHSEStartUp
 .text.RCC_PLLConfig
                0x08001df8       0x4c FLASH_RUN/stm32f10x_rcc.o
                0x08001df8                RCC_PLLConfig
 .text.RCC_PLLCmd
                0x08001e44       0x20 FLASH_RUN/stm32f10x_rcc.o
                0x08001e44                RCC_PLLCmd
 .text.RCC_SYSCLKConfig
                0x08001e64       0x44 FLASH_RUN/stm32f10x_rcc.o
                0x08001e64                RCC_SYSCLKConfig
 .text.RCC_GetSYSCLKSource
                0x08001ea8       0x1c FLASH_RUN/stm32f10x_rcc.o
                0x08001ea8                RCC_GetSYSCLKSource
 .text.RCC_HCLKConfig
                0x08001ec4       0x44 FLASH_RUN/stm32f10x_rcc.o
                0x08001ec4                RCC_HCLKConfig
 .text.RCC_PCLK1Config
                0x08001f08       0x44 FLASH_RUN/stm32f10x_rcc.o
                0x08001f08                RCC_PCLK1Config
 .text.RCC_PCLK2Config
                0x08001f4c       0x48 FLASH_RUN/stm32f10x_rcc.o
                0x08001f4c                RCC_PCLK2Config
 .text.RCC_ADCCLKConfig
                0x08001f94       0x44 FLASH_RUN/stm32f10x_rcc.o
                0x08001f94                RCC_ADCCLKConfig
 .text.RCC_GetClocksFreq
                0x08001fd8      0x1c8 FLASH_RUN/stm32f10x_rcc.o
                0x08001fd8                RCC_GetClocksFreq
 .text.RCC_AHBPeriphClockCmd
                0x080021a0       0x58 FLASH_RUN/stm32f10x_rcc.o
                0x080021a0                RCC_AHBPeriphClockCmd
 .text.RCC_APB2PeriphClockCmd
                0x080021f8       0x58 FLASH_RUN/stm32f10x_rcc.o
                0x080021f8                RCC_APB2PeriphClockCmd
 .text.RCC_GetFlagStatus
                0x08002250       0x90 FLASH_RUN/stm32f10x_rcc.o
                0x08002250                RCC_GetFlagStatus
 .text.DMA_DeInit
                0x080022e0      0x21c FLASH_RUN/stm32f10x_dma.o
                0x080022e0                DMA_DeInit
 .text.DMA_Init
                0x080024fc       0x90 FLASH_RUN/stm32f10x_dma.o
                0x080024fc                DMA_Init
 .text.DMA_Cmd  0x0800258c       0x38 FLASH_RUN/stm32f10x_dma.o
                0x0800258c                DMA_Cmd
 .text.DMA_ITConfig
                0x080025c4       0x40 FLASH_RUN/stm32f10x_dma.o
                0x080025c4                DMA_ITConfig
 .text.DMA_ClearFlag
                0x08002604       0x38 FLASH_RUN/stm32f10x_dma.o
                0x08002604                DMA_ClearFlag
 .text.TIM_TimeBaseInit
                0x0800263c       0x80 FLASH_RUN/stm32f10x_tim.o
                0x0800263c                TIM_TimeBaseInit
 .text.TIM_ICInit
                0x080026bc       0xd8 FLASH_RUN/stm32f10x_tim.o
                0x080026bc                TIM_ICInit
 .text.TIM_Cmd  0x08002794       0x48 FLASH_RUN/stm32f10x_tim.o
                0x08002794                TIM_Cmd
 .text.TIM_ITConfig
                0x080027dc       0x4c FLASH_RUN/stm32f10x_tim.o
                0x080027dc                TIM_ITConfig
 .text.TIM_SetIC1Prescaler
                0x08002828       0x44 FLASH_RUN/stm32f10x_tim.o
                0x08002828                TIM_SetIC1Prescaler
 .text.TIM_SetIC2Prescaler
                0x0800286c       0x48 FLASH_RUN/stm32f10x_tim.o
                0x0800286c                TIM_SetIC2Prescaler
 .text.TIM_SetIC3Prescaler
                0x080028b4       0x44 FLASH_RUN/stm32f10x_tim.o
                0x080028b4                TIM_SetIC3Prescaler
 .text.TIM_SetIC4Prescaler
                0x080028f8       0x48 FLASH_RUN/stm32f10x_tim.o
                0x080028f8                TIM_SetIC4Prescaler
 .text.TIM_GetCapture3
                0x08002940       0x1c FLASH_RUN/stm32f10x_tim.o
                0x08002940                TIM_GetCapture3
 .text.TIM_GetCapture4
                0x0800295c       0x1c FLASH_RUN/stm32f10x_tim.o
                0x0800295c                TIM_GetCapture4
 .text.TIM_GetITStatus
                0x08002978       0x64 FLASH_RUN/stm32f10x_tim.o
                0x08002978                TIM_GetITStatus
 .text.TIM_ClearITPendingBit
                0x080029dc       0x24 FLASH_RUN/stm32f10x_tim.o
                0x080029dc                TIM_ClearITPendingBit
 .text.TI1_Config
                0x08002a00       0x90 FLASH_RUN/stm32f10x_tim.o
 .text.TI2_Config
                0x08002a90       0xac FLASH_RUN/stm32f10x_tim.o
 .text.TI3_Config
                0x08002b3c       0x9c FLASH_RUN/stm32f10x_tim.o
 .text.TI4_Config
                0x08002bd8       0xac FLASH_RUN/stm32f10x_tim.o
 .text.NVIC_Init
                0x08002c84       0xec FLASH_RUN/misc.o
                0x08002c84                NVIC_Init
 .text.NVIC_SetVectorTable
                0x08002d70       0x30 FLASH_RUN/misc.o
                0x08002d70                NVIC_SetVectorTable
 .text.AddMeasurments
                0x08002da0       0x98 FLASH_RUN/adc.o
                0x08002da0                AddMeasurments
 .text.GetADC   0x08002e38       0xb4 FLASH_RUN/adc.o
                0x08002e38                GetADC
 .text.ADC_DMA_Init
                0x08002eec      0x234 FLASH_RUN/adc.o
                0x08002eec                ADC_DMA_Init
 .text.ADC_RCC_Configuration
                0x08003120       0x38 FLASH_RUN/adc.o
                0x08003120                ADC_RCC_Configuration
 .text.ADC_GPIO_Configuration
                0x08003158       0x34 FLASH_RUN/adc.o
                0x08003158                ADC_GPIO_Configuration
 .text.ADC_Start
                0x0800318c       0x3c FLASH_RUN/adc.o
                0x0800318c                ADC_Start
 .text.NVIC_EnableIRQ
                0x080031c8       0x38 FLASH_RUN/uart.o
 .text.NVIC_SetPriority
                0x08003200       0x5c FLASH_RUN/uart.o
 .text.uartTxDMAConfiguration
                0x0800325c       0xc0 FLASH_RUN/uart.o
                0x0800325c                uartTxDMAConfiguration
 .text.uartRxDMAConfiguration
                0x0800331c       0x84 FLASH_RUN/uart.o
                0x0800331c                uartRxDMAConfiguration
 .text.uart1Init
                0x080033a0      0x178 FLASH_RUN/uart.o
                0x080033a0                uart1Init
 .text.uart1PutChar
                0x08003518       0xbc FLASH_RUN/uart.o
                0x08003518                uart1PutChar
 .text.uart1TxTask
                0x080035d4       0xd8 FLASH_RUN/uart.o
                0x080035d4                uart1TxTask
 .text.uart1Write
                0x080036ac       0x60 FLASH_RUN/uart.o
                0x080036ac                uart1Write
 .text.DMA1_Channel4_IRQHandler
                0x0800370c       0x34 FLASH_RUN/uart.o
                0x0800370c                DMA1_Channel4_IRQHandler
 .text.USART1_IRQHandler
                0x08003740        0xc FLASH_RUN/uart.o
                0x08003740                USART1_IRQHandler
 .text.pwmcInit
                0x0800374c      0x150 FLASH_RUN/pwmcapture.o
                0x0800374c                pwmcInit
 .text.TIM8_CC_IRQHandler
                0x0800389c      0x1e8 FLASH_RUN/pwmcapture.o
                0x0800389c                TIM8_CC_IRQHandler
 .text.pwmcGet  0x08003a84       0x30 FLASH_RUN/pwmcapture.o
                0x08003a84                pwmcGet
 .text.main     0x08003ab4       0xa0 FLASH_RUN/main.o
                0x08003ab4                main
 .text.vApplicationTickHook
                0x08003b54        0xc FLASH_RUN/main.o
                0x08003b54                vApplicationTickHook
 .text.GPIO_Configuration
                0x08003b60       0x98 FLASH_RUN/main.o
                0x08003b60                GPIO_Configuration
 .text.vLogicaTask
                0x08003bf8       0x4c FLASH_RUN/logica.o
                0x08003bf8                vLogicaTask
 .text.sendstr  0x08003c44       0x2c FLASH_RUN/rs485.o
                0x08003c44                sendstr
 .text.sendparam
                0x08003c70      0x194 FLASH_RUN/rs485.o
                0x08003c70                sendparam
 .text.vRs485Task
                0x08003e04      0x270 FLASH_RUN/rs485.o
                0x08003e04                vRs485Task
 *(.stub .gnu.linkonce.t.*)
 *(.rodata .rodata.* .gnu.linkonce.r.*)
 .rodata        0x08004074        0x8 FLASH_RUN/tasks.o
 .rodata.heapSTRUCT_SIZE
                0x0800407c        0x2 FLASH_RUN/heap_2.o
 *fill*         0x0800407e        0x2 00
 .rodata        0x08004080       0x10 FLASH_RUN/main.o
 .rodata        0x08004090       0x14 FLASH_RUN/rs485.o
 *(.glue_7 .glue_7t)
 .glue_7        0x00000000        0x0 linker stubs
 .glue_7t       0x00000000        0x0 linker stubs
                0x080040a4                . = ALIGN (0x4)
                0x080040a4                _etext = .
                0x080040a4                _sidata = _etext

.vfp11_veneer   0x080040a4        0x0
 .vfp11_veneer  0x00000000        0x0 linker stubs

.v4_bx          0x080040a4        0x0
 .v4_bx         0x00000000        0x0 linker stubs

.data           0x20000000      0x148 load address 0x080040a4
                0x20000000                . = .
                0x20000000                . = ALIGN (0x4)
                0x20000000                _sdata = .
                0x20000000                . = ALIGN (0x80)
                0x00000000                _isr_vectorsram_offs = (. - 0x20000000)
 *(.isr_vectorsram)
 .isr_vectorsram
                0x20000000      0x130 FLASH_RUN/startup_stm32f10x_hd_mthomas.o
                0x20000000                g_pfnVectors
                0x20000130                . = ALIGN (0x4)
 *(.ramfunc*)
                0x20000130                . = ALIGN (0x4)
 *(.data .data.* .gnu.linkonce.d.*)
 .data.uxCriticalNesting
                0x20000130        0x4 FLASH_RUN/port.o
 .data.APBAHBPrescTable
                0x20000134       0x10 FLASH_RUN/stm32f10x_rcc.o
 .data.ADCPrescTable
                0x20000144        0x4 FLASH_RUN/stm32f10x_rcc.o
                0x20000148                . = ALIGN (0x4)
                0x20000148                _edata = .

.bss            0x20000148     0x4a74 load address 0x080041ec
                0x20000148                . = ALIGN (0x4)
                0x20000148                _sbss = .
 *(.bss .bss.*)
 .bss.pxCurrentTCB
                0x20000148        0x4 FLASH_RUN/tasks.o
                0x20000148                pxCurrentTCB
 .bss.pxReadyTasksLists
                0x2000014c       0xc8 FLASH_RUN/tasks.o
 .bss.xDelayedTaskList1
                0x20000214       0x14 FLASH_RUN/tasks.o
 .bss.xDelayedTaskList2
                0x20000228       0x14 FLASH_RUN/tasks.o
 .bss.pxDelayedTaskList
                0x2000023c        0x4 FLASH_RUN/tasks.o
 .bss.pxOverflowDelayedTaskList
                0x20000240        0x4 FLASH_RUN/tasks.o
 .bss.xPendingReadyList
                0x20000244       0x14 FLASH_RUN/tasks.o
 .bss.xTasksWaitingTermination
                0x20000258       0x14 FLASH_RUN/tasks.o
 .bss.uxTasksDeleted
                0x2000026c        0x4 FLASH_RUN/tasks.o
 .bss.xSuspendedTaskList
                0x20000270       0x14 FLASH_RUN/tasks.o
 .bss.uxCurrentNumberOfTasks
                0x20000284        0x4 FLASH_RUN/tasks.o
 .bss.xTickCount
                0x20000288        0x4 FLASH_RUN/tasks.o
 .bss.uxTopUsedPriority
                0x2000028c        0x4 FLASH_RUN/tasks.o
 .bss.uxTopReadyPriority
                0x20000290        0x4 FLASH_RUN/tasks.o
 .bss.xSchedulerRunning
                0x20000294        0x4 FLASH_RUN/tasks.o
 .bss.uxSchedulerSuspended
                0x20000298        0x4 FLASH_RUN/tasks.o
 .bss.uxMissedTicks
                0x2000029c        0x4 FLASH_RUN/tasks.o
 .bss.xMissedYield
                0x200002a0        0x4 FLASH_RUN/tasks.o
 .bss.xNumOfOverflows
                0x200002a4        0x4 FLASH_RUN/tasks.o
 .bss.uxTaskNumber
                0x200002a8        0x4 FLASH_RUN/tasks.o
 *fill*         0x200002ac        0x4 00
 .bss.xHeap     0x200002b0     0x2800 FLASH_RUN/heap_2.o
 .bss.xStart    0x20002ab0        0x8 FLASH_RUN/heap_2.o
 .bss.xEnd      0x20002ab8        0x8 FLASH_RUN/heap_2.o
 .bss.xFreeBytesRemaining
                0x20002ac0        0x4 FLASH_RUN/heap_2.o
 .bss.xHeapHasBeenInitialised.4420
                0x20002ac4        0x4 FLASH_RUN/heap_2.o
 .bss.led1.3718
                0x20002ac8        0x4 FLASH_RUN/pwmcapture.o
 .bss.oldCC3.3715
                0x20002acc        0x2 FLASH_RUN/pwmcapture.o
 *fill*         0x20002ace        0x2 00
 .bss.led2.3719
                0x20002ad0        0x4 FLASH_RUN/pwmcapture.o
 .bss.oldCC4.3716
                0x20002ad4        0x2 FLASH_RUN/pwmcapture.o
 .bss.oldP4.3717
                0x20002ad6        0x2 FLASH_RUN/pwmcapture.o
 *(COMMON)
 COMMON         0x20002ad8        0x1 FLASH_RUN/hwinit.o
                0x20002ad8                HSEStartUpStatus
 *fill*         0x20002ad9        0x3 00
 COMMON         0x20002adc     0x1864 FLASH_RUN/adc.o
                0x20002adc                adcb
                0x20002ae8                ADC_ACC
                0x20002af4                adca
                0x20002b00                ADC_InitStructure
                0x20002b14                ADC1ConvertedValue
                0x20004314                DMA_InitStructure
 COMMON         0x20004340      0x84c FLASH_RUN/uart.o
                0x20004340                u1Fifo
 COMMON         0x20004b8c        0x8 FLASH_RUN/pwmcapture.o
                0x20004b8c                pwmcVlue
 COMMON         0x20004b94       0x28 FLASH_RUN/rs485.o
                0x20004b94                T2
                0x20004b98                cntT1
                0x20004b9c                T1
                0x20004ba0                oldT1
                0x20004ba4                USART_InitStructure
                0x20004bb4                oldT2
                0x20004bb8                cntT2
                0x20004bbc                . = ALIGN (0x4)
                0x20004bbc                _ebss = .
                0x20004bbc                PROVIDE (end, _ebss)
                0x20004bbc                PROVIDE (_end, _ebss)

._usrstack      0x20004bbc      0x100
                0x20004bbc                . = ALIGN (0x4)
                0x20004bbc                _susrstack = .
                0x20004cbc                . = (. + _Minimum_Stack_Size)
 *fill*         0x20004bbc      0x100 00
                0x20004cbc                . = ALIGN (0x4)
                0x20004cbc                _eusrstack = .

.b1text
 *(.b1text)
 *(.b1rodata)
 *(.b1rodata*)

.eb0text
 *(.eb0text)
 *(.eb0rodata)
 *(.eb0rodata*)

.eb1text
 *(.eb1text)
 *(.eb1rodata)
 *(.eb1rodata*)

.eb2text
 *(.eb2text)
 *(.eb2rodata)
 *(.eb2rodata*)

.eb3text
 *(.eb3text)
 *(.eb3rodata)
 *(.eb3rodata*)

.stab
 *(.stab)

.stabstr
 *(.stabstr)

.stab.excl
 *(.stab.excl)

.stab.exclstr
 *(.stab.exclstr)

.stab.index
 *(.stab.index)

.stab.indexstr
 *(.stab.indexstr)

.comment        0x00000000      0x489
 *(.comment)
 .comment       0x00000000       0x2b FLASH_RUN/core_cm3.o
 .comment       0x0000002b       0x2b FLASH_RUN/startup_stm32f10x_hd_mthomas.o
 .comment       0x00000056       0x2b FLASH_RUN/syscalls.o
 .comment       0x00000081       0x2b FLASH_RUN/hwinit.o
 .comment       0x000000ac       0x2b FLASH_RUN/tasks.o
 .comment       0x000000d7       0x2b FLASH_RUN/queue.o
 .comment       0x00000102       0x2b FLASH_RUN/list.o
 .comment       0x0000012d       0x2b FLASH_RUN/port.o
 .comment       0x00000158       0x2b FLASH_RUN/heap_2.o
 .comment       0x00000183       0x2b FLASH_RUN/stm32f10x_adc.o
 .comment       0x000001ae       0x2b FLASH_RUN/stm32f10x_usart.o
 .comment       0x000001d9       0x2b FLASH_RUN/stm32f10x_flash.o
 .comment       0x00000204       0x2b FLASH_RUN/stm32f10x_gpio.o
 .comment       0x0000022f       0x2b FLASH_RUN/stm32f10x_rcc.o
 .comment       0x0000025a       0x2b FLASH_RUN/stm32f10x_spi.o
 .comment       0x00000285       0x2b FLASH_RUN/stm32f10x_rtc.o
 .comment       0x000002b0       0x2b FLASH_RUN/stm32f10x_bkp.o
 .comment       0x000002db       0x2b FLASH_RUN/stm32f10x_pwr.o
 .comment       0x00000306       0x2b FLASH_RUN/stm32f10x_dma.o
 .comment       0x00000331       0x2b FLASH_RUN/stm32f10x_tim.o
 .comment       0x0000035c       0x2b FLASH_RUN/misc.o
 .comment       0x00000387       0x2b FLASH_RUN/adc.o
 .comment       0x000003b2       0x2b FLASH_RUN/uart.o
 .comment       0x000003dd       0x2b FLASH_RUN/pwmcapture.o
 .comment       0x00000408       0x2b FLASH_RUN/main.o
 .comment       0x00000433       0x2b FLASH_RUN/logica.o
 .comment       0x0000045e       0x2b FLASH_RUN/rs485.o

.debug
 *(.debug)

.line
 *(.line)

.debug_srcinfo
 *(.debug_srcinfo)

.debug_sfnames
 *(.debug_sfnames)

.debug_aranges  0x00000000     0x1048
 *(.debug_aranges)
 .debug_aranges
                0x00000000       0xc8 FLASH_RUN/core_cm3.o
 .debug_aranges
                0x000000c8       0x30 FLASH_RUN/startup_stm32f10x_hd_mthomas.o
 .debug_aranges
                0x000000f8       0x58 FLASH_RUN/syscalls.o
 .debug_aranges
                0x00000150       0x30 FLASH_RUN/hwinit.o
 .debug_aranges
                0x00000180      0x118 FLASH_RUN/tasks.o
 .debug_aranges
                0x00000298       0x98 FLASH_RUN/queue.o
 .debug_aranges
                0x00000330       0x40 FLASH_RUN/list.o
 .debug_aranges
                0x00000370       0x70 FLASH_RUN/port.o
 .debug_aranges
                0x000003e0       0x38 FLASH_RUN/heap_2.o
 .debug_aranges
                0x00000418      0x138 FLASH_RUN/stm32f10x_adc.o
 .debug_aranges
                0x00000550       0xf0 FLASH_RUN/stm32f10x_usart.o
 .debug_aranges
                0x00000640       0xd8 FLASH_RUN/stm32f10x_flash.o
 .debug_aranges
                0x00000718       0xa8 FLASH_RUN/stm32f10x_gpio.o
 .debug_aranges
                0x000007c0      0x118 FLASH_RUN/stm32f10x_rcc.o
 .debug_aranges
                0x000008d8       0xd0 FLASH_RUN/stm32f10x_spi.o
 .debug_aranges
                0x000009a8       0x88 FLASH_RUN/stm32f10x_rtc.o
 .debug_aranges
                0x00000a30       0x78 FLASH_RUN/stm32f10x_bkp.o
 .debug_aranges
                0x00000aa8       0x70 FLASH_RUN/stm32f10x_pwr.o
 .debug_aranges
                0x00000b18       0x68 FLASH_RUN/stm32f10x_dma.o
 .debug_aranges
                0x00000b80      0x2f0 FLASH_RUN/stm32f10x_tim.o
 .debug_aranges
                0x00000e70       0x40 FLASH_RUN/misc.o
 .debug_aranges
                0x00000eb0       0x48 FLASH_RUN/adc.o
 .debug_aranges
                0x00000ef8       0x90 FLASH_RUN/uart.o
 .debug_aranges
                0x00000f88       0x30 FLASH_RUN/pwmcapture.o
 .debug_aranges
                0x00000fb8       0x40 FLASH_RUN/main.o
 .debug_aranges
                0x00000ff8       0x20 FLASH_RUN/logica.o
 .debug_aranges
                0x00001018       0x30 FLASH_RUN/rs485.o

.debug_pubnames
                0x00000000     0x2707
 *(.debug_pubnames)
 .debug_pubnames
                0x00000000      0x159 FLASH_RUN/core_cm3.o
 .debug_pubnames
                0x00000159       0x71 FLASH_RUN/startup_stm32f10x_hd_mthomas.o
 .debug_pubnames
                0x000001ca       0x85 FLASH_RUN/syscalls.o
 .debug_pubnames
                0x0000024f       0x5f FLASH_RUN/hwinit.o
 .debug_pubnames
                0x000002ae      0x26e FLASH_RUN/tasks.o
 .debug_pubnames
                0x0000051c      0x127 FLASH_RUN/queue.o
 .debug_pubnames
                0x00000643       0x71 FLASH_RUN/list.o
 .debug_pubnames
                0x000006b4      0x10d FLASH_RUN/port.o
 .debug_pubnames
                0x000007c1       0x64 FLASH_RUN/heap_2.o
 .debug_pubnames
                0x00000825      0x401 FLASH_RUN/stm32f10x_adc.o
 .debug_pubnames
                0x00000c26      0x25f FLASH_RUN/stm32f10x_usart.o
 .debug_pubnames
                0x00000e85      0x26e FLASH_RUN/stm32f10x_flash.o
 .debug_pubnames
                0x000010f3      0x19d FLASH_RUN/stm32f10x_gpio.o
 .debug_pubnames
                0x00001290      0x2c4 FLASH_RUN/stm32f10x_rcc.o
 .debug_pubnames
                0x00001554      0x1f6 FLASH_RUN/stm32f10x_spi.o
 .debug_pubnames
                0x0000174a      0x136 FLASH_RUN/stm32f10x_rtc.o
 .debug_pubnames
                0x00001880      0x128 FLASH_RUN/stm32f10x_bkp.o
 .debug_pubnames
                0x000019a8       0xcb FLASH_RUN/stm32f10x_pwr.o
 .debug_pubnames
                0x00001a73       0xcf FLASH_RUN/stm32f10x_dma.o
 .debug_pubnames
                0x00001b42      0x7b0 FLASH_RUN/stm32f10x_tim.o
 .debug_pubnames
                0x000022f2       0x89 FLASH_RUN/misc.o
 .debug_pubnames
                0x0000237b       0xe5 FLASH_RUN/adc.o
 .debug_pubnames
                0x00002460      0x127 FLASH_RUN/uart.o
 .debug_pubnames
                0x00002587       0x4f FLASH_RUN/pwmcapture.o
 .debug_pubnames
                0x000025d6       0x86 FLASH_RUN/main.o
 .debug_pubnames
                0x0000265c       0x22 FLASH_RUN/logica.o
 .debug_pubnames
                0x0000267e       0x89 FLASH_RUN/rs485.o

.debug_info     0x00000000     0xbec2
 *(.debug_info .gnu.linkonce.wi.*)
 .debug_info    0x00000000      0x548 FLASH_RUN/core_cm3.o
 .debug_info    0x00000548      0x155 FLASH_RUN/startup_stm32f10x_hd_mthomas.o
 .debug_info    0x0000069d      0xc8d FLASH_RUN/syscalls.o
 .debug_info    0x0000132a      0x129 FLASH_RUN/hwinit.o
 .debug_info    0x00001453      0xcd5 FLASH_RUN/tasks.o
 .debug_info    0x00002128      0x758 FLASH_RUN/queue.o
 .debug_info    0x00002880      0x2b1 FLASH_RUN/list.o
 .debug_info    0x00002b31      0x1eb FLASH_RUN/port.o
 .debug_info    0x00002d1c      0x2ba FLASH_RUN/heap_2.o
 .debug_info    0x00002fd6      0xbf0 FLASH_RUN/stm32f10x_adc.o
 .debug_info    0x00003bc6      0x9d0 FLASH_RUN/stm32f10x_usart.o
 .debug_info    0x00004596      0x72a FLASH_RUN/stm32f10x_flash.o
 .debug_info    0x00004cc0      0x6d0 FLASH_RUN/stm32f10x_gpio.o
 .debug_info    0x00005390      0x8d0 FLASH_RUN/stm32f10x_rcc.o
 .debug_info    0x00005c60      0x953 FLASH_RUN/stm32f10x_spi.o
 .debug_info    0x000065b3      0x435 FLASH_RUN/stm32f10x_rtc.o
 .debug_info    0x000069e8      0x853 FLASH_RUN/stm32f10x_bkp.o
 .debug_info    0x0000723b      0x2a0 FLASH_RUN/stm32f10x_pwr.o
 .debug_info    0x000074db      0x43f FLASH_RUN/stm32f10x_dma.o
 .debug_info    0x0000791a     0x1dec FLASH_RUN/stm32f10x_tim.o
 .debug_info    0x00009706      0x501 FLASH_RUN/misc.o
 .debug_info    0x00009c07      0x636 FLASH_RUN/adc.o
 .debug_info    0x0000a23d      0xd39 FLASH_RUN/uart.o
 .debug_info    0x0000af76      0x812 FLASH_RUN/pwmcapture.o
 .debug_info    0x0000b788      0x276 FLASH_RUN/main.o
 .debug_info    0x0000b9fe      0x120 FLASH_RUN/logica.o
 .debug_info    0x0000bb1e      0x3a4 FLASH_RUN/rs485.o

.debug_abbrev   0x00000000     0x2348
 *(.debug_abbrev)
 .debug_abbrev  0x00000000       0xd5 FLASH_RUN/core_cm3.o
 .debug_abbrev  0x000000d5       0xc6 FLASH_RUN/startup_stm32f10x_hd_mthomas.o
 .debug_abbrev  0x0000019b      0x195 FLASH_RUN/syscalls.o
 .debug_abbrev  0x00000330       0xb8 FLASH_RUN/hwinit.o
 .debug_abbrev  0x000003e8      0x183 FLASH_RUN/tasks.o
 .debug_abbrev  0x0000056b      0x154 FLASH_RUN/queue.o
 .debug_abbrev  0x000006bf       0xca FLASH_RUN/list.o
 .debug_abbrev  0x00000789      0x11c FLASH_RUN/port.o
 .debug_abbrev  0x000008a5      0x167 FLASH_RUN/heap_2.o
 .debug_abbrev  0x00000a0c      0x183 FLASH_RUN/stm32f10x_adc.o
 .debug_abbrev  0x00000b8f      0x15d FLASH_RUN/stm32f10x_usart.o
 .debug_abbrev  0x00000cec      0x197 FLASH_RUN/stm32f10x_flash.o
 .debug_abbrev  0x00000e83      0x1a6 FLASH_RUN/stm32f10x_gpio.o
 .debug_abbrev  0x00001029      0x18b FLASH_RUN/stm32f10x_rcc.o
 .debug_abbrev  0x000011b4      0x16c FLASH_RUN/stm32f10x_spi.o
 .debug_abbrev  0x00001320      0x175 FLASH_RUN/stm32f10x_rtc.o
 .debug_abbrev  0x00001495      0x150 FLASH_RUN/stm32f10x_bkp.o
 .debug_abbrev  0x000015e5      0x138 FLASH_RUN/stm32f10x_pwr.o
 .debug_abbrev  0x0000171d      0x15d FLASH_RUN/stm32f10x_dma.o
 .debug_abbrev  0x0000187a      0x170 FLASH_RUN/stm32f10x_tim.o
 .debug_abbrev  0x000019ea      0x119 FLASH_RUN/misc.o
 .debug_abbrev  0x00001b03      0x175 FLASH_RUN/adc.o
 .debug_abbrev  0x00001c78      0x245 FLASH_RUN/uart.o
 .debug_abbrev  0x00001ebd      0x16d FLASH_RUN/pwmcapture.o
 .debug_abbrev  0x0000202a      0x139 FLASH_RUN/main.o
 .debug_abbrev  0x00002163       0x9f FLASH_RUN/logica.o
 .debug_abbrev  0x00002202      0x146 FLASH_RUN/rs485.o

.debug_line     0x00000000     0x44bc
 *(.debug_line)
 .debug_line    0x00000000      0x26a FLASH_RUN/core_cm3.o
 .debug_line    0x0000026a       0x92 FLASH_RUN/startup_stm32f10x_hd_mthomas.o
 .debug_line    0x000002fc      0x1c7 FLASH_RUN/syscalls.o
 .debug_line    0x000004c3      0x11e FLASH_RUN/hwinit.o
 .debug_line    0x000005e1      0x441 FLASH_RUN/tasks.o
 .debug_line    0x00000a22      0x2fb FLASH_RUN/queue.o
 .debug_line    0x00000d1d      0x101 FLASH_RUN/list.o
 .debug_line    0x00000e1e      0x14a FLASH_RUN/port.o
 .debug_line    0x00000f68      0x109 FLASH_RUN/heap_2.o
 .debug_line    0x00001071      0x47a FLASH_RUN/stm32f10x_adc.o
 .debug_line    0x000014eb      0x3c0 FLASH_RUN/stm32f10x_usart.o
 .debug_line    0x000018ab      0x3b8 FLASH_RUN/stm32f10x_flash.o
 .debug_line    0x00001c63      0x2fa FLASH_RUN/stm32f10x_gpio.o
 .debug_line    0x00001f5d      0x407 FLASH_RUN/stm32f10x_rcc.o
 .debug_line    0x00002364      0x365 FLASH_RUN/stm32f10x_spi.o
 .debug_line    0x000026c9      0x21d FLASH_RUN/stm32f10x_rtc.o
 .debug_line    0x000028e6      0x1e8 FLASH_RUN/stm32f10x_bkp.o
 .debug_line    0x00002ace      0x1f9 FLASH_RUN/stm32f10x_pwr.o
 .debug_line    0x00002cc7      0x248 FLASH_RUN/stm32f10x_dma.o
 .debug_line    0x00002f0f      0x942 FLASH_RUN/stm32f10x_tim.o
 .debug_line    0x00003851      0x1af FLASH_RUN/misc.o
 .debug_line    0x00003a00      0x1ea FLASH_RUN/adc.o
 .debug_line    0x00003bea      0x325 FLASH_RUN/uart.o
 .debug_line    0x00003f0f      0x1aa FLASH_RUN/pwmcapture.o
 .debug_line    0x000040b9      0x191 FLASH_RUN/main.o
 .debug_line    0x0000424a       0xe1 FLASH_RUN/logica.o
 .debug_line    0x0000432b      0x191 FLASH_RUN/rs485.o

.debug_frame    0x00000000     0x33b0
 *(.debug_frame)
 .debug_frame   0x00000000      0x248 FLASH_RUN/core_cm3.o
 .debug_frame   0x00000248       0x70 FLASH_RUN/startup_stm32f10x_hd_mthomas.o
 .debug_frame   0x000002b8       0xfc FLASH_RUN/syscalls.o
 .debug_frame   0x000003b4       0x64 FLASH_RUN/hwinit.o
 .debug_frame   0x00000418      0x3f8 FLASH_RUN/tasks.o
 .debug_frame   0x00000810      0x204 FLASH_RUN/queue.o
 .debug_frame   0x00000a14       0x9c FLASH_RUN/list.o
 .debug_frame   0x00000ab0      0x124 FLASH_RUN/port.o
 .debug_frame   0x00000bd4       0x88 FLASH_RUN/heap_2.o
 .debug_frame   0x00000c5c      0x404 FLASH_RUN/stm32f10x_adc.o
 .debug_frame   0x00001060      0x30c FLASH_RUN/stm32f10x_usart.o
 .debug_frame   0x0000136c      0x2d8 FLASH_RUN/stm32f10x_flash.o
 .debug_frame   0x00001644      0x20c FLASH_RUN/stm32f10x_gpio.o
 .debug_frame   0x00001850      0x394 FLASH_RUN/stm32f10x_rcc.o
 .debug_frame   0x00001be4      0x29c FLASH_RUN/stm32f10x_spi.o
 .debug_frame   0x00001e80      0x1a4 FLASH_RUN/stm32f10x_rtc.o
 .debug_frame   0x00002024      0x160 FLASH_RUN/stm32f10x_bkp.o
 .debug_frame   0x00002184      0x148 FLASH_RUN/stm32f10x_pwr.o
 .debug_frame   0x000022cc      0x128 FLASH_RUN/stm32f10x_dma.o
 .debug_frame   0x000023f4      0xa20 FLASH_RUN/stm32f10x_tim.o
 .debug_frame   0x00002e14       0x9c FLASH_RUN/misc.o
 .debug_frame   0x00002eb0       0xc0 FLASH_RUN/adc.o
 .debug_frame   0x00002f70      0x1dc FLASH_RUN/uart.o
 .debug_frame   0x0000314c       0x6c FLASH_RUN/pwmcapture.o
 .debug_frame   0x000031b8       0xa4 FLASH_RUN/main.o
 .debug_frame   0x0000325c       0x20 FLASH_RUN/logica.o
 .debug_frame   0x0000327c       0x70 FLASH_RUN/rs485.o
 .debug_frame   0x000032ec       0x20 /home/baron/tools/sourcery/bin/../lib/gcc/arm-none-eabi/4.4.1/../../../../arm-none-eabi/lib/thumb2/libc.a(lib_a-errno.o)
 .debug_frame   0x0000330c       0x34 /home/baron/tools/sourcery/bin/../lib/gcc/arm-none-eabi/4.4.1/../../../../arm-none-eabi/lib/thumb2/libc.a(lib_a-memcpy.o)
 .debug_frame   0x00003340       0x28 /home/baron/tools/sourcery/bin/../lib/gcc/arm-none-eabi/4.4.1/../../../../arm-none-eabi/lib/thumb2/libc.a(lib_a-memset.o)
 .debug_frame   0x00003368       0x20 /home/baron/tools/sourcery/bin/../lib/gcc/arm-none-eabi/4.4.1/../../../../arm-none-eabi/lib/thumb2/libc.a(lib_a-strlen.o)
 .debug_frame   0x00003388       0x28 /home/baron/tools/sourcery/bin/../lib/gcc/arm-none-eabi/4.4.1/../../../../arm-none-eabi/lib/thumb2/libc.a(lib_a-strncpy.o)

.debug_str      0x00000000     0x4a4d
 *(.debug_str)
 .debug_str     0x00000000      0x1fb FLASH_RUN/core_cm3.o
                                0x24c (size before relaxing)
 .debug_str     0x000001fb       0xb7 FLASH_RUN/startup_stm32f10x_hd_mthomas.o
                                0x100 (size before relaxing)
 .debug_str     0x000002b2      0x4ee FLASH_RUN/syscalls.o
                                0x5f0 (size before relaxing)
 .debug_str     0x000007a0       0x86 FLASH_RUN/hwinit.o
                                0x162 (size before relaxing)
 .debug_str     0x00000826      0x70f FLASH_RUN/tasks.o
                                0x7f0 (size before relaxing)
 .debug_str     0x00000f35      0x2d6 FLASH_RUN/queue.o
                                0x491 (size before relaxing)
 .debug_str     0x0000120b       0xa9 FLASH_RUN/list.o
                                0x207 (size before relaxing)
 .debug_str     0x000012b4      0x132 FLASH_RUN/port.o
                                0x213 (size before relaxing)
 .debug_str     0x000013e6      0x160 FLASH_RUN/heap_2.o
                                0x232 (size before relaxing)
 .debug_str     0x00001546      0x565 FLASH_RUN/stm32f10x_adc.o
                                0x678 (size before relaxing)
 .debug_str     0x00001aab      0x4a6 FLASH_RUN/stm32f10x_usart.o
                                0x5e0 (size before relaxing)
 .debug_str     0x00001f51      0x3a3 FLASH_RUN/stm32f10x_flash.o
                                0x4db (size before relaxing)
 .debug_str     0x000022f4      0x36b FLASH_RUN/stm32f10x_gpio.o
                                0x479 (size before relaxing)
 .debug_str     0x0000265f      0x3c6 FLASH_RUN/stm32f10x_rcc.o
                                0x582 (size before relaxing)
 .debug_str     0x00002a25      0x37f FLASH_RUN/stm32f10x_spi.o
                                0x57a (size before relaxing)
 .debug_str     0x00002da4      0x198 FLASH_RUN/stm32f10x_rtc.o
                                0x30b (size before relaxing)
 .debug_str     0x00002f3c      0x38e FLASH_RUN/stm32f10x_bkp.o
                                0x526 (size before relaxing)
 .debug_str     0x000032ca      0x116 FLASH_RUN/stm32f10x_pwr.o
                                0x22c (size before relaxing)
 .debug_str     0x000033e0      0x1de FLASH_RUN/stm32f10x_dma.o
                                0x307 (size before relaxing)
 .debug_str     0x000035be      0xb0f FLASH_RUN/stm32f10x_tim.o
                                0xd5a (size before relaxing)
 .debug_str     0x000040cd      0x1f3 FLASH_RUN/misc.o
                                0x320 (size before relaxing)
 .debug_str     0x000042c0       0xd0 FLASH_RUN/adc.o
                                0x466 (size before relaxing)
 .debug_str     0x00004390      0x555 FLASH_RUN/uart.o
                                0x991 (size before relaxing)
 .debug_str     0x000048e5       0xa9 FLASH_RUN/pwmcapture.o
                                0x8b3 (size before relaxing)
 .debug_str     0x0000498e       0x54 FLASH_RUN/main.o
                                0x284 (size before relaxing)
 .debug_str     0x000049e2       0x1b FLASH_RUN/logica.o
                                 0xfb (size before relaxing)
 .debug_str     0x000049fd       0x50 FLASH_RUN/rs485.o
                                0x2e7 (size before relaxing)

.debug_loc      0x00000000     0x5ab8
 *(.debug_loc)
 .debug_loc     0x00000000      0x3de FLASH_RUN/core_cm3.o
 .debug_loc     0x000003de       0x99 FLASH_RUN/startup_stm32f10x_hd_mthomas.o
 .debug_loc     0x00000477      0x1b8 FLASH_RUN/syscalls.o
 .debug_loc     0x0000062f       0x81 FLASH_RUN/hwinit.o
 .debug_loc     0x000006b0      0x6b0 FLASH_RUN/tasks.o
 .debug_loc     0x00000d60      0x370 FLASH_RUN/queue.o
 .debug_loc     0x000010d0      0x113 FLASH_RUN/list.o
 .debug_loc     0x000011e3      0x170 FLASH_RUN/port.o
 .debug_loc     0x00001353       0xc4 FLASH_RUN/heap_2.o
 .debug_loc     0x00001417      0x7b0 FLASH_RUN/stm32f10x_adc.o
 .debug_loc     0x00001bc7      0x5cd FLASH_RUN/stm32f10x_usart.o
 .debug_loc     0x00002194      0x4f8 FLASH_RUN/stm32f10x_flash.o
 .debug_loc     0x0000268c      0x3d2 FLASH_RUN/stm32f10x_gpio.o
 .debug_loc     0x00002a5e      0x6bc FLASH_RUN/stm32f10x_rcc.o
 .debug_loc     0x0000311a      0x4f1 FLASH_RUN/stm32f10x_spi.o
 .debug_loc     0x0000360b      0x2d2 FLASH_RUN/stm32f10x_rtc.o
 .debug_loc     0x000038dd      0x258 FLASH_RUN/stm32f10x_bkp.o
 .debug_loc     0x00003b35      0x22d FLASH_RUN/stm32f10x_pwr.o
 .debug_loc     0x00003d62      0x226 FLASH_RUN/stm32f10x_dma.o
 .debug_loc     0x00003f88     0x138d FLASH_RUN/stm32f10x_tim.o
 .debug_loc     0x00005315      0x113 FLASH_RUN/misc.o
 .debug_loc     0x00005428      0x126 FLASH_RUN/adc.o
 .debug_loc     0x0000554e      0x325 FLASH_RUN/uart.o
 .debug_loc     0x00005873       0xa5 FLASH_RUN/pwmcapture.o
 .debug_loc     0x00005918       0xfb FLASH_RUN/main.o
 .debug_loc     0x00005a13       0xa5 FLASH_RUN/rs485.o

.debug_macinfo
 *(.debug_macinfo)

.debug_weaknames
 *(.debug_weaknames)

.debug_funcnames
 *(.debug_funcnames)

.debug_typenames
 *(.debug_typenames)

.debug_varnames
 *(.debug_varnames)

.debug_pubtypes
 *(.debug_pubtypes)

.debug_ranges   0x00000000      0xf70
 *(.debug_ranges)
 .debug_ranges  0x00000000       0xc0 FLASH_RUN/core_cm3.o
 .debug_ranges  0x000000c0       0x28 FLASH_RUN/startup_stm32f10x_hd_mthomas.o
 .debug_ranges  0x000000e8       0x50 FLASH_RUN/syscalls.o
 .debug_ranges  0x00000138       0x28 FLASH_RUN/hwinit.o
 .debug_ranges  0x00000160      0x110 FLASH_RUN/tasks.o
 .debug_ranges  0x00000270       0x90 FLASH_RUN/queue.o
 .debug_ranges  0x00000300       0x38 FLASH_RUN/list.o
 .debug_ranges  0x00000338       0x68 FLASH_RUN/port.o
 .debug_ranges  0x000003a0       0x30 FLASH_RUN/heap_2.o
 .debug_ranges  0x000003d0      0x130 FLASH_RUN/stm32f10x_adc.o
 .debug_ranges  0x00000500       0xe8 FLASH_RUN/stm32f10x_usart.o
 .debug_ranges  0x000005e8       0xd0 FLASH_RUN/stm32f10x_flash.o
 .debug_ranges  0x000006b8       0xa0 FLASH_RUN/stm32f10x_gpio.o
 .debug_ranges  0x00000758      0x110 FLASH_RUN/stm32f10x_rcc.o
 .debug_ranges  0x00000868       0xc8 FLASH_RUN/stm32f10x_spi.o
 .debug_ranges  0x00000930       0x80 FLASH_RUN/stm32f10x_rtc.o
 .debug_ranges  0x000009b0       0x70 FLASH_RUN/stm32f10x_bkp.o
 .debug_ranges  0x00000a20       0x68 FLASH_RUN/stm32f10x_pwr.o
 .debug_ranges  0x00000a88       0x60 FLASH_RUN/stm32f10x_dma.o
 .debug_ranges  0x00000ae8      0x2e8 FLASH_RUN/stm32f10x_tim.o
 .debug_ranges  0x00000dd0       0x38 FLASH_RUN/misc.o
 .debug_ranges  0x00000e08       0x40 FLASH_RUN/adc.o
 .debug_ranges  0x00000e48       0x88 FLASH_RUN/uart.o
 .debug_ranges  0x00000ed0       0x28 FLASH_RUN/pwmcapture.o
 .debug_ranges  0x00000ef8       0x38 FLASH_RUN/main.o
 .debug_ranges  0x00000f30       0x18 FLASH_RUN/logica.o
 .debug_ranges  0x00000f48       0x28 FLASH_RUN/rs485.o

.ARM.attributes
                0x00000000       0x31
 *(.ARM.attributes)
 .ARM.attributes
                0x00000000       0x31 FLASH_RUN/core_cm3.o
 .ARM.attributes
                0x00000031       0x31 FLASH_RUN/startup_stm32f10x_hd_mthomas.o
 .ARM.attributes
                0x00000062       0x31 FLASH_RUN/syscalls.o
 .ARM.attributes
                0x00000093       0x31 FLASH_RUN/hwinit.o
 .ARM.attributes
                0x000000c4       0x31 FLASH_RUN/tasks.o
 .ARM.attributes
                0x000000f5       0x31 FLASH_RUN/queue.o
 .ARM.attributes
                0x00000126       0x31 FLASH_RUN/list.o
 .ARM.attributes
                0x00000157       0x31 FLASH_RUN/port.o
 .ARM.attributes
                0x00000188       0x31 FLASH_RUN/heap_2.o
 .ARM.attributes
                0x000001b9       0x31 FLASH_RUN/stm32f10x_adc.o
 .ARM.attributes
                0x000001ea       0x31 FLASH_RUN/stm32f10x_usart.o
 .ARM.attributes
                0x0000021b       0x31 FLASH_RUN/stm32f10x_flash.o
 .ARM.attributes
                0x0000024c       0x31 FLASH_RUN/stm32f10x_gpio.o
 .ARM.attributes
                0x0000027d       0x31 FLASH_RUN/stm32f10x_rcc.o
 .ARM.attributes
                0x000002ae       0x31 FLASH_RUN/stm32f10x_spi.o
 .ARM.attributes
                0x000002df       0x31 FLASH_RUN/stm32f10x_rtc.o
 .ARM.attributes
                0x00000310       0x31 FLASH_RUN/stm32f10x_bkp.o
 .ARM.attributes
                0x00000341       0x31 FLASH_RUN/stm32f10x_pwr.o
 .ARM.attributes
                0x00000372       0x31 FLASH_RUN/stm32f10x_dma.o
 .ARM.attributes
                0x000003a3       0x31 FLASH_RUN/stm32f10x_tim.o
 .ARM.attributes
                0x000003d4       0x31 FLASH_RUN/misc.o
 .ARM.attributes
                0x00000405       0x31 FLASH_RUN/adc.o
 .ARM.attributes
                0x00000436       0x31 FLASH_RUN/uart.o
 .ARM.attributes
                0x00000467       0x31 FLASH_RUN/pwmcapture.o
 .ARM.attributes
                0x00000498       0x31 FLASH_RUN/main.o
 .ARM.attributes
                0x000004c9       0x31 FLASH_RUN/logica.o
 .ARM.attributes
                0x000004fa       0x31 FLASH_RUN/rs485.o
 .ARM.attributes
                0x0000052b       0x29 /home/baron/tools/sourcery/bin/../lib/gcc/arm-none-eabi/4.4.1/../../../../arm-none-eabi/lib/thumb2/libc.a(lib_a-errno.o)
 .ARM.attributes
                0x00000554       0x29 /home/baron/tools/sourcery/bin/../lib/gcc/arm-none-eabi/4.4.1/../../../../arm-none-eabi/lib/thumb2/libc.a(lib_a-impure.o)
 .ARM.attributes
                0x0000057d       0x29 /home/baron/tools/sourcery/bin/../lib/gcc/arm-none-eabi/4.4.1/../../../../arm-none-eabi/lib/thumb2/libc.a(lib_a-memcpy.o)
 .ARM.attributes
                0x000005a6       0x29 /home/baron/tools/sourcery/bin/../lib/gcc/arm-none-eabi/4.4.1/../../../../arm-none-eabi/lib/thumb2/libc.a(lib_a-memset.o)
 .ARM.attributes
                0x000005cf       0x29 /home/baron/tools/sourcery/bin/../lib/gcc/arm-none-eabi/4.4.1/../../../../arm-none-eabi/lib/thumb2/libc.a(lib_a-strlen.o)
 .ARM.attributes
                0x000005f8       0x29 /home/baron/tools/sourcery/bin/../lib/gcc/arm-none-eabi/4.4.1/../../../../arm-none-eabi/lib/thumb2/libc.a(lib_a-strncpy.o)
 *(.gnu.attributes)

.note.gnu.arm.ident
 *(.note.gnu.arm.ident)

/DISCARD/
 *(.note.GNU-stack)
 *(.gnu_debuglink)
                0x00000400                __Stack_Size = 0x400
                0x00000400                PROVIDE (_Stack_Size, __Stack_Size)
                0x2000bc00                __Stack_Init = (_estack - __Stack_Size)
                0x2000bc00                PROVIDE (_Stack_Init, __Stack_Init)
OUTPUT(FLASH_RUN/windcatcher.elf elf32-littlearm)

Cross Reference Table

Symbol                                            File
ADC1ConvertedValue                                FLASH_RUN/adc.o
ADC1_2_IRQHandler                                 FLASH_RUN/startup_stm32f10x_hd_mthomas.o
ADC3_IRQHandler                                   FLASH_RUN/startup_stm32f10x_hd_mthomas.o
ADC_ACC                                           FLASH_RUN/adc.o
ADC_AnalogWatchdogCmd                             FLASH_RUN/stm32f10x_adc.o
ADC_AnalogWatchdogSingleChannelConfig             FLASH_RUN/stm32f10x_adc.o
ADC_AnalogWatchdogThresholdsConfig                FLASH_RUN/stm32f10x_adc.o
ADC_AutoInjectedConvCmd                           FLASH_RUN/stm32f10x_adc.o
ADC_ClearFlag                                     FLASH_RUN/stm32f10x_adc.o
ADC_ClearITPendingBit                             FLASH_RUN/stm32f10x_adc.o
ADC_Cmd                                           FLASH_RUN/stm32f10x_adc.o
                                                  FLASH_RUN/adc.o
ADC_DMACmd                                        FLASH_RUN/stm32f10x_adc.o
                                                  FLASH_RUN/adc.o
ADC_DMA_Init                                      FLASH_RUN/adc.o
ADC_DeInit                                        FLASH_RUN/stm32f10x_adc.o
ADC_DiscModeChannelCountConfig                    FLASH_RUN/stm32f10x_adc.o
ADC_DiscModeCmd                                   FLASH_RUN/stm32f10x_adc.o
ADC_ExternalTrigConvCmd                           FLASH_RUN/stm32f10x_adc.o
ADC_ExternalTrigInjectedConvCmd                   FLASH_RUN/stm32f10x_adc.o
ADC_ExternalTrigInjectedConvConfig                FLASH_RUN/stm32f10x_adc.o
ADC_GPIO_Configuration                            FLASH_RUN/adc.o
ADC_GetCalibrationStatus                          FLASH_RUN/stm32f10x_adc.o
                                                  FLASH_RUN/adc.o
ADC_GetConversionValue                            FLASH_RUN/stm32f10x_adc.o
ADC_GetDualModeConversionValue                    FLASH_RUN/stm32f10x_adc.o
ADC_GetFlagStatus                                 FLASH_RUN/stm32f10x_adc.o
ADC_GetITStatus                                   FLASH_RUN/stm32f10x_adc.o
ADC_GetInjectedConversionValue                    FLASH_RUN/stm32f10x_adc.o
ADC_GetResetCalibrationStatus                     FLASH_RUN/stm32f10x_adc.o
                                                  FLASH_RUN/adc.o
ADC_GetSoftwareStartConvStatus                    FLASH_RUN/stm32f10x_adc.o
ADC_GetSoftwareStartInjectedConvCmdStatus         FLASH_RUN/stm32f10x_adc.o
ADC_ITConfig                                      FLASH_RUN/stm32f10x_adc.o
ADC_Init                                          FLASH_RUN/stm32f10x_adc.o
                                                  FLASH_RUN/adc.o
ADC_InitStructure                                 FLASH_RUN/adc.o
ADC_InjectedChannelConfig                         FLASH_RUN/stm32f10x_adc.o
ADC_InjectedDiscModeCmd                           FLASH_RUN/stm32f10x_adc.o
ADC_InjectedSequencerLengthConfig                 FLASH_RUN/stm32f10x_adc.o
ADC_RCC_Configuration                             FLASH_RUN/adc.o
ADC_RegularChannelConfig                          FLASH_RUN/stm32f10x_adc.o
                                                  FLASH_RUN/adc.o
ADC_ResetCalibration                              FLASH_RUN/stm32f10x_adc.o
                                                  FLASH_RUN/adc.o
ADC_SetInjectedOffset                             FLASH_RUN/stm32f10x_adc.o
ADC_SoftwareStartConvCmd                          FLASH_RUN/stm32f10x_adc.o
                                                  FLASH_RUN/adc.o
ADC_SoftwareStartInjectedConvCmd                  FLASH_RUN/stm32f10x_adc.o
ADC_Start                                         FLASH_RUN/adc.o
                                                  FLASH_RUN/rs485.o
ADC_StartCalibration                              FLASH_RUN/stm32f10x_adc.o
                                                  FLASH_RUN/adc.o
ADC_StructInit                                    FLASH_RUN/stm32f10x_adc.o
ADC_TempSensorVrefintCmd                          FLASH_RUN/stm32f10x_adc.o
AddMeasurments                                    FLASH_RUN/adc.o
BKP_ClearFlag                                     FLASH_RUN/stm32f10x_bkp.o
BKP_ClearITPendingBit                             FLASH_RUN/stm32f10x_bkp.o
BKP_DeInit                                        FLASH_RUN/stm32f10x_bkp.o
BKP_GetFlagStatus                                 FLASH_RUN/stm32f10x_bkp.o
BKP_GetITStatus                                   FLASH_RUN/stm32f10x_bkp.o
BKP_ITConfig                                      FLASH_RUN/stm32f10x_bkp.o
BKP_RTCOutputConfig                               FLASH_RUN/stm32f10x_bkp.o
BKP_ReadBackupRegister                            FLASH_RUN/stm32f10x_bkp.o
BKP_SetRTCCalibrationValue                        FLASH_RUN/stm32f10x_bkp.o
BKP_TamperPinCmd                                  FLASH_RUN/stm32f10x_bkp.o
BKP_TamperPinLevelConfig                          FLASH_RUN/stm32f10x_bkp.o
BKP_WriteBackupRegister                           FLASH_RUN/stm32f10x_bkp.o
BusFault_Handler                                  FLASH_RUN/startup_stm32f10x_hd_mthomas.o
CAN1_RX1_IRQHandler                               FLASH_RUN/startup_stm32f10x_hd_mthomas.o
CAN1_SCE_IRQHandler                               FLASH_RUN/startup_stm32f10x_hd_mthomas.o
DMA1_Channel1_IRQHandler                          FLASH_RUN/startup_stm32f10x_hd_mthomas.o
DMA1_Channel2_IRQHandler                          FLASH_RUN/startup_stm32f10x_hd_mthomas.o
DMA1_Channel3_IRQHandler                          FLASH_RUN/startup_stm32f10x_hd_mthomas.o
DMA1_Channel4_IRQHandler                          FLASH_RUN/uart.o
                                                  FLASH_RUN/startup_stm32f10x_hd_mthomas.o
DMA1_Channel5_IRQHandler                          FLASH_RUN/startup_stm32f10x_hd_mthomas.o
DMA1_Channel6_IRQHandler                          FLASH_RUN/startup_stm32f10x_hd_mthomas.o
DMA1_Channel7_IRQHandler                          FLASH_RUN/startup_stm32f10x_hd_mthomas.o
DMA2_Channel1_IRQHandler                          FLASH_RUN/startup_stm32f10x_hd_mthomas.o
DMA2_Channel2_IRQHandler                          FLASH_RUN/startup_stm32f10x_hd_mthomas.o
DMA2_Channel3_IRQHandler                          FLASH_RUN/startup_stm32f10x_hd_mthomas.o
DMA2_Channel4_5_IRQHandler                        FLASH_RUN/startup_stm32f10x_hd_mthomas.o
DMA_ClearFlag                                     FLASH_RUN/stm32f10x_dma.o
                                                  FLASH_RUN/uart.o
DMA_ClearITPendingBit                             FLASH_RUN/stm32f10x_dma.o
DMA_Cmd                                           FLASH_RUN/stm32f10x_dma.o
                                                  FLASH_RUN/uart.o
                                                  FLASH_RUN/adc.o
DMA_DeInit                                        FLASH_RUN/stm32f10x_dma.o
                                                  FLASH_RUN/uart.o
                                                  FLASH_RUN/adc.o
DMA_GetCurrDataCounter                            FLASH_RUN/stm32f10x_dma.o
                                                  FLASH_RUN/uart.o
DMA_GetFlagStatus                                 FLASH_RUN/stm32f10x_dma.o
DMA_GetITStatus                                   FLASH_RUN/stm32f10x_dma.o
DMA_ITConfig                                      FLASH_RUN/stm32f10x_dma.o
                                                  FLASH_RUN/uart.o
DMA_Init                                          FLASH_RUN/stm32f10x_dma.o
                                                  FLASH_RUN/uart.o
                                                  FLASH_RUN/adc.o
DMA_InitStructure                                 FLASH_RUN/adc.o
DMA_StructInit                                    FLASH_RUN/stm32f10x_dma.o
DebugMon_Handler                                  FLASH_RUN/startup_stm32f10x_hd_mthomas.o
Default_Handler                                   FLASH_RUN/startup_stm32f10x_hd_mthomas.o
EXTI0_IRQHandler                                  FLASH_RUN/startup_stm32f10x_hd_mthomas.o
EXTI15_10_IRQHandler                              FLASH_RUN/startup_stm32f10x_hd_mthomas.o
EXTI1_IRQHandler                                  FLASH_RUN/startup_stm32f10x_hd_mthomas.o
EXTI2_IRQHandler                                  FLASH_RUN/startup_stm32f10x_hd_mthomas.o
EXTI3_IRQHandler                                  FLASH_RUN/startup_stm32f10x_hd_mthomas.o
EXTI4_IRQHandler                                  FLASH_RUN/startup_stm32f10x_hd_mthomas.o
EXTI9_5_IRQHandler                                FLASH_RUN/startup_stm32f10x_hd_mthomas.o
FLASH_ClearFlag                                   FLASH_RUN/stm32f10x_flash.o
FLASH_EnableWriteProtection                       FLASH_RUN/stm32f10x_flash.o
FLASH_EraseAllPages                               FLASH_RUN/stm32f10x_flash.o
FLASH_EraseOptionBytes                            FLASH_RUN/stm32f10x_flash.o
FLASH_ErasePage                                   FLASH_RUN/stm32f10x_flash.o
FLASH_GetFlagStatus                               FLASH_RUN/stm32f10x_flash.o
FLASH_GetPrefetchBufferStatus                     FLASH_RUN/stm32f10x_flash.o
FLASH_GetReadOutProtectionStatus                  FLASH_RUN/stm32f10x_flash.o
FLASH_GetStatus                                   FLASH_RUN/stm32f10x_flash.o
FLASH_GetUserOptionByte                           FLASH_RUN/stm32f10x_flash.o
FLASH_GetWriteProtectionOptionByte                FLASH_RUN/stm32f10x_flash.o
FLASH_HalfCycleAccessCmd                          FLASH_RUN/stm32f10x_flash.o
FLASH_IRQHandler                                  FLASH_RUN/startup_stm32f10x_hd_mthomas.o
FLASH_ITConfig                                    FLASH_RUN/stm32f10x_flash.o
FLASH_Lock                                        FLASH_RUN/stm32f10x_flash.o
FLASH_PrefetchBufferCmd                           FLASH_RUN/stm32f10x_flash.o
                                                  FLASH_RUN/hwinit.o
FLASH_ProgramHalfWord                             FLASH_RUN/stm32f10x_flash.o
FLASH_ProgramOptionByteData                       FLASH_RUN/stm32f10x_flash.o
FLASH_ProgramWord                                 FLASH_RUN/stm32f10x_flash.o
FLASH_ReadOutProtection                           FLASH_RUN/stm32f10x_flash.o
FLASH_SetLatency                                  FLASH_RUN/stm32f10x_flash.o
                                                  FLASH_RUN/hwinit.o
FLASH_Unlock                                      FLASH_RUN/stm32f10x_flash.o
FLASH_UserOptionByteConfig                        FLASH_RUN/stm32f10x_flash.o
FLASH_WaitForLastOperation                        FLASH_RUN/stm32f10x_flash.o
FSMC_IRQHandler                                   FLASH_RUN/startup_stm32f10x_hd_mthomas.o
GPIO_AFIODeInit                                   FLASH_RUN/stm32f10x_gpio.o
GPIO_Configuration                                FLASH_RUN/main.o
GPIO_DeInit                                       FLASH_RUN/stm32f10x_gpio.o
GPIO_ETH_MediaInterfaceConfig                     FLASH_RUN/stm32f10x_gpio.o
GPIO_EXTILineConfig                               FLASH_RUN/stm32f10x_gpio.o
GPIO_EventOutputCmd                               FLASH_RUN/stm32f10x_gpio.o
GPIO_EventOutputConfig                            FLASH_RUN/stm32f10x_gpio.o
GPIO_Init                                         FLASH_RUN/stm32f10x_gpio.o
                                                  FLASH_RUN/rs485.o
                                                  FLASH_RUN/main.o
                                                  FLASH_RUN/pwmcapture.o
                                                  FLASH_RUN/uart.o
                                                  FLASH_RUN/adc.o
GPIO_PinLockConfig                                FLASH_RUN/stm32f10x_gpio.o
GPIO_PinRemapConfig                               FLASH_RUN/stm32f10x_gpio.o
GPIO_ReadInputData                                FLASH_RUN/stm32f10x_gpio.o
GPIO_ReadInputDataBit                             FLASH_RUN/stm32f10x_gpio.o
GPIO_ReadOutputData                               FLASH_RUN/stm32f10x_gpio.o
GPIO_ReadOutputDataBit                            FLASH_RUN/stm32f10x_gpio.o
GPIO_ResetBits                                    FLASH_RUN/stm32f10x_gpio.o
                                                  FLASH_RUN/logica.o
                                                  FLASH_RUN/pwmcapture.o
GPIO_SetBits                                      FLASH_RUN/stm32f10x_gpio.o
                                                  FLASH_RUN/rs485.o
                                                  FLASH_RUN/logica.o
                                                  FLASH_RUN/pwmcapture.o
GPIO_StructInit                                   FLASH_RUN/stm32f10x_gpio.o
GPIO_Write                                        FLASH_RUN/stm32f10x_gpio.o
GPIO_WriteBit                                     FLASH_RUN/stm32f10x_gpio.o
GetADC                                            FLASH_RUN/adc.o
                                                  FLASH_RUN/rs485.o
HSEStartUpStatus                                  FLASH_RUN/hwinit.o
HardFault_Handler                                 FLASH_RUN/startup_stm32f10x_hd_mthomas.o
I2C1_ER_IRQHandler                                FLASH_RUN/startup_stm32f10x_hd_mthomas.o
I2C1_EV_IRQHandler                                FLASH_RUN/startup_stm32f10x_hd_mthomas.o
I2C2_ER_IRQHandler                                FLASH_RUN/startup_stm32f10x_hd_mthomas.o
I2C2_EV_IRQHandler                                FLASH_RUN/startup_stm32f10x_hd_mthomas.o
I2S_Cmd                                           FLASH_RUN/stm32f10x_spi.o
I2S_Init                                          FLASH_RUN/stm32f10x_spi.o
I2S_StructInit                                    FLASH_RUN/stm32f10x_spi.o
MMI_Handler                                       FLASH_RUN/startup_stm32f10x_hd_mthomas.o
MemManage_Handler                                 FLASH_RUN/startup_stm32f10x_hd_mthomas.o
NMI_Handler                                       FLASH_RUN/startup_stm32f10x_hd_mthomas.o
NVIC_Configuration                                FLASH_RUN/hwinit.o
NVIC_Init                                         FLASH_RUN/misc.o
                                                  FLASH_RUN/pwmcapture.o
NVIC_PriorityGroupConfig                          FLASH_RUN/misc.o
NVIC_SetVectorTable                               FLASH_RUN/misc.o
                                                  FLASH_RUN/hwinit.o
NVIC_SystemLPConfig                               FLASH_RUN/misc.o
PVD_IRQHandler                                    FLASH_RUN/startup_stm32f10x_hd_mthomas.o
PWR_BackupAccessCmd                               FLASH_RUN/stm32f10x_pwr.o
PWR_ClearFlag                                     FLASH_RUN/stm32f10x_pwr.o
PWR_DeInit                                        FLASH_RUN/stm32f10x_pwr.o
PWR_EnterSTANDBYMode                              FLASH_RUN/stm32f10x_pwr.o
PWR_EnterSTOPMode                                 FLASH_RUN/stm32f10x_pwr.o
PWR_GetFlagStatus                                 FLASH_RUN/stm32f10x_pwr.o
PWR_PVDCmd                                        FLASH_RUN/stm32f10x_pwr.o
PWR_PVDLevelConfig                                FLASH_RUN/stm32f10x_pwr.o
PWR_WakeUpPinCmd                                  FLASH_RUN/stm32f10x_pwr.o
RCC_ADCCLKConfig                                  FLASH_RUN/stm32f10x_rcc.o
                                                  FLASH_RUN/adc.o
RCC_AHBPeriphClockCmd                             FLASH_RUN/stm32f10x_rcc.o
                                                  FLASH_RUN/adc.o
RCC_APB1PeriphClockCmd                            FLASH_RUN/stm32f10x_rcc.o
RCC_APB1PeriphResetCmd                            FLASH_RUN/stm32f10x_rcc.o
                                                  FLASH_RUN/stm32f10x_tim.o
                                                  FLASH_RUN/stm32f10x_pwr.o
                                                  FLASH_RUN/stm32f10x_spi.o
                                                  FLASH_RUN/stm32f10x_usart.o
RCC_APB2PeriphClockCmd                            FLASH_RUN/stm32f10x_rcc.o
                                                  FLASH_RUN/main.o
                                                  FLASH_RUN/pwmcapture.o
                                                  FLASH_RUN/uart.o
                                                  FLASH_RUN/adc.o
RCC_APB2PeriphResetCmd                            FLASH_RUN/stm32f10x_rcc.o
                                                  FLASH_RUN/stm32f10x_tim.o
                                                  FLASH_RUN/stm32f10x_spi.o
                                                  FLASH_RUN/stm32f10x_gpio.o
                                                  FLASH_RUN/stm32f10x_usart.o
                                                  FLASH_RUN/stm32f10x_adc.o
RCC_AdjustHSICalibrationValue                     FLASH_RUN/stm32f10x_rcc.o
RCC_BackupResetCmd                                FLASH_RUN/stm32f10x_rcc.o
                                                  FLASH_RUN/stm32f10x_bkp.o
RCC_ClearFlag                                     FLASH_RUN/stm32f10x_rcc.o
RCC_ClearITPendingBit                             FLASH_RUN/stm32f10x_rcc.o
RCC_ClockSecuritySystemCmd                        FLASH_RUN/stm32f10x_rcc.o
RCC_Configuration                                 FLASH_RUN/hwinit.o
RCC_DeInit                                        FLASH_RUN/stm32f10x_rcc.o
                                                  FLASH_RUN/hwinit.o
RCC_GetClocksFreq                                 FLASH_RUN/stm32f10x_rcc.o
                                                  FLASH_RUN/stm32f10x_spi.o
                                                  FLASH_RUN/stm32f10x_usart.o
RCC_GetFlagStatus                                 FLASH_RUN/stm32f10x_rcc.o
                                                  FLASH_RUN/hwinit.o
RCC_GetITStatus                                   FLASH_RUN/stm32f10x_rcc.o
RCC_GetSYSCLKSource                               FLASH_RUN/stm32f10x_rcc.o
                                                  FLASH_RUN/hwinit.o
RCC_HCLKConfig                                    FLASH_RUN/stm32f10x_rcc.o
                                                  FLASH_RUN/hwinit.o
RCC_HSEConfig                                     FLASH_RUN/stm32f10x_rcc.o
                                                  FLASH_RUN/hwinit.o
RCC_HSICmd                                        FLASH_RUN/stm32f10x_rcc.o
RCC_IRQHandler                                    FLASH_RUN/startup_stm32f10x_hd_mthomas.o
RCC_ITConfig                                      FLASH_RUN/stm32f10x_rcc.o
RCC_LSEConfig                                     FLASH_RUN/stm32f10x_rcc.o
RCC_LSICmd                                        FLASH_RUN/stm32f10x_rcc.o
RCC_MCOConfig                                     FLASH_RUN/stm32f10x_rcc.o
RCC_PCLK1Config                                   FLASH_RUN/stm32f10x_rcc.o
                                                  FLASH_RUN/hwinit.o
RCC_PCLK2Config                                   FLASH_RUN/stm32f10x_rcc.o
                                                  FLASH_RUN/hwinit.o
RCC_PLLCmd                                        FLASH_RUN/stm32f10x_rcc.o
                                                  FLASH_RUN/hwinit.o
RCC_PLLConfig                                     FLASH_RUN/stm32f10x_rcc.o
                                                  FLASH_RUN/hwinit.o
RCC_RTCCLKCmd                                     FLASH_RUN/stm32f10x_rcc.o
RCC_RTCCLKConfig                                  FLASH_RUN/stm32f10x_rcc.o
RCC_SYSCLKConfig                                  FLASH_RUN/stm32f10x_rcc.o
                                                  FLASH_RUN/hwinit.o
RCC_USBCLKConfig                                  FLASH_RUN/stm32f10x_rcc.o
RCC_WaitForHSEStartUp                             FLASH_RUN/stm32f10x_rcc.o
                                                  FLASH_RUN/hwinit.o
RTCAlarm_IRQHandler                               FLASH_RUN/startup_stm32f10x_hd_mthomas.o
RTC_ClearFlag                                     FLASH_RUN/stm32f10x_rtc.o
RTC_ClearITPendingBit                             FLASH_RUN/stm32f10x_rtc.o
RTC_EnterConfigMode                               FLASH_RUN/stm32f10x_rtc.o
RTC_ExitConfigMode                                FLASH_RUN/stm32f10x_rtc.o
RTC_GetCounter                                    FLASH_RUN/stm32f10x_rtc.o
RTC_GetDivider                                    FLASH_RUN/stm32f10x_rtc.o
RTC_GetFlagStatus                                 FLASH_RUN/stm32f10x_rtc.o
RTC_GetITStatus                                   FLASH_RUN/stm32f10x_rtc.o
RTC_IRQHandler                                    FLASH_RUN/startup_stm32f10x_hd_mthomas.o
RTC_ITConfig                                      FLASH_RUN/stm32f10x_rtc.o
RTC_SetAlarm                                      FLASH_RUN/stm32f10x_rtc.o
RTC_SetCounter                                    FLASH_RUN/stm32f10x_rtc.o
RTC_SetPrescaler                                  FLASH_RUN/stm32f10x_rtc.o
RTC_WaitForLastTask                               FLASH_RUN/stm32f10x_rtc.o
RTC_WaitForSynchro                                FLASH_RUN/stm32f10x_rtc.o
Reset_Handler                                     FLASH_RUN/startup_stm32f10x_hd_mthomas.o
SDIO_IRQHandler                                   FLASH_RUN/startup_stm32f10x_hd_mthomas.o
SPI1_IRQHandler                                   FLASH_RUN/startup_stm32f10x_hd_mthomas.o
SPI2_IRQHandler                                   FLASH_RUN/startup_stm32f10x_hd_mthomas.o
SPI3_IRQHandler                                   FLASH_RUN/startup_stm32f10x_hd_mthomas.o
SPI_BiDirectionalLineConfig                       FLASH_RUN/stm32f10x_spi.o
SPI_CalculateCRC                                  FLASH_RUN/stm32f10x_spi.o
SPI_Cmd                                           FLASH_RUN/stm32f10x_spi.o
SPI_DataSizeConfig                                FLASH_RUN/stm32f10x_spi.o
SPI_GetCRC                                        FLASH_RUN/stm32f10x_spi.o
SPI_GetCRCPolynomial                              FLASH_RUN/stm32f10x_spi.o
SPI_I2S_ClearFlag                                 FLASH_RUN/stm32f10x_spi.o
SPI_I2S_ClearITPendingBit                         FLASH_RUN/stm32f10x_spi.o
SPI_I2S_DMACmd                                    FLASH_RUN/stm32f10x_spi.o
SPI_I2S_DeInit                                    FLASH_RUN/stm32f10x_spi.o
SPI_I2S_GetFlagStatus                             FLASH_RUN/stm32f10x_spi.o
SPI_I2S_GetITStatus                               FLASH_RUN/stm32f10x_spi.o
SPI_I2S_ITConfig                                  FLASH_RUN/stm32f10x_spi.o
SPI_I2S_ReceiveData                               FLASH_RUN/stm32f10x_spi.o
SPI_I2S_SendData                                  FLASH_RUN/stm32f10x_spi.o
SPI_Init                                          FLASH_RUN/stm32f10x_spi.o
SPI_NSSInternalSoftwareConfig                     FLASH_RUN/stm32f10x_spi.o
SPI_SSOutputCmd                                   FLASH_RUN/stm32f10x_spi.o
SPI_StructInit                                    FLASH_RUN/stm32f10x_spi.o
SPI_TransmitCRC                                   FLASH_RUN/stm32f10x_spi.o
SysTick_CLKSourceConfig                           FLASH_RUN/misc.o
T1                                                FLASH_RUN/rs485.o
T2                                                FLASH_RUN/rs485.o
TAMPER_IRQHandler                                 FLASH_RUN/startup_stm32f10x_hd_mthomas.o
TIM1_BRK_IRQHandler                               FLASH_RUN/startup_stm32f10x_hd_mthomas.o
TIM1_CC_IRQHandler                                FLASH_RUN/startup_stm32f10x_hd_mthomas.o
TIM1_TRG_COM_IRQHandler                           FLASH_RUN/startup_stm32f10x_hd_mthomas.o
TIM1_UP_IRQHandler                                FLASH_RUN/startup_stm32f10x_hd_mthomas.o
TIM2_IRQHandler                                   FLASH_RUN/startup_stm32f10x_hd_mthomas.o
TIM3_IRQHandler                                   FLASH_RUN/startup_stm32f10x_hd_mthomas.o
TIM4_IRQHandler                                   FLASH_RUN/startup_stm32f10x_hd_mthomas.o
TIM5_IRQHandler                                   FLASH_RUN/startup_stm32f10x_hd_mthomas.o
TIM6_IRQHandler                                   FLASH_RUN/startup_stm32f10x_hd_mthomas.o
TIM7_IRQHandler                                   FLASH_RUN/startup_stm32f10x_hd_mthomas.o
TIM8_BRK_IRQHandler                               FLASH_RUN/startup_stm32f10x_hd_mthomas.o
TIM8_CC_IRQHandler                                FLASH_RUN/pwmcapture.o
                                                  FLASH_RUN/startup_stm32f10x_hd_mthomas.o
TIM8_TRG_COM_IRQHandler                           FLASH_RUN/startup_stm32f10x_hd_mthomas.o
TIM8_UP_IRQHandler                                FLASH_RUN/startup_stm32f10x_hd_mthomas.o
TIM_ARRPreloadConfig                              FLASH_RUN/stm32f10x_tim.o
TIM_BDTRConfig                                    FLASH_RUN/stm32f10x_tim.o
TIM_BDTRStructInit                                FLASH_RUN/stm32f10x_tim.o
TIM_CCPreloadControl                              FLASH_RUN/stm32f10x_tim.o
TIM_CCxCmd                                        FLASH_RUN/stm32f10x_tim.o
TIM_CCxNCmd                                       FLASH_RUN/stm32f10x_tim.o
TIM_ClearFlag                                     FLASH_RUN/stm32f10x_tim.o
TIM_ClearITPendingBit                             FLASH_RUN/stm32f10x_tim.o
                                                  FLASH_RUN/pwmcapture.o
TIM_ClearOC1Ref                                   FLASH_RUN/stm32f10x_tim.o
TIM_ClearOC2Ref                                   FLASH_RUN/stm32f10x_tim.o
TIM_ClearOC3Ref                                   FLASH_RUN/stm32f10x_tim.o
TIM_ClearOC4Ref                                   FLASH_RUN/stm32f10x_tim.o
TIM_Cmd                                           FLASH_RUN/stm32f10x_tim.o
                                                  FLASH_RUN/pwmcapture.o
TIM_CounterModeConfig                             FLASH_RUN/stm32f10x_tim.o
TIM_CtrlPWMOutputs                                FLASH_RUN/stm32f10x_tim.o
TIM_DMACmd                                        FLASH_RUN/stm32f10x_tim.o
TIM_DMAConfig                                     FLASH_RUN/stm32f10x_tim.o
TIM_DeInit                                        FLASH_RUN/stm32f10x_tim.o
TIM_ETRClockMode1Config                           FLASH_RUN/stm32f10x_tim.o
TIM_ETRClockMode2Config                           FLASH_RUN/stm32f10x_tim.o
TIM_ETRConfig                                     FLASH_RUN/stm32f10x_tim.o
TIM_EncoderInterfaceConfig                        FLASH_RUN/stm32f10x_tim.o
TIM_ForcedOC1Config                               FLASH_RUN/stm32f10x_tim.o
TIM_ForcedOC2Config                               FLASH_RUN/stm32f10x_tim.o
TIM_ForcedOC3Config                               FLASH_RUN/stm32f10x_tim.o
TIM_ForcedOC4Config                               FLASH_RUN/stm32f10x_tim.o
TIM_GenerateEvent                                 FLASH_RUN/stm32f10x_tim.o
TIM_GetCapture1                                   FLASH_RUN/stm32f10x_tim.o
TIM_GetCapture2                                   FLASH_RUN/stm32f10x_tim.o
TIM_GetCapture3                                   FLASH_RUN/stm32f10x_tim.o
                                                  FLASH_RUN/pwmcapture.o
TIM_GetCapture4                                   FLASH_RUN/stm32f10x_tim.o
                                                  FLASH_RUN/pwmcapture.o
TIM_GetCounter                                    FLASH_RUN/stm32f10x_tim.o
TIM_GetFlagStatus                                 FLASH_RUN/stm32f10x_tim.o
TIM_GetITStatus                                   FLASH_RUN/stm32f10x_tim.o
                                                  FLASH_RUN/pwmcapture.o
TIM_GetPrescaler                                  FLASH_RUN/stm32f10x_tim.o
TIM_ICInit                                        FLASH_RUN/stm32f10x_tim.o
                                                  FLASH_RUN/pwmcapture.o
TIM_ICStructInit                                  FLASH_RUN/stm32f10x_tim.o
TIM_ITConfig                                      FLASH_RUN/stm32f10x_tim.o
                                                  FLASH_RUN/pwmcapture.o
TIM_ITRxExternalClockConfig                       FLASH_RUN/stm32f10x_tim.o
TIM_InternalClockConfig                           FLASH_RUN/stm32f10x_tim.o
TIM_OC1FastConfig                                 FLASH_RUN/stm32f10x_tim.o
TIM_OC1Init                                       FLASH_RUN/stm32f10x_tim.o
TIM_OC1NPolarityConfig                            FLASH_RUN/stm32f10x_tim.o
TIM_OC1PolarityConfig                             FLASH_RUN/stm32f10x_tim.o
TIM_OC1PreloadConfig                              FLASH_RUN/stm32f10x_tim.o
TIM_OC2FastConfig                                 FLASH_RUN/stm32f10x_tim.o
TIM_OC2Init                                       FLASH_RUN/stm32f10x_tim.o
TIM_OC2NPolarityConfig                            FLASH_RUN/stm32f10x_tim.o
TIM_OC2PolarityConfig                             FLASH_RUN/stm32f10x_tim.o
TIM_OC2PreloadConfig                              FLASH_RUN/stm32f10x_tim.o
TIM_OC3FastConfig                                 FLASH_RUN/stm32f10x_tim.o
TIM_OC3Init                                       FLASH_RUN/stm32f10x_tim.o
TIM_OC3NPolarityConfig                            FLASH_RUN/stm32f10x_tim.o
TIM_OC3PolarityConfig                             FLASH_RUN/stm32f10x_tim.o
TIM_OC3PreloadConfig                              FLASH_RUN/stm32f10x_tim.o
TIM_OC4FastConfig                                 FLASH_RUN/stm32f10x_tim.o
TIM_OC4Init                                       FLASH_RUN/stm32f10x_tim.o
TIM_OC4PolarityConfig                             FLASH_RUN/stm32f10x_tim.o
TIM_OC4PreloadConfig                              FLASH_RUN/stm32f10x_tim.o
TIM_OCStructInit                                  FLASH_RUN/stm32f10x_tim.o
TIM_PWMIConfig                                    FLASH_RUN/stm32f10x_tim.o
TIM_PrescalerConfig                               FLASH_RUN/stm32f10x_tim.o
TIM_SelectCCDMA                                   FLASH_RUN/stm32f10x_tim.o
TIM_SelectCOM                                     FLASH_RUN/stm32f10x_tim.o
TIM_SelectHallSensor                              FLASH_RUN/stm32f10x_tim.o
TIM_SelectInputTrigger                            FLASH_RUN/stm32f10x_tim.o
TIM_SelectMasterSlaveMode                         FLASH_RUN/stm32f10x_tim.o
TIM_SelectOCxM                                    FLASH_RUN/stm32f10x_tim.o
TIM_SelectOnePulseMode                            FLASH_RUN/stm32f10x_tim.o
TIM_SelectOutputTrigger                           FLASH_RUN/stm32f10x_tim.o
TIM_SelectSlaveMode                               FLASH_RUN/stm32f10x_tim.o
TIM_SetAutoreload                                 FLASH_RUN/stm32f10x_tim.o
TIM_SetClockDivision                              FLASH_RUN/stm32f10x_tim.o
TIM_SetCompare1                                   FLASH_RUN/stm32f10x_tim.o
TIM_SetCompare2                                   FLASH_RUN/stm32f10x_tim.o
TIM_SetCompare3                                   FLASH_RUN/stm32f10x_tim.o
TIM_SetCompare4                                   FLASH_RUN/stm32f10x_tim.o
TIM_SetCounter                                    FLASH_RUN/stm32f10x_tim.o
TIM_SetIC1Prescaler                               FLASH_RUN/stm32f10x_tim.o
TIM_SetIC2Prescaler                               FLASH_RUN/stm32f10x_tim.o
TIM_SetIC3Prescaler                               FLASH_RUN/stm32f10x_tim.o
TIM_SetIC4Prescaler                               FLASH_RUN/stm32f10x_tim.o
TIM_TIxExternalClockConfig                        FLASH_RUN/stm32f10x_tim.o
TIM_TimeBaseInit                                  FLASH_RUN/stm32f10x_tim.o
                                                  FLASH_RUN/pwmcapture.o
TIM_TimeBaseStructInit                            FLASH_RUN/stm32f10x_tim.o
TIM_UpdateDisableConfig                           FLASH_RUN/stm32f10x_tim.o
TIM_UpdateRequestConfig                           FLASH_RUN/stm32f10x_tim.o
UART4_IRQHandler                                  FLASH_RUN/startup_stm32f10x_hd_mthomas.o
UART5_IRQHandler                                  FLASH_RUN/startup_stm32f10x_hd_mthomas.o
USART1_IRQHandler                                 FLASH_RUN/uart.o
                                                  FLASH_RUN/startup_stm32f10x_hd_mthomas.o
USART2_IRQHandler                                 FLASH_RUN/startup_stm32f10x_hd_mthomas.o
USART3_IRQHandler                                 FLASH_RUN/startup_stm32f10x_hd_mthomas.o
USART_ClearFlag                                   FLASH_RUN/stm32f10x_usart.o
USART_ClearITPendingBit                           FLASH_RUN/stm32f10x_usart.o
USART_ClockInit                                   FLASH_RUN/stm32f10x_usart.o
USART_ClockStructInit                             FLASH_RUN/stm32f10x_usart.o
USART_Cmd                                         FLASH_RUN/stm32f10x_usart.o
                                                  FLASH_RUN/uart.o
USART_DMACmd                                      FLASH_RUN/stm32f10x_usart.o
                                                  FLASH_RUN/uart.o
USART_DeInit                                      FLASH_RUN/stm32f10x_usart.o
USART_GetFlagStatus                               FLASH_RUN/stm32f10x_usart.o
USART_GetITStatus                                 FLASH_RUN/stm32f10x_usart.o
USART_HalfDuplexCmd                               FLASH_RUN/stm32f10x_usart.o
USART_ITConfig                                    FLASH_RUN/stm32f10x_usart.o
                                                  FLASH_RUN/uart.o
USART_Init                                        FLASH_RUN/stm32f10x_usart.o
                                                  FLASH_RUN/uart.o
USART_InitStructure                               FLASH_RUN/rs485.o
USART_IrDACmd                                     FLASH_RUN/stm32f10x_usart.o
USART_IrDAConfig                                  FLASH_RUN/stm32f10x_usart.o
USART_LINBreakDetectLengthConfig                  FLASH_RUN/stm32f10x_usart.o
USART_LINCmd                                      FLASH_RUN/stm32f10x_usart.o
USART_ReceiveData                                 FLASH_RUN/stm32f10x_usart.o
USART_ReceiverWakeUpCmd                           FLASH_RUN/stm32f10x_usart.o
USART_SendBreak                                   FLASH_RUN/stm32f10x_usart.o
USART_SendData                                    FLASH_RUN/stm32f10x_usart.o
USART_SetAddress                                  FLASH_RUN/stm32f10x_usart.o
USART_SetGuardTime                                FLASH_RUN/stm32f10x_usart.o
USART_SetPrescaler                                FLASH_RUN/stm32f10x_usart.o
USART_SmartCardCmd                                FLASH_RUN/stm32f10x_usart.o
USART_SmartCardNACKCmd                            FLASH_RUN/stm32f10x_usart.o
USART_StructInit                                  FLASH_RUN/stm32f10x_usart.o
USART_WakeUpConfig                                FLASH_RUN/stm32f10x_usart.o
USBWakeUp_IRQHandler                              FLASH_RUN/startup_stm32f10x_hd_mthomas.o
USB_HP_CAN1_TX_IRQHandler                         FLASH_RUN/startup_stm32f10x_hd_mthomas.o
USB_LP_CAN1_RX0_IRQHandler                        FLASH_RUN/startup_stm32f10x_hd_mthomas.o
UsageFault_Handler                                FLASH_RUN/startup_stm32f10x_hd_mthomas.o
WWDG_IRQHandler                                   FLASH_RUN/startup_stm32f10x_hd_mthomas.o
__Init_Data                                       FLASH_RUN/startup_stm32f10x_hd_mthomas.o
__LDREXB                                          FLASH_RUN/core_cm3.o
__LDREXH                                          FLASH_RUN/core_cm3.o
__LDREXW                                          FLASH_RUN/core_cm3.o
__RBIT                                            FLASH_RUN/core_cm3.o
__REV                                             FLASH_RUN/core_cm3.o
__REV16                                           FLASH_RUN/core_cm3.o
__REVSH                                           FLASH_RUN/core_cm3.o
__STREXB                                          FLASH_RUN/core_cm3.o
__STREXH                                          FLASH_RUN/core_cm3.o
__STREXW                                          FLASH_RUN/core_cm3.o
__errno                                           /home/baron/tools/sourcery/bin/../lib/gcc/arm-none-eabi/4.4.1/../../../../arm-none-eabi/lib/thumb2/libc.a(lib_a-errno.o)
                                                  FLASH_RUN/syscalls.o
__get_BASEPRI                                     FLASH_RUN/core_cm3.o
__get_CONTROL                                     FLASH_RUN/core_cm3.o
__get_FAULTMASK                                   FLASH_RUN/core_cm3.o
__get_MSP                                         FLASH_RUN/core_cm3.o
__get_PRIMASK                                     FLASH_RUN/core_cm3.o
__get_PSP                                         FLASH_RUN/core_cm3.o
__set_BASEPRI                                     FLASH_RUN/core_cm3.o
__set_CONTROL                                     FLASH_RUN/core_cm3.o
__set_FAULTMASK                                   FLASH_RUN/core_cm3.o
__set_MSP                                         FLASH_RUN/core_cm3.o
__set_PRIMASK                                     FLASH_RUN/core_cm3.o
__set_PSP                                         FLASH_RUN/core_cm3.o
__sf_fake_stderr                                  /home/baron/tools/sourcery/bin/../lib/gcc/arm-none-eabi/4.4.1/../../../../arm-none-eabi/lib/thumb2/libc.a(lib_a-impure.o)
__sf_fake_stdin                                   /home/baron/tools/sourcery/bin/../lib/gcc/arm-none-eabi/4.4.1/../../../../arm-none-eabi/lib/thumb2/libc.a(lib_a-impure.o)
__sf_fake_stdout                                  /home/baron/tools/sourcery/bin/../lib/gcc/arm-none-eabi/4.4.1/../../../../arm-none-eabi/lib/thumb2/libc.a(lib_a-impure.o)
_close_r                                          FLASH_RUN/syscalls.o
_ebss                                             FLASH_RUN/startup_stm32f10x_hd_mthomas.o
_edata                                            FLASH_RUN/startup_stm32f10x_hd_mthomas.o
_estack                                           FLASH_RUN/startup_stm32f10x_hd_mthomas.o
_fstat_r                                          FLASH_RUN/syscalls.o
_global_impure_ptr                                /home/baron/tools/sourcery/bin/../lib/gcc/arm-none-eabi/4.4.1/../../../../arm-none-eabi/lib/thumb2/libc.a(lib_a-impure.o)
_impure_ptr                                       /home/baron/tools/sourcery/bin/../lib/gcc/arm-none-eabi/4.4.1/../../../../arm-none-eabi/lib/thumb2/libc.a(lib_a-impure.o)
                                                  /home/baron/tools/sourcery/bin/../lib/gcc/arm-none-eabi/4.4.1/../../../../arm-none-eabi/lib/thumb2/libc.a(lib_a-errno.o)
_isatty_r                                         FLASH_RUN/syscalls.o
_isr_vectorsram_offs                              FLASH_RUN/hwinit.o
_lseek_r                                          FLASH_RUN/syscalls.o
_read_r                                           FLASH_RUN/syscalls.o
_sbrk_r                                           FLASH_RUN/syscalls.o
_sbss                                             FLASH_RUN/startup_stm32f10x_hd_mthomas.o
_sdata                                            FLASH_RUN/startup_stm32f10x_hd_mthomas.o
_sidata                                           FLASH_RUN/startup_stm32f10x_hd_mthomas.o
_write_r                                          FLASH_RUN/syscalls.o
adca                                              FLASH_RUN/adc.o
adcb                                              FLASH_RUN/adc.o
cntT1                                             FLASH_RUN/rs485.o
cntT2                                             FLASH_RUN/rs485.o
end                                               FLASH_RUN/syscalls.o
g_pfnVectors                                      FLASH_RUN/startup_stm32f10x_hd_mthomas.o
g_pfnVectorsStartup                               FLASH_RUN/startup_stm32f10x_hd_mthomas.o
hwInit                                            FLASH_RUN/hwinit.o
                                                  FLASH_RUN/main.o
isatty                                            FLASH_RUN/syscalls.o
main                                              FLASH_RUN/main.o
                                                  FLASH_RUN/startup_stm32f10x_hd_mthomas.o
memcpy                                            /home/baron/tools/sourcery/bin/../lib/gcc/arm-none-eabi/4.4.1/../../../../arm-none-eabi/lib/thumb2/libc.a(lib_a-memcpy.o)
                                                  FLASH_RUN/queue.o
memset                                            /home/baron/tools/sourcery/bin/../lib/gcc/arm-none-eabi/4.4.1/../../../../arm-none-eabi/lib/thumb2/libc.a(lib_a-memset.o)
                                                  FLASH_RUN/tasks.o